
      a      b      c      d      e      f      g      h     

   [48;2;129;137;137m       [0m[48;2;88;41;0m       [0m[48;2;129;137;137m       [0m[48;2;88;41;0m       [0m[48;2;129;137;137m       [0m[48;2;88;41;0m       [0m[48;2;129;137;137m       [0m[48;2;88;41;0m       [0m
8  [48;2;129;137;137m   [30m♜[0m[48;2;129;137;137m   [0m[48;2;88;41;0m   [30m♞[0m[48;2;88;41;0m   [0m[48;2;129;137;137m   [30m♝[0m[48;2;129;137;137m   [0m[48;2;88;41;0m   [30m♛[0m[48;2;88;41;0m   [0m[48;2;129;137;137m   [30m♚[0m[48;2;129;137;137m   [0m[48;2;88;41;0m   [30m♝[0m[48;2;88;41;0m   [0m[48;2;129;137;137m   [30m♞[0m[48;2;129;137;137m   [0m[48;2;88;41;0m   [30m♜[0m[48;2;88;41;0m   [0m
   [48;2;129;137;137m       [0m[48;2;88;41;0m       [0m[48;2;129;137;137m       [0m[48;2;88;41;0m       [0m[48;2;129;137;137m       [0m[48;2;88;41;0m       [0m[48;2;129;137;137m       [0m[48;2;88;41;0m       [0m
   [48;2;88;41;0m       [0m[48;2;129;137;137m       [0m[48;2;88;41;0m       [0m[48;2;129;137;137m       [0m[48;2;88;41;0m       [0m[48;2;129;137;137m       [0m[48;2;88;41;0m       [0m[48;2;129;137;137m       [0m
7  [48;2;88;41;0m   [30m♟[0m[48;2;88;41;0m   [0m[48;2;129;137;137m   [30m♟[0m[48;2;129;137;137m   [0m[48;2;88;41;0m   [30m♟[0m[48;2;88;41;0m   [0m[48;2;129;137;137m   [30m♟[0m[48;2;129;137;137m   [0m[48;2;88;41;0m   [30m♟[0m[48;2;88;41;0m   [0m[48;2;129;137;137m   [30m♟[0m[48;2;129;137;137m   [0m[48;2;88;41;0m   [30m♟[0m[48;2;88;41;0m   [0m[48;2;129;137;137m   [30m♟[0m[48;2;129;137;137m   [0m
   [48;2;88;41;0m       [0m[48;2;129;137;137m       [0m[48;2;88;41;0m       [0m[48;2;129;137;137m       [0m[48;2;88;41;0m       [0m[48;2;129;137;137m       [0m[48;2;88;41;0m       [0m[48;2;129;137;137m       [0m
   [48;2;129;137;137m       [0m[48;2;88;41;0m       [0m[48;2;129;137;137m       [0m[48;2;88;41;0m       [0m[48;2;129;137;137m       [0m[48;2;88;41;0m       [0m[48;2;129;137;137m       [0m[48;2;88;41;0m       [0m
6  [48;2;129;137;137m       [0m[48;2;88;41;0m       [0m[48;2;129;137;137m       [0m[48;2;88;41;0m       [0m[48;2;129;137;137m       [0m[48;2;88;41;0m       [0m[48;2;129;137;137m       [0m[48;2;88;41;0m       [0m
   [48;2;129;137;137m       [0m[48;2;88;41;0m       [0m[48;2;129;137;137m       [0m[48;2;88;41;0m       [0m[48;2;129;137;137m       [0m[48;2;88;41;0m       [0m[48;2;129;137;137m       [0m[48;2;88;41;0m       [0m
   [48;2;88;41;0m       [0m[48;2;129;137;137m       [0m[48;2;88;41;0m       [0m[48;2;129;137;137m       [0m[48;2;88;41;0m       [0m[48;2;129;137;137m       [0m[48;2;88;41;0m       [0m[48;2;129;137;137m       [0m
5  [48;2;88;41;0m       [0m[48;2;129;137;137m       [0m[48;2;88;41;0m       [0m[48;2;129;137;137m       [0m[48;2;88;41;0m       [0m[48;2;129;137;137m       [0m[48;2;88;41;0m       [0m[48;2;129;137;137m       [0m
   [48;2;88;41;0m       [0m[48;2;129;137;137m       [0m[48;2;88;41;0m       [0m[48;2;129;137;137m       [0m[48;2;88;41;0m       [0m[48;2;129;137;137m       [0m[48;2;88;41;0m       [0m[48;2;129;137;137m       [0m
   [48;2;129;137;137m       [0m[48;2;88;41;0m       [0m[48;2;129;137;137m       [0m[48;2;88;41;0m       [0m[48;2;129;137;137m       [0m[48;2;88;41;0m       [0m[48;2;129;137;137m       [0m[48;2;88;41;0m       [0m
4  [48;2;129;137;137m       [0m[48;2;88;41;0m       [0m[48;2;129;137;137m       [0m[48;2;88;41;0m       [0m[48;2;129;137;137m       [0m[48;2;88;41;0m       [0m[48;2;129;137;137m       [0m[48;2;88;41;0m       [0m
   [48;2;129;137;137m       [0m[48;2;88;41;0m       [0m[48;2;129;137;137m       [0m[48;2;88;41;0m       [0m[48;2;129;137;137m       [0m[48;2;88;41;0m       [0m[48;2;129;137;137m       [0m[48;2;88;41;0m       [0m
   [48;2;88;41;0m       [0m[48;2;129;137;137m       [0m[48;2;88;41;0m       [0m[48;2;129;137;137m       [0m[48;2;88;41;0m       [0m[48;2;129;137;137m       [0m[48;2;88;41;0m       [0m[48;2;129;137;137m       [0m
3  [48;2;88;41;0m       [0m[48;2;129;137;137m       [0m[48;2;88;41;0m       [0m[48;2;129;137;137m       [0m[48;2;88;41;0m       [0m[48;2;129;137;137m       [0m[48;2;88;41;0m       [0m[48;2;129;137;137m       [0m
   [48;2;88;41;0m       [0m[48;2;129;137;137m       [0m[48;2;88;41;0m       [0m[48;2;129;137;137m       [0m[48;2;88;41;0m       [0m[48;2;129;137;137m       [0m[48;2;88;41;0m       [0m[48;2;129;137;137m       [0m
   [48;2;129;137;137m       [0m[48;2;88;41;0m       [0m[48;2;129;137;137m       [0m[48;2;88;41;0m       [0m[48;2;129;137;137m       [0m[48;2;88;41;0m       [0m[48;2;129;137;137m       [0m[48;2;88;41;0m       [0m
2  [48;2;129;137;137m   ♟   [0m[48;2;88;41;0m   ♟   [0m[48;2;129;137;137m   ♟   [0m[48;2;88;41;0m   ♟   [0m[48;2;129;137;137m   ♟   [0m[48;2;88;41;0m   ♟   [0m[48;2;129;137;137m   ♟   [0m[48;2;88;41;0m   ♟   [0m
   [48;2;129;137;137m       [0m[48;2;88;41;0m       [0m[48;2;129;137;137m       [0m[48;2;88;41;0m       [0m[48;2;129;137;137m       [0m[48;2;88;41;0m       [0m[48;2;129;137;137m       [0m[48;2;88;41;0m       [0m
   [48;2;88;41;0m       [0m[48;2;129;137;137m       [0m[48;2;88;41;0m       [0m[48;2;129;137;137m       [0m[48;2;88;41;0m       [0m[48;2;129;137;137m       [0m[48;2;88;41;0m       [0m[48;2;129;137;137m       [0m
1  [48;2;88;41;0m   ♜   [0m[48;2;129;137;137m   ♞   [0m[48;2;88;41;0m   ♝   [0m[48;2;129;137;137m   ♛   [0m[48;2;88;41;0m   ♚   [0m[48;2;129;137;137m   ♝   [0m[48;2;88;41;0m   ♞   [0m[48;2;129;137;137m   ♜   [0m
   [48;2;88;41;0m       [0m[48;2;129;137;137m       [0m[48;2;88;41;0m       [0m[48;2;129;137;137m       [0m[48;2;88;41;0m       [0m[48;2;129;137;137m       [0m[48;2;88;41;0m       [0m[48;2;129;137;137m       [0m

Exemple de coup : a1a8
Coup Blanc : Coup Blanc : Coup Blanc : Coup Blanc : Coup Blanc : Coup Blanc : Coup Blanc : Coup Blanc : Coup Blanc : Coup Blanc : Coup Blanc : Coup Blanc : Coup Blanc : Coup Blanc : Coup Blanc : Coup Blanc : Coup Blanc : Coup Blanc : Coup Blanc : Coup Blanc : Coup Blanc : Coup Blanc : Coup Blanc : Coup Blanc : Coup Blanc : Coup Blanc : Coup Blanc : Coup Blanc : Coup Blanc : Coup Blanc : Coup Blanc : Coup Blanc : Coup Blanc : Coup Blanc : Coup Blanc : Coup Blanc : Coup Blanc : Coup Blanc : Coup Blanc : Coup Blanc : Coup Blanc : Coup Blanc : Coup Blanc : Coup Blanc : Coup Blanc : Coup Blanc : Coup Blanc : Coup Blanc : Coup Blanc : Coup Blanc : Coup Blanc : Coup Blanc : Coup Blanc : Coup Blanc : Coup Blanc : Coup Blanc : Coup Blanc : Coup Blanc : Coup Blanc : Coup Blanc : Coup Blanc : Coup Blanc : Coup Blanc : Coup Blanc : Coup Blanc : Coup Blanc : Coup Blanc : Coup Blanc : Coup Blanc : Coup Blanc : Coup Blanc : Coup Blanc : Coup Blanc : Coup Blanc : Coup Blanc : Coup Blanc : Coup Blanc : Coup Blanc : Coup Blanc : Coup Blanc : Coup Blanc : Coup Blanc : Coup Blanc : Coup Blanc : Coup Blanc : Coup Blanc : Coup Blanc : Coup Blanc : Coup Blanc : Coup Blanc : Coup Blanc : Coup Blanc : Coup Blanc : Coup Blanc : Coup Blanc : Coup Blanc : Coup Blanc : Coup Blanc : Coup Blanc : Coup Blanc : Coup Blanc : Coup Blanc : Coup Blanc : Coup Blanc : Coup Blanc : Coup Blanc : Coup Blanc : Coup Blanc : Coup Blanc : Coup Blanc : Coup Blanc : Coup Blanc : Coup Blanc : Coup Blanc : Coup Blanc : Coup Blanc : Coup Blanc : Coup Blanc : Coup Blanc : Coup Blanc : Coup Blanc : Coup Blanc : Coup Blanc : Coup Blanc : Coup Blanc : Coup Blanc : Coup Blanc : Coup Blanc : Coup Blanc : Coup Blanc : Coup Blanc : Coup Blanc : Coup Blanc : Coup Blanc : Coup Blanc : Coup Blanc : Coup Blanc : Coup Blanc : Coup Blanc : Coup Blanc : Coup Blanc : Coup Blanc : Coup Blanc : Coup Blanc : Coup Blanc : Coup Blanc : Coup Blanc : Coup Blanc : Coup Blanc : Coup Blanc : Coup Blanc : Coup Blanc : Coup Blanc : Coup Blanc : Coup Blanc : Coup Blanc : Coup Blanc : Coup Blanc : Coup Blanc : Coup Blanc : Coup Blanc : Coup Blanc : Coup Blanc : Coup Blanc : Coup Blanc : Coup Blanc : Coup Blanc : Coup Blanc : Coup Blanc : Coup Blanc : Coup Blanc : Coup Blanc : Coup Blanc : Coup Blanc : Coup Blanc : Coup Blanc : Coup Blanc : Coup Blanc : Coup Blanc : Coup Blanc : Coup Blanc : Coup Blanc : Coup Blanc : Coup Blanc : Coup Blanc : Coup Blanc : Coup Blanc : Coup Blanc : Coup Blanc : Coup Blanc : Coup Blanc : Coup Blanc : Coup Blanc : Coup Blanc : Coup Blanc : Coup Blanc : Coup Blanc : Coup Blanc : Coup Blanc : Coup Blanc : Coup Blanc : Coup Blanc : Coup Blanc : Coup Blanc : Coup Blanc : Coup Blanc : Coup Blanc : Coup Blanc : Coup Blanc : Coup Blanc : Coup Blanc : Coup Blanc : Coup Blanc : Coup Blanc : Coup Blanc : Coup Blanc : Coup Blanc : Coup Blanc : Coup Blanc : Coup Blanc : Coup Blanc : Coup Blanc : Coup Blanc : Coup Blanc : Coup Blanc : Coup Blanc : Coup Blanc : Coup Blanc : Coup Blanc : Coup Blanc : Coup Blanc : Coup Blanc : Coup Blanc : Coup Blanc : Coup Blanc : Coup Blanc : Coup Blanc : Coup Blanc : Coup Blanc : Coup Blanc : Coup Blanc : Coup Blanc : Coup Blanc : Coup Blanc : Coup Blanc : Coup Blanc : Coup Blanc : Coup Blanc : Coup Blanc : Coup Blanc : Coup Blanc : Coup Blanc : Coup Blanc : Coup Blanc : Coup Blanc : Coup Blanc : Coup Blanc : Coup Blanc : Coup Blanc : Coup Blanc : Coup Blanc : Coup Blanc : Coup Blanc : Coup Blanc : Coup Blanc : Coup Blanc : Coup Blanc : Coup Blanc : Coup Blanc : Coup Blanc : Coup Blanc : Coup Blanc : Coup Blanc : Coup Blanc : Coup Blanc : Coup Blanc : Coup Blanc : Coup Blanc : Coup Blanc : Coup Blanc : Coup Blanc : Coup Blanc : Coup Blanc : Coup Blanc : Coup Blanc : Coup Blanc : Coup Blanc : Coup Blanc : Coup Blanc : Coup Blanc : Coup Blanc : Coup Blanc : Coup Blanc : Coup Blanc : Coup Blanc : Coup Blanc : Coup Blanc : Coup Blanc : Coup Blanc : Coup Blanc : Coup Blanc : Coup Blanc : Coup Blanc : Coup Blanc : Coup Blanc : Coup Blanc : Coup Blanc : Coup Blanc : Coup Blanc : Coup Blanc : Coup Blanc : Coup Blanc : Coup Blanc : Coup Blanc : Coup Blanc : Coup Blanc : Coup Blanc : Coup Blanc : Coup Blanc : Coup Blanc : Coup Blanc : Coup Blanc : Coup Blanc : Coup Blanc : Coup Blanc : Coup Blanc : Coup Blanc : Coup Blanc : Coup Blanc : Coup Blanc : Coup Blanc : Coup Blanc : Coup Blanc : Coup Blanc : Coup Blanc : Coup Blanc : Coup Blanc : Coup Blanc : Coup Blanc : Coup Blanc : Coup Blanc : Coup Blanc : Coup Blanc : Coup Blanc : Coup Blanc : Coup Blanc : Coup Blanc : Coup Blanc : Coup Blanc : Coup Blanc : Coup Blanc : Coup Blanc : Coup Blanc : Coup Blanc : Coup Blanc : Coup Blanc : Coup Blanc : Coup Blanc : Coup Blanc : Coup Blanc : Coup Blanc : Coup Blanc : Coup Blanc : Coup Blanc : Coup Blanc : Coup Blanc : Coup Blanc : Coup Blanc : Coup Blanc : Coup Blanc : Coup Blanc : Coup Blanc : Coup Blanc : Coup Blanc : Coup Blanc : Coup Blanc : Coup Blanc : Coup Blanc : Coup Blanc : Coup Blanc : Coup Blanc : Coup Blanc : Coup Blanc : Coup Blanc : Coup Blanc : Coup Blanc : Coup Blanc : Coup Blanc : Coup Blanc : Coup Blanc : Coup Blanc : Coup Blanc : Coup Blanc : Coup Blanc : Coup Blanc : Coup Blanc : Coup Blanc : Coup Blanc : Coup Blanc : Coup Blanc : Coup Blanc : Coup Blanc : Coup Blanc : Coup Blanc : Coup Blanc : Coup Blanc : Coup Blanc : Coup Blanc : Coup Blanc : Coup Blanc : Coup Blanc : Coup Blanc : Coup Blanc : Coup Blanc : Coup Blanc : Coup Blanc : Coup Blanc : Coup Blanc : Coup Blanc : Coup Blanc : Coup Blanc : Coup Blanc : Coup Blanc : Coup Blanc : Coup Blanc : Coup Blanc : Coup Blanc : Coup Blanc : Coup Blanc : Coup Blanc : Coup Blanc : Coup Blanc : Coup Blanc : Coup Blanc : Coup Blanc : Coup Blanc : Coup Blanc : Coup Blanc : Coup Blanc : Coup Blanc : Coup Blanc : Coup Blanc : Coup Blanc : Coup Blanc : Coup Blanc : Coup Blanc : Coup Blanc : Coup Blanc : Coup Blanc : Coup Blanc : Coup Blanc : Coup Blanc : Coup Blanc : Coup Blanc : Coup Blanc : Coup Blanc : Coup Blanc : Coup Blanc : Coup Blanc : Coup Blanc : Coup Blanc : Coup Blanc : Coup Blanc : Coup Blanc : Coup Blanc : Coup Blanc : Coup Blanc : Coup Blanc : Coup Blanc : Coup Blanc : Coup Blanc : Coup Blanc : Coup Blanc : Coup Blanc : Coup Blanc : Coup Blanc : Coup Blanc : Coup Blanc : Coup Blanc : Coup Blanc : Coup Blanc : Coup Blanc : Coup Blanc : Coup Blanc : Coup Blanc : Coup Blanc : Coup Blanc : Coup Blanc : Coup Blanc : Coup Blanc : Coup Blanc : Coup Blanc : Coup Blanc : Coup Blanc : Coup Blanc : Coup Blanc : Coup Blanc : Coup Blanc : Coup Blanc : Coup Blanc : Coup Blanc : Coup Blanc : Coup Blanc : Coup Blanc : Coup Blanc : Coup Blanc : Coup Blanc : Coup Blanc : Coup Blanc : Coup Blanc : Coup Blanc : Coup Blanc : Coup Blanc : Coup Blanc : Coup Blanc : Coup Blanc : Coup Blanc : Coup Blanc : Coup Blanc : Coup Blanc : Coup Blanc : Coup Blanc : Coup Blanc : Coup Blanc : Coup Blanc : Coup Blanc : Coup Blanc : Coup Blanc : Coup Blanc : Coup Blanc : Coup Blanc : Coup Blanc : Coup Blanc : Coup Blanc : Coup Blanc : Coup Blanc : Coup Blanc : Coup Blanc : Coup Blanc : Coup Blanc : Coup Blanc : Coup Blanc : Coup Blanc : Coup Blanc : Coup Blanc : Coup Blanc : Coup Blanc : Coup Blanc : Coup Blanc : Coup Blanc : Coup Blanc : Coup Blanc : Coup Blanc : Coup Blanc : Coup Blanc : Coup Blanc : Coup Blanc : Coup Blanc : Coup Blanc : Coup Blanc : Coup Blanc : Coup Blanc : Coup Blanc : Coup Blanc : Coup Blanc : Coup Blanc : Coup Blanc : Coup Blanc : Coup Blanc : Coup Blanc : Coup Blanc : Coup Blanc : Coup Blanc : Coup Blanc : Coup Blanc : Coup Blanc : Coup Blanc : Coup Blanc : Coup Blanc : Coup Blanc : Coup Blanc : Coup Blanc : Coup Blanc : Coup Blanc : Coup Blanc : Coup Blanc : Coup Blanc : Coup Blanc : Coup Blanc : Coup Blanc : Coup Blanc : Coup Blanc : Coup Blanc : Coup Blanc : Coup Blanc : Coup Blanc : Coup Blanc : Coup Blanc : Coup Blanc : Coup Blanc : Coup Blanc : Coup Blanc : Coup Blanc : Coup Blanc : Coup Blanc : Coup Blanc : Coup Blanc : Coup Blanc : Coup Blanc : Coup Blanc : Coup Blanc : Coup Blanc : Coup Blanc : Coup Blanc : Coup Blanc : Coup Blanc : Coup Blanc : Coup Blanc : Coup Blanc : Coup Blanc : Coup Blanc : Coup Blanc : Coup Blanc : Coup Blanc : Coup Blanc : Coup Blanc : Coup Blanc : Coup Blanc : Coup Blanc : Coup Blanc : Coup Blanc : Coup Blanc : Coup Blanc : Coup Blanc : Coup Blanc : Coup Blanc : Coup Blanc : Coup Blanc : Coup Blanc : Coup Blanc : Coup Blanc : Coup Blanc : Coup Blanc : Coup Blanc : Coup Blanc : Coup Blanc : Coup Blanc : Coup Blanc : Coup Blanc : Coup Blanc : Coup Blanc : Coup Blanc : Coup Blanc : Coup Blanc : Coup Blanc : Coup Blanc : Coup Blanc : Coup Blanc : Coup Blanc : Coup Blanc : Coup Blanc : Coup Blanc : Coup Blanc : Coup Blanc : Coup Blanc : Coup Blanc : Coup Blanc : Coup Blanc : Coup Blanc : Coup Blanc : Coup Blanc : Coup Blanc : Coup Blanc : Coup Blanc : Coup Blanc : Coup Blanc : Coup Blanc : Coup Blanc : Coup Blanc : Coup Blanc : Coup Blanc : Coup Blanc : Coup Blanc : Coup Blanc : Coup Blanc : Coup Blanc : Coup Blanc : Coup Blanc : Coup Blanc : Coup Blanc : Coup Blanc : Coup Blanc : Coup Blanc : Coup Blanc : Coup Blanc : Coup Blanc : Coup Blanc : Coup Blanc : Coup Blanc : Coup Blanc : Coup Blanc : Coup Blanc : Coup Blanc : Coup Blanc : Coup Blanc : Coup Blanc : Coup Blanc : Coup Blanc : Coup Blanc : Coup Blanc : Coup Blanc : Coup Blanc : Coup Blanc : Coup Blanc : Coup Blanc : Coup Blanc : Coup Blanc : Coup Blanc : Coup Blanc : Coup Blanc : Coup Blanc : Coup Blanc : Coup Blanc : Coup Blanc : Coup Blanc : Coup Blanc : Coup Blanc : Coup Blanc : Coup Blanc : Coup Blanc : Coup Blanc : Coup Blanc : Coup Blanc : Coup Blanc : Coup Blanc : Coup Blanc : Coup Blanc : Coup Blanc : Coup Blanc : Coup Blanc : Coup Blanc : Coup Blanc : Coup Blanc : Coup Blanc : Coup Blanc : Coup Blanc : Coup Blanc : Coup Blanc : Coup Blanc : Coup Blanc : Coup Blanc : Coup Blanc : Coup Blanc : Coup Blanc : Coup Blanc : Coup Blanc : Coup Blanc : Coup Blanc : Coup Blanc : Coup Blanc : Coup Blanc : Coup Blanc : Coup Blanc : Coup Blanc : Coup Blanc : Coup Blanc : Coup Blanc : Coup Blanc : Coup Blanc : Coup Blanc : Coup Blanc : Coup Blanc : Coup Blanc : Coup Blanc : Coup Blanc : Coup Blanc : Coup Blanc : Coup Blanc : Coup Blanc : Coup Blanc : Coup Blanc : Coup Blanc : Coup Blanc : Coup Blanc : Coup Blanc : Coup Blanc : Coup Blanc : Coup Blanc : Coup Blanc : Coup Blanc : Coup Blanc : Coup Blanc : Coup Blanc : Coup Blanc : Coup Blanc : Coup Blanc : Coup Blanc : Coup Blanc : Coup Blanc : Coup Blanc : Coup Blanc : Coup Blanc : Coup Blanc : Coup Blanc : Coup Blanc : Coup Blanc : Coup Blanc : Coup Blanc : Coup Blanc : Coup Blanc : Coup Blanc : Coup Blanc : Coup Blanc : Coup Blanc : Coup Blanc : Coup Blanc : Coup Blanc : Coup Blanc : Coup Blanc : Coup Blanc : Coup Blanc : Coup Blanc : Coup Blanc : Coup Blanc : Coup Blanc : Coup Blanc : Coup Blanc : Coup Blanc : Coup Blanc : Coup Blanc : Coup Blanc : Coup Blanc : Coup Blanc : Coup Blanc : Coup Blanc : Coup Blanc : Coup Blanc : Coup Blanc : Coup Blanc : Coup Blanc : Coup Blanc : Coup Blanc : Coup Blanc : Coup Blanc : Coup Blanc : Coup Blanc : Coup Blanc : Coup Blanc : Coup Blanc : Coup Blanc : Coup Blanc : Coup Blanc : Coup Blanc : Coup Blanc : Coup Blanc : Coup Blanc : Coup Blanc : Coup Blanc : Coup Blanc : Coup Blanc : Coup Blanc : Coup Blanc : Coup Blanc : Coup Blanc : Coup Blanc : Coup Blanc : Coup Blanc : Coup Blanc : Coup Blanc : Coup Blanc : Coup Blanc : Coup Blanc : Coup Blanc : Coup Blanc : Coup Blanc : Coup Blanc : Coup Blanc : Coup Blanc : Coup Blanc : Coup Blanc : Coup Blanc : Coup Blanc : Coup Blanc : Coup Blanc : Coup Blanc : Coup Blanc : Coup Blanc : Coup Blanc : Coup Blanc : Coup Blanc : Coup Blanc : Coup Blanc : Coup Blanc : Coup Blanc : Coup Blanc : Coup Blanc : Coup Blanc : Coup Blanc : Coup Blanc : Coup Blanc : Coup Blanc : Coup Blanc : Coup Blanc : Coup Blanc : Coup Blanc : Coup Blanc : Coup Blanc : Coup Blanc : Coup Blanc : Coup Blanc : Coup Blanc : Coup Blanc : Coup Blanc : Coup Blanc : Coup Blanc : Coup Blanc : Coup Blanc : Coup Blanc : Coup Blanc : Coup Blanc : Coup Blanc : Coup Blanc : Coup Blanc : Coup Blanc : Coup Blanc : Coup Blanc : Coup Blanc : Coup Blanc : Coup Blanc : Coup Blanc : Coup Blanc : Coup Blanc : Coup Blanc : Coup Blanc : Coup Blanc : Coup Blanc : Coup Blanc : Coup Blanc : Coup Blanc : Coup Blanc : Coup Blanc : Coup Blanc : Coup Blanc : Coup Blanc : Coup Blanc : Coup Blanc : Coup Blanc : Coup Blanc : Coup Blanc : Coup Blanc : Coup Blanc : Coup Blanc : Coup Blanc : Coup Blanc : Coup Blanc : Coup Blanc : Coup Blanc : Coup Blanc : Coup Blanc : Coup Blanc : Coup Blanc : Coup Blanc : Coup Blanc : Coup Blanc : Coup Blanc : Coup Blanc : Coup Blanc : Coup Blanc : Coup Blanc : Coup Blanc : Coup Blanc : Coup Blanc : Coup Blanc : Coup Blanc : Coup Blanc : Coup Blanc : Coup Blanc : Coup Blanc : Coup Blanc : Coup Blanc : Coup Blanc : Coup Blanc : Coup Blanc : Coup Blanc : Coup Blanc : Coup Blanc : Coup Blanc : Coup Blanc : Coup Blanc : Coup Blanc : Coup Blanc : Coup Blanc : Coup Blanc : Coup Blanc : Coup Blanc : Coup Blanc : Coup Blanc : Coup Blanc : Coup Blanc : Coup Blanc : Coup Blanc : Coup Blanc : Coup Blanc : Coup Blanc : Coup Blanc : Coup Blanc : Coup Blanc : Coup Blanc : Coup Blanc : Coup Blanc : Coup Blanc : Coup Blanc : Coup Blanc : Coup Blanc : Coup Blanc : Coup Blanc : Coup Blanc : Coup Blanc : Coup Blanc : Coup Blanc : Coup Blanc : Coup Blanc : Coup Blanc : Coup Blanc : Coup Blanc : Coup Blanc : Coup Blanc : Coup Blanc : Coup Blanc : Coup Blanc : Coup Blanc : Coup Blanc : Coup Blanc : Coup Blanc : Coup Blanc : Coup Blanc : Coup Blanc : Coup Blanc : Coup Blanc : Coup Blanc : Coup Blanc : Coup Blanc : Coup Blanc : Coup Blanc : Coup Blanc : Coup Blanc : Coup Blanc : Coup Blanc : Coup Blanc : Coup Blanc : Coup Blanc : Coup Blanc : Coup Blanc : Coup Blanc : Coup Blanc : Coup Blanc : Coup Blanc : Coup Blanc : Coup Blanc : Coup Blanc : Coup Blanc : Coup Blanc : Coup Blanc : Coup Blanc : Coup Blanc : Coup Blanc : Coup Blanc : Coup Blanc : Coup Blanc : Coup Blanc : Coup Blanc : Coup Blanc : Coup Blanc : Coup Blanc : Coup Blanc : Coup Blanc : Coup Blanc : Coup Blanc : Coup Blanc : Coup Blanc : Coup Blanc : Coup Blanc : Coup Blanc : Coup Blanc : Coup Blanc : Coup Blanc : Coup Blanc : Coup Blanc : Coup Blanc : Coup Blanc : Coup Blanc : Coup Blanc : Coup Blanc : Coup Blanc : Coup Blanc : Coup Blanc : Coup Blanc : Coup Blanc : Coup Blanc : Coup Blanc : Coup Blanc : Coup Blanc : Coup Blanc : Coup Blanc : Coup Blanc : Coup Blanc : Coup Blanc : Coup Blanc : Coup Blanc : Coup Blanc : Coup Blanc : Coup Blanc : Coup Blanc : Coup Blanc : Coup Blanc : Coup Blanc : Coup Blanc : Coup Blanc : Coup Blanc : Coup Blanc : Coup Blanc : Coup Blanc : Coup Blanc : Coup Blanc : Coup Blanc : Coup Blanc : Coup Blanc : Coup Blanc : Coup Blanc : Coup Blanc : Coup Blanc : Coup Blanc : Coup Blanc : Coup Blanc : Coup Blanc : Coup Blanc : Coup Blanc : Coup Blanc : Coup Blanc : Coup Blanc : Coup Blanc : Coup Blanc : Coup Blanc : Coup Blanc : Coup Blanc : Coup Blanc : Coup Blanc : Coup Blanc : Coup Blanc : Coup Blanc : Coup Blanc : Coup Blanc : Coup Blanc : Coup Blanc : Coup Blanc : Coup Blanc : Coup Blanc : Coup Blanc : Coup Blanc : Coup Blanc : Coup Blanc : Coup Blanc : Coup Blanc : Coup Blanc : Coup Blanc : Coup Blanc : Coup Blanc : Coup Blanc : Coup Blanc : Coup Blanc : Coup Blanc : Coup Blanc : Coup Blanc : Coup Blanc : Coup Blanc : Coup Blanc : Coup Blanc : Coup Blanc : Coup Blanc : Coup Blanc : Coup Blanc : Coup Blanc : Coup Blanc : Coup Blanc : Coup Blanc : Coup Blanc : Coup Blanc : Coup Blanc : Coup Blanc : Coup Blanc : Coup Blanc : Coup Blanc : Coup Blanc : Coup Blanc : Coup Blanc : Coup Blanc : Coup Blanc : Coup Blanc : Coup Blanc : Coup Blanc : Coup Blanc : Coup Blanc : Coup Blanc : Coup Blanc : Coup Blanc : Coup Blanc : Coup Blanc : Coup Blanc : Coup Blanc : Coup Blanc : Coup Blanc : Coup Blanc : Coup Blanc : Coup Blanc : Coup Blanc : Coup Blanc : Coup Blanc : Coup Blanc : Coup Blanc : Coup Blanc : Coup Blanc : Coup Blanc : Coup Blanc : Coup Blanc : Coup Blanc : Coup Blanc : Coup Blanc : Coup Blanc : Coup Blanc : Coup Blanc : Coup Blanc : Coup Blanc : Coup Blanc : Coup Blanc : Coup Blanc : Coup Blanc : Coup Blanc : Coup Blanc : Coup Blanc : Coup Blanc : Coup Blanc : Coup Blanc : Coup Blanc : Coup Blanc : Coup Blanc : Coup Blanc : Coup Blanc : Coup Blanc : Coup Blanc : Coup Blanc : Coup Blanc : Coup Blanc : Coup Blanc : Coup Blanc : Coup Blanc : Coup Blanc : Coup Blanc : Coup Blanc : Coup Blanc : Coup Blanc : Coup Blanc : Coup Blanc : Coup Blanc : Coup Blanc : Coup Blanc : Coup Blanc : Coup Blanc : Coup Blanc : Coup Blanc : Coup Blanc : Coup Blanc : Coup Blanc : Coup Blanc : Coup Blanc : Coup Blanc : Coup Blanc : Coup Blanc : Coup Blanc : Coup Blanc : Coup Blanc : Coup Blanc : Coup Blanc : Coup Blanc : Coup Blanc : Coup Blanc : Coup Blanc : Coup Blanc : Coup Blanc : Coup Blanc : Coup Blanc : Coup Blanc : Coup Blanc : Coup Blanc : Coup Blanc : Coup Blanc : Coup Blanc : Coup Blanc : Coup Blanc : Coup Blanc : Coup Blanc : Coup Blanc : Coup Blanc : Coup Blanc : Coup Blanc : Coup Blanc : Coup Blanc : Coup Blanc : Coup Blanc : Coup Blanc : Coup Blanc : Coup Blanc : Coup Blanc : Coup Blanc : Coup Blanc : Coup Blanc : Coup Blanc : Coup Blanc : Coup Blanc : Coup Blanc : Coup Blanc : Coup Blanc : Coup Blanc : Coup Blanc : Coup Blanc : Coup Blanc : Coup Blanc : Coup Blanc : Coup Blanc : Coup Blanc : Coup Blanc : Coup Blanc : Coup Blanc : Coup Blanc : Coup Blanc : Coup Blanc : Coup Blanc : Coup Blanc : Coup Blanc : Coup Blanc : Coup Blanc : Coup Blanc : Coup Blanc : Coup Blanc : Coup Blanc : Coup Blanc : Coup Blanc : Coup Blanc : Coup Blanc : Coup Blanc : Coup Blanc : Coup Blanc : Coup Blanc : Coup Blanc : Coup Blanc : Coup Blanc : Coup Blanc : Coup Blanc : Coup Blanc : Coup Blanc : Coup Blanc : Coup Blanc : Coup Blanc : Coup Blanc : Coup Blanc : Coup Blanc : Coup Blanc : Coup Blanc : Coup Blanc : Coup Blanc : Coup Blanc : Coup Blanc : Coup Blanc : Coup Blanc : Coup Blanc : Coup Blanc : Coup Blanc : Coup Blanc : Coup Blanc : Coup Blanc : Coup Blanc : Coup Blanc : Coup Blanc : Coup Blanc : Coup Blanc : Coup Blanc : Coup Blanc : Coup Blanc : Coup Blanc : Coup Blanc : Coup Blanc : Coup Blanc : Coup Blanc : Coup Blanc : Coup Blanc : Coup Blanc : Coup Blanc : Coup Blanc : Coup Blanc : Coup Blanc : Coup Blanc : Coup Blanc : Coup Blanc : Coup Blanc : Coup Blanc : Coup Blanc : Coup Blanc : Coup Blanc : Coup Blanc : Coup Blanc : Coup Blanc : Coup Blanc : Coup Blanc : Coup Blanc : Coup Blanc : Coup Blanc : Coup Blanc : Coup Blanc : Coup Blanc : Coup Blanc : Coup Blanc : Coup Blanc : Coup Blanc : Coup Blanc : Coup Blanc : Coup Blanc : Coup Blanc : Coup Blanc : Coup Blanc : Coup Blanc : Coup Blanc : Coup Blanc : Coup Blanc : Coup Blanc : Coup Blanc : Coup Blanc : Coup Blanc : Coup Blanc : Coup Blanc : Coup Blanc : Coup Blanc : Coup Blanc : Coup Blanc : Coup Blanc : Coup Blanc : Coup Blanc : Coup Blanc : Coup Blanc : Coup Blanc : Coup Blanc : Coup Blanc : Coup Blanc : Coup Blanc : Coup Blanc : Coup Blanc : Coup Blanc : Coup Blanc : Coup Blanc : Coup Blanc : Coup Blanc : Coup Blanc : Coup Blanc : Coup Blanc : Coup Blanc : Coup Blanc : Coup Blanc : Coup Blanc : Coup Blanc : Coup Blanc : Coup Blanc : Coup Blanc : Coup Blanc : Coup Blanc : Coup Blanc : Coup Blanc : Coup Blanc : Coup Blanc : Coup Blanc : Coup Blanc : Coup Blanc : Coup Blanc : Coup Blanc : Coup Blanc : Coup Blanc : Coup Blanc : Coup Blanc : Coup Blanc : Coup Blanc : Coup Blanc : Coup Blanc : Coup Blanc : Coup Blanc : Coup Blanc : Coup Blanc : Coup Blanc : Coup Blanc : Coup Blanc : Coup Blanc : Coup Blanc : Coup Blanc : Coup Blanc : Coup Blanc : Coup Blanc : Coup Blanc : Coup Blanc : Coup Blanc : Coup Blanc : Coup Blanc : Coup Blanc : Coup Blanc : Coup Blanc : Coup Blanc : Coup Blanc : Coup Blanc : Coup Blanc : Coup Blanc : Coup Blanc : Coup Blanc : Coup Blanc : Coup Blanc : Coup Blanc : Coup Blanc : Coup Blanc : Coup Blanc : Coup Blanc : Coup Blanc : Coup Blanc : Coup Blanc : Coup Blanc : Coup Blanc : Coup Blanc : Coup Blanc : Coup Blanc : Coup Blanc : Coup Blanc : Coup Blanc : Coup Blanc : Coup Blanc : Coup Blanc : Coup Blanc : Coup Blanc : Coup Blanc : Coup Blanc : Coup Blanc : Coup Blanc : Coup Blanc : Coup Blanc : Coup Blanc : Coup Blanc : Coup Blanc : Coup Blanc : Coup Blanc : Coup Blanc : Coup Blanc : Coup Blanc : Coup Blanc : Coup Blanc : Coup Blanc : Coup Blanc : Coup Blanc : Coup Blanc : Coup Blanc : Coup Blanc : Coup Blanc : Coup Blanc : Coup Blanc : Coup Blanc : Coup Blanc : Coup Blanc : Coup Blanc : Coup Blanc : Coup Blanc : Coup Blanc : Coup Blanc : Coup Blanc : Coup Blanc : Coup Blanc : Coup Blanc : Coup Blanc : Coup Blanc : Coup Blanc : Coup Blanc : Coup Blanc : Coup Blanc : Coup Blanc : Coup Blanc : Coup Blanc : Coup Blanc : Coup Blanc : Coup Blanc : Coup Blanc : Coup Blanc : Coup Blanc : Coup Blanc : Coup Blanc : Coup Blanc : Coup Blanc : Coup Blanc : Coup Blanc : Coup Blanc : Coup Blanc : Coup Blanc : Coup Blanc : Coup Blanc : Coup Blanc : Coup Blanc : Coup Blanc : Coup Blanc : Coup Blanc : Coup Blanc : Coup Blanc : Coup Blanc : Coup Blanc : Coup Blanc : Coup Blanc : Coup Blanc : Coup Blanc : Coup Blanc : Coup Blanc : Coup Blanc : Coup Blanc : Coup Blanc : Coup Blanc : Coup Blanc : Coup Blanc : Coup Blanc : Coup Blanc : Coup Blanc : Coup Blanc : Coup Blanc : Coup Blanc : Coup Blanc : Coup Blanc : Coup Blanc : Coup Blanc : Coup Blanc : Coup Blanc : Coup Blanc : Coup Blanc : Coup Blanc : Coup Blanc : Coup Blanc : Coup Blanc : Coup Blanc : Coup Blanc : Coup Blanc : Coup Blanc : Coup Blanc : Coup Blanc : Coup Blanc : Coup Blanc : Coup Blanc : Coup Blanc : Coup Blanc : Coup Blanc : Coup Blanc : Coup Blanc : Coup Blanc : Coup Blanc : Coup Blanc : Coup Blanc : Coup Blanc : Coup Blanc : Coup Blanc : Coup Blanc : Coup Blanc : Coup Blanc : Coup Blanc : Coup Blanc : Coup Blanc : Coup Blanc : Coup Blanc : Coup Blanc : Coup Blanc : Coup Blanc : Coup Blanc : Coup Blanc : Coup Blanc : Coup Blanc : Coup Blanc : Coup Blanc : Coup Blanc : Coup Blanc : Coup Blanc : Coup Blanc : Coup Blanc : Coup Blanc : Coup Blanc : Coup Blanc : Coup Blanc : Coup Blanc : Coup Blanc : Coup Blanc : Coup Blanc : Coup Blanc : Coup Blanc : Coup Blanc : Coup Blanc : Coup Blanc : Coup Blanc : Coup Blanc : Coup Blanc : Coup Blanc : Coup Blanc : Coup Blanc : Coup Blanc : Coup Blanc : Coup Blanc : Coup Blanc : Coup Blanc : Coup Blanc : Coup Blanc : Coup Blanc : Coup Blanc : Coup Blanc : Coup Blanc : Coup Blanc : Coup Blanc : Coup Blanc : Coup Blanc : Coup Blanc : Coup Blanc : Coup Blanc : Coup Blanc : Coup Blanc : Coup Blanc : Coup Blanc : Coup Blanc : Coup Blanc : Coup Blanc : Coup Blanc : Coup Blanc : Coup Blanc : Coup Blanc : Coup Blanc : Coup Blanc : Coup Blanc : Coup Blanc : Coup Blanc : Coup Blanc : Coup Blanc : Coup Blanc : Coup Blanc : Coup Blanc : Coup Blanc : Coup Blanc : Coup Blanc : Coup Blanc : Coup Blanc : Coup Blanc : Coup Blanc : Coup Blanc : Coup Blanc : Coup Blanc : Coup Blanc : Coup Blanc : Coup Blanc : Coup Blanc : Coup Blanc : Coup Blanc : Coup Blanc : Coup Blanc : Coup Blanc : Coup Blanc : Coup Blanc : Coup Blanc : Coup Blanc : Coup Blanc : Coup Blanc : Coup Blanc : Coup Blanc : Coup Blanc : Coup Blanc : Coup Blanc : Coup Blanc : Coup Blanc : Coup Blanc : Coup Blanc : Coup Blanc : Coup Blanc : Coup Blanc : Coup Blanc : Coup Blanc : Coup Blanc : Coup Blanc : Coup Blanc : Coup Blanc : Coup Blanc : Coup Blanc : Coup Blanc : Coup Blanc : Coup Blanc : Coup Blanc : Coup Blanc : Coup Blanc : Coup Blanc : Coup Blanc : Coup Blanc : Coup Blanc : Coup Blanc : Coup Blanc : Coup Blanc : Coup Blanc : Coup Blanc : Coup Blanc : Coup Blanc : Coup Blanc : Coup Blanc : Coup Blanc : Coup Blanc : Coup Blanc : Coup Blanc : Coup Blanc : Coup Blanc : Coup Blanc : Coup Blanc : Coup Blanc : Coup Blanc : Coup Blanc : Coup Blanc : Coup Blanc : Coup Blanc : Coup Blanc : Coup Blanc : Coup Blanc : Coup Blanc : Coup Blanc : Coup Blanc : Coup Blanc : Coup Blanc : Coup Blanc : Coup Blanc : Coup Blanc : Coup Blanc : Coup Blanc : Coup Blanc : Coup Blanc : Coup Blanc : Coup Blanc : Coup Blanc : Coup Blanc : Coup Blanc : Coup Blanc : Coup Blanc : Coup Blanc : Coup Blanc : Coup Blanc : Coup Blanc : Coup Blanc : Coup Blanc : Coup Blanc : Coup Blanc : Coup Blanc : Coup Blanc : Coup Blanc : Coup Blanc : Coup Blanc : Coup Blanc : Coup Blanc : Coup Blanc : Coup Blanc : Coup Blanc : Coup Blanc : Coup Blanc : Coup Blanc : Coup Blanc : Coup Blanc : Coup Blanc : Coup Blanc : Coup Blanc : Coup Blanc : Coup Blanc : Coup Blanc : Coup Blanc : Coup Blanc : Coup Blanc : Coup Blanc : Coup Blanc : Coup Blanc : Coup Blanc : Coup Blanc : Coup Blanc : Coup Blanc : Coup Blanc : Coup Blanc : Coup Blanc : Coup Blanc : Coup Blanc : Coup Blanc : Coup Blanc : Coup Blanc : Coup Blanc : Coup Blanc : Coup Blanc : Coup Blanc : Coup Blanc : Coup Blanc : Coup Blanc : Coup Blanc : Coup Blanc : Coup Blanc : Coup Blanc : Coup Blanc : Coup Blanc : Coup Blanc : Coup Blanc : Coup Blanc : Coup Blanc : Coup Blanc : Coup Blanc : Coup Blanc : Coup Blanc : Coup Blanc : Coup Blanc : Coup Blanc : Coup Blanc : Coup Blanc : Coup Blanc : Coup Blanc : Coup Blanc : Coup Blanc : Coup Blanc : Coup Blanc : Coup Blanc : Coup Blanc : Coup Blanc : Coup Blanc : Coup Blanc : Coup Blanc : Coup Blanc : Coup Blanc : Coup Blanc : Coup Blanc : Coup Blanc : Coup Blanc : Coup Blanc : Coup Blanc : Coup Blanc : Coup Blanc : Coup Blanc : Coup Blanc : Coup Blanc : Coup Blanc : Coup Blanc : Coup Blanc : Coup Blanc : Coup Blanc : Coup Blanc : Coup Blanc : Coup Blanc : Coup Blanc : Coup Blanc : Coup Blanc : Coup Blanc : Coup Blanc : Coup Blanc : Coup Blanc : Coup Blanc : Coup Blanc : Coup Blanc : Coup Blanc : Coup Blanc : Coup Blanc : Coup Blanc : Coup Blanc : Coup Blanc : Coup Blanc : Coup Blanc : Coup Blanc : Coup Blanc : Coup Blanc : Coup Blanc : Coup Blanc : Coup Blanc : Coup Blanc : Coup Blanc : Coup Blanc : Coup Blanc : Coup Blanc : Coup Blanc : Coup Blanc : Coup Blanc : Coup Blanc : Coup Blanc : Coup Blanc : Coup Blanc : Coup Blanc : Coup Blanc : Coup Blanc : Coup Blanc : Coup Blanc : Coup Blanc : Coup Blanc : Coup Blanc : Coup Blanc : Coup Blanc : Coup Blanc : Coup Blanc : Coup Blanc : Coup Blanc : Coup Blanc : Coup Blanc : Coup Blanc : Coup Blanc : Coup Blanc : Coup Blanc : Coup Blanc : Coup Blanc : Coup Blanc : Coup Blanc : Coup Blanc : Coup Blanc : Coup Blanc : Coup Blanc : Coup Blanc : Coup Blanc : Coup Blanc : Coup Blanc : Coup Blanc : Coup Blanc : Coup Blanc : Coup Blanc : Coup Blanc : Coup Blanc : Coup Blanc : Coup Blanc : Coup Blanc : Coup Blanc : Coup Blanc : Coup Blanc : Coup Blanc : Coup Blanc : Coup Blanc : Coup Blanc : Coup Blanc : Coup Blanc : Coup Blanc : Coup Blanc : Coup Blanc : Coup Blanc : Coup Blanc : Coup Blanc : Coup Blanc : Coup Blanc : Coup Blanc : Coup Blanc : Coup Blanc : Coup Blanc : Coup Blanc : Coup Blanc : Coup Blanc : Coup Blanc : Coup Blanc : Coup Blanc : Coup Blanc : Coup Blanc : Coup Blanc : Coup Blanc : Coup Blanc : Coup Blanc : Coup Blanc : Coup Blanc : Coup Blanc : Coup Blanc : Coup Blanc : Coup Blanc : Coup Blanc : Coup Blanc : Coup Blanc : Coup Blanc : Coup Blanc : Coup Blanc : Coup Blanc : Coup Blanc : Coup Blanc : Coup Blanc : Coup Blanc : Coup Blanc : Coup Blanc : Coup Blanc : Coup Blanc : Coup Blanc : Coup Blanc : Coup Blanc : Coup Blanc : Coup Blanc : Coup Blanc : Coup Blanc : Coup Blanc : Coup Blanc : Coup Blanc : Coup Blanc : Coup Blanc : Coup Blanc : Coup Blanc : Coup Blanc : Coup Blanc : Coup Blanc : Coup Blanc : Coup Blanc : Coup Blanc : Coup Blanc : Coup Blanc : Coup Blanc : Coup Blanc : Coup Blanc : Coup Blanc : Coup Blanc : Coup Blanc : Coup Blanc : Coup Blanc : Coup Blanc : Coup Blanc : Coup Blanc : Coup Blanc : Coup Blanc : Coup Blanc : Coup Blanc : Coup Blanc : Coup Blanc : Coup Blanc : Coup Blanc : Coup Blanc : Coup Blanc : Coup Blanc : Coup Blanc : Coup Blanc : Coup Blanc : Coup Blanc : Coup Blanc : Coup Blanc : Coup Blanc : Coup Blanc : Coup Blanc : Coup Blanc : Coup Blanc : Coup Blanc : Coup Blanc : Coup Blanc : Coup Blanc : Coup Blanc : Coup Blanc : Coup Blanc : Coup Blanc : Coup Blanc : Coup Blanc : Coup Blanc : Coup Blanc : Coup Blanc : Coup Blanc : Coup Blanc : Coup Blanc : Coup Blanc : Coup Blanc : Coup Blanc : Coup Blanc : Coup Blanc : Coup Blanc : Coup Blanc : Coup Blanc : Coup Blanc : Coup Blanc : Coup Blanc : Coup Blanc : Coup Blanc : Coup Blanc : Coup Blanc : Coup Blanc : Coup Blanc : Coup Blanc : Coup Blanc : Coup Blanc : Coup Blanc : Coup Blanc : Coup Blanc : Coup Blanc : Coup Blanc : Coup Blanc : Coup Blanc : Coup Blanc : Coup Blanc : Coup Blanc : Coup Blanc : Coup Blanc : Coup Blanc : Coup Blanc : Coup Blanc : Coup Blanc : Coup Blanc : Coup Blanc : Coup Blanc : Coup Blanc : Coup Blanc : Coup Blanc : Coup Blanc : Coup Blanc : Coup Blanc : Coup Blanc : Coup Blanc : Coup Blanc : Coup Blanc : Coup Blanc : Coup Blanc : Coup Blanc : Coup Blanc : Coup Blanc : Coup Blanc : Coup Blanc : Coup Blanc : Coup Blanc : Coup Blanc : Coup Blanc : Coup Blanc : Coup Blanc : Coup Blanc : Coup Blanc : Coup Blanc : Coup Blanc : Coup Blanc : Coup Blanc : Coup Blanc : Coup Blanc : Coup Blanc : Coup Blanc : Coup Blanc : Coup Blanc : Coup Blanc : Coup Blanc : Coup Blanc : Coup Blanc : Coup Blanc : Coup Blanc : Coup Blanc : Coup Blanc : Coup Blanc : Coup Blanc : Coup Blanc : Coup Blanc : Coup Blanc : Coup Blanc : Coup Blanc : Coup Blanc : Coup Blanc : Coup Blanc : Coup Blanc : Coup Blanc : Coup Blanc : Coup Blanc : Coup Blanc : Coup Blanc : Coup Blanc : Coup Blanc : Coup Blanc : Coup Blanc : Coup Blanc : Coup Blanc : Coup Blanc : Coup Blanc : Coup Blanc : Coup Blanc : Coup Blanc : Coup Blanc : Coup Blanc : Coup Blanc : Coup Blanc : Coup Blanc : Coup Blanc : Coup Blanc : Coup Blanc : Coup Blanc : Coup Blanc : Coup Blanc : Coup Blanc : Coup Blanc : Coup Blanc : Coup Blanc : Coup Blanc : Coup Blanc : Coup Blanc : Coup Blanc : Coup Blanc : Coup Blanc : Coup Blanc : Coup Blanc : Coup Blanc : Coup Blanc : Coup Blanc : Coup Blanc : Coup Blanc : Coup Blanc : Coup Blanc : Coup Blanc : Coup Blanc : Coup Blanc : Coup Blanc : Coup Blanc : Coup Blanc : Coup Blanc : Coup Blanc : Coup Blanc : Coup Blanc : Coup Blanc : Coup Blanc : Coup Blanc : Coup Blanc : Coup Blanc : Coup Blanc : Coup Blanc : Coup Blanc : Coup Blanc : Coup Blanc : Coup Blanc : Coup Blanc : Coup Blanc : Coup Blanc : Coup Blanc : Coup Blanc : Coup Blanc : Coup Blanc : Coup Blanc : Coup Blanc : Coup Blanc : Coup Blanc : Coup Blanc : Coup Blanc : Coup Blanc : Coup Blanc : Coup Blanc : Coup Blanc : Coup Blanc : Coup Blanc : Coup Blanc : Coup Blanc : Coup Blanc : Coup Blanc : Coup Blanc : Coup Blanc : Coup Blanc : Coup Blanc : Coup Blanc : Coup Blanc : Coup Blanc : Coup Blanc : Coup Blanc : Coup Blanc : Coup Blanc : Coup Blanc : Coup Blanc : Coup Blanc : Coup Blanc : Coup Blanc : Coup Blanc : Coup Blanc : Coup Blanc : Coup Blanc : Coup Blanc : Coup Blanc : Coup Blanc : Coup Blanc : Coup Blanc : Coup Blanc : Coup Blanc : Coup Blanc : Coup Blanc : Coup Blanc : Coup Blanc : Coup Blanc : Coup Blanc : Coup Blanc : Coup Blanc : Coup Blanc : Coup Blanc : Coup Blanc : Coup Blanc : Coup Blanc : Coup Blanc : Coup Blanc : Coup Blanc : Coup Blanc : Coup Blanc : Coup Blanc : Coup Blanc : Coup Blanc : Coup Blanc : Coup Blanc : Coup Blanc : Coup Blanc : Coup Blanc : Coup Blanc : Coup Blanc : Coup Blanc : Coup Blanc : Coup Blanc : Coup Blanc : Coup Blanc : Coup Blanc : Coup Blanc : Coup Blanc : Coup Blanc : Coup Blanc : Coup Blanc : Coup Blanc : Coup Blanc : Coup Blanc : Coup Blanc : Coup Blanc : Coup Blanc : Coup Blanc : Coup Blanc : Coup Blanc : Coup Blanc : Coup Blanc : Coup Blanc : Coup Blanc : Coup Blanc : Coup Blanc : Coup Blanc : Coup Blanc : Coup Blanc : Coup Blanc : Coup Blanc : Coup Blanc : Coup Blanc : Coup Blanc : Coup Blanc : Coup Blanc : Coup Blanc : Coup Blanc : Coup Blanc : Coup Blanc : Coup Blanc : Coup Blanc : Coup Blanc : Coup Blanc : Coup Blanc : Coup Blanc : Coup Blanc : Coup Blanc : Coup Blanc : Coup Blanc : Coup Blanc : Coup Blanc : Coup Blanc : Coup Blanc : Coup Blanc : Coup Blanc : Coup Blanc : Coup Blanc : Coup Blanc : Coup Blanc : Coup Blanc : Coup Blanc : Coup Blanc : Coup Blanc : Coup Blanc : Coup Blanc : Coup Blanc : Coup Blanc : Coup Blanc : Coup Blanc : Coup Blanc : Coup Blanc : Coup Blanc : Coup Blanc : Coup Blanc : Coup Blanc : Coup Blanc : Coup Blanc : Coup Blanc : Coup Blanc : Coup Blanc : Coup Blanc : Coup Blanc : Coup Blanc : Coup Blanc : Coup Blanc : Coup Blanc : Coup Blanc : Coup Blanc : Coup Blanc : Coup Blanc : Coup Blanc : Coup Blanc : Coup Blanc : Coup Blanc : Coup Blanc : Coup Blanc : Coup Blanc : Coup Blanc : Coup Blanc : Coup Blanc : Coup Blanc : Coup Blanc : Coup Blanc : Coup Blanc : Coup Blanc : Coup Blanc : Coup Blanc : Coup Blanc : Coup Blanc : Coup Blanc : Coup Blanc : Coup Blanc : Coup Blanc : Coup Blanc : Coup Blanc : Coup Blanc : Coup Blanc : Coup Blanc : Coup Blanc : Coup Blanc : Coup Blanc : Coup Blanc : Coup Blanc : Coup Blanc : Coup Blanc : Coup Blanc : Coup Blanc : Coup Blanc : Coup Blanc : Coup Blanc : Coup Blanc : Coup Blanc : Coup Blanc : Coup Blanc : Coup Blanc : Coup Blanc : Coup Blanc : Coup Blanc : Coup Blanc : Coup Blanc : Coup Blanc : Coup Blanc : Coup Blanc : Coup Blanc : Coup Blanc : Coup Blanc : Coup Blanc : Coup Blanc : Coup Blanc : Coup Blanc : Coup Blanc : Coup Blanc : Coup Blanc : Coup Blanc : Coup Blanc : Coup Blanc : Coup Blanc : Coup Blanc : Coup Blanc : Coup Blanc : Coup Blanc : Coup Blanc : Coup Blanc : Coup Blanc : Coup Blanc : Coup Blanc : Coup Blanc : Coup Blanc : Coup Blanc : Coup Blanc : Coup Blanc : Coup Blanc : Coup Blanc : Coup Blanc : Coup Blanc : Coup Blanc : Coup Blanc : Coup Blanc : Coup Blanc : Coup Blanc : Coup Blanc : Coup Blanc : Coup Blanc : Coup Blanc : Coup Blanc : Coup Blanc : Coup Blanc : Coup Blanc : Coup Blanc : Coup Blanc : Coup Blanc : Coup Blanc : Coup Blanc : Coup Blanc : Coup Blanc : Coup Blanc : Coup Blanc : Coup Blanc : Coup Blanc : Coup Blanc : Coup Blanc : Coup Blanc : Coup Blanc : Coup Blanc : Coup Blanc : Coup Blanc : Coup Blanc : Coup Blanc : Coup Blanc : Coup Blanc : Coup Blanc : Coup Blanc : Coup Blanc : Coup Blanc : Coup Blanc : Coup Blanc : Coup Blanc : Coup Blanc : Coup Blanc : Coup Blanc : Coup Blanc : Coup Blanc : Coup Blanc : Coup Blanc : Coup Blanc : Coup Blanc : Coup Blanc : Coup Blanc : Coup Blanc : Coup Blanc : Coup Blanc : Coup Blanc : Coup Blanc : Coup Blanc : Coup Blanc : Coup Blanc : Coup Blanc : Coup Blanc : Coup Blanc : Coup Blanc : Coup Blanc : Coup Blanc : Coup Blanc : Coup Blanc : Coup Blanc : Coup Blanc : Coup Blanc : Coup Blanc : Coup Blanc : Coup Blanc : Coup Blanc : Coup Blanc : Coup Blanc : Coup Blanc : Coup Blanc : Coup Blanc : Coup Blanc : Coup Blanc : Coup Blanc : Coup Blanc : Coup Blanc : Coup Blanc : Coup Blanc : Coup Blanc : Coup Blanc : Coup Blanc : Coup Blanc : Coup Blanc : Coup Blanc : Coup Blanc : Coup Blanc : Coup Blanc : Coup Blanc : Coup Blanc : Coup Blanc : Coup Blanc : Coup Blanc : Coup Blanc : Coup Blanc : Coup Blanc : Coup Blanc : Coup Blanc : Coup Blanc : Coup Blanc : Coup Blanc : Coup Blanc : Coup Blanc : Coup Blanc : Coup Blanc : Coup Blanc : Coup Blanc : Coup Blanc : Coup Blanc : Coup Blanc : Coup Blanc : Coup Blanc : Coup Blanc : Coup Blanc : Coup Blanc : Coup Blanc : Coup Blanc : Coup Blanc : Coup Blanc : Coup Blanc : Coup Blanc : Coup Blanc : Coup Blanc : Coup Blanc : Coup Blanc : Coup Blanc : Coup Blanc : Coup Blanc : Coup Blanc : Coup Blanc : Coup Blanc : Coup Blanc : Coup Blanc : Coup Blanc : Coup Blanc : Coup Blanc : Coup Blanc : Coup Blanc : Coup Blanc : Coup Blanc : Coup Blanc : Coup Blanc : Coup Blanc : Coup Blanc : Coup Blanc : Coup Blanc : Coup Blanc : Coup Blanc : Coup Blanc : Coup Blanc : Coup Blanc : Coup Blanc : Coup Blanc : Coup Blanc : Coup Blanc : Coup Blanc : Coup Blanc : Coup Blanc : Coup Blanc : Coup Blanc : Coup Blanc : Coup Blanc : Coup Blanc : Coup Blanc : Coup Blanc : Coup Blanc : Coup Blanc : Coup Blanc : Coup Blanc : Coup Blanc : Coup Blanc : Coup Blanc : Coup Blanc : Coup Blanc : Coup Blanc : Coup Blanc : Coup Blanc : Coup Blanc : Coup Blanc : Coup Blanc : Coup Blanc : Coup Blanc : Coup Blanc : Coup Blanc : Coup Blanc : Coup Blanc : Coup Blanc : Coup Blanc : Coup Blanc : Coup Blanc : Coup Blanc : Coup Blanc : Coup Blanc : Coup Blanc : Coup Blanc : Coup Blanc : Coup Blanc : Coup Blanc : Coup Blanc : Coup Blanc : Coup Blanc : Coup Blanc : Coup Blanc : Coup Blanc : Coup Blanc : Coup Blanc : Coup Blanc : Coup Blanc : Coup Blanc : Coup Blanc : Coup Blanc : Coup Blanc : Coup Blanc : Coup Blanc : Coup Blanc : Coup Blanc : Coup Blanc : Coup Blanc : Coup Blanc : Coup Blanc : Coup Blanc : Coup Blanc : Coup Blanc : Coup Blanc : Coup Blanc : Coup Blanc : Coup Blanc : Coup Blanc : Coup Blanc : Coup Blanc : Coup Blanc : Coup Blanc : Coup Blanc : Coup Blanc : Coup Blanc : Coup Blanc : Coup Blanc : Coup Blanc : Coup Blanc : Coup Blanc : Coup Blanc : Coup Blanc : Coup Blanc : Coup Blanc : Coup Blanc : Coup Blanc : Coup Blanc : Coup Blanc : Coup Blanc : Coup Blanc : Coup Blanc : Coup Blanc : Coup Blanc : Coup Blanc : Coup Blanc : Coup Blanc : Coup Blanc : Coup Blanc : Coup Blanc : Coup Blanc : Coup Blanc : Coup Blanc : Coup Blanc : Coup Blanc : Coup Blanc : Coup Blanc : Coup Blanc : Coup Blanc : Coup Blanc : Coup Blanc : Coup Blanc : Coup Blanc : Coup Blanc : Coup Blanc : Coup Blanc : Coup Blanc : Coup Blanc : Coup Blanc : Coup Blanc : Coup Blanc : Coup Blanc : Coup Blanc : Coup Blanc : Coup Blanc : Coup Blanc : Coup Blanc : Coup Blanc : Coup Blanc : Coup Blanc : Coup Blanc : Coup Blanc : Coup Blanc : Coup Blanc : Coup Blanc : Coup Blanc : Coup Blanc : Coup Blanc : Coup Blanc : Coup Blanc : Coup Blanc : Coup Blanc : Coup Blanc : Coup Blanc : Coup Blanc : Coup Blanc : Coup Blanc : Coup Blanc : Coup Blanc : Coup Blanc : Coup Blanc : Coup Blanc : Coup Blanc : Coup Blanc : Coup Blanc : Coup Blanc : Coup Blanc : Coup Blanc : Coup Blanc : Coup Blanc : Coup Blanc : Coup Blanc : Coup Blanc : Coup Blanc : Coup Blanc : Coup Blanc : Coup Blanc : Coup Blanc : Coup Blanc : Coup Blanc : Coup Blanc : Coup Blanc : Coup Blanc : Coup Blanc : Coup Blanc : Coup Blanc : Coup Blanc : Coup Blanc : Coup Blanc : Coup Blanc : Coup Blanc : Coup Blanc : Coup Blanc : Coup Blanc : Coup Blanc : Coup Blanc : Coup Blanc : Coup Blanc : Coup Blanc : Coup Blanc : Coup Blanc : Coup Blanc : Coup Blanc : Coup Blanc : Coup Blanc : Coup Blanc : Coup Blanc : Coup Blanc : Coup Blanc : Coup Blanc : Coup Blanc : Coup Blanc : Coup Blanc : Coup Blanc : Coup Blanc : Coup Blanc : Coup Blanc : Coup Blanc : Coup Blanc : Coup Blanc : Coup Blanc : Coup Blanc : Coup Blanc : Coup Blanc : Coup Blanc : Coup Blanc : Coup Blanc : Coup Blanc : Coup Blanc : Coup Blanc : Coup Blanc : Coup Blanc : Coup Blanc : Coup Blanc : Coup Blanc : Coup Blanc : Coup Blanc : Coup Blanc : Coup Blanc : Coup Blanc : Coup Blanc : Coup Blanc : Coup Blanc : Coup Blanc : Coup Blanc : Coup Blanc : Coup Blanc : Coup Blanc : Coup Blanc : Coup Blanc : Coup Blanc : Coup Blanc : Coup Blanc : Coup Blanc : Coup Blanc : Coup Blanc : Coup Blanc : Coup Blanc : Coup Blanc : Coup Blanc : Coup Blanc : Coup Blanc : Coup Blanc : Coup Blanc : Coup Blanc : Coup Blanc : Coup Blanc : Coup Blanc : Coup Blanc : Coup Blanc : Coup Blanc : Coup Blanc : Coup Blanc : Coup Blanc : Coup Blanc : Coup Blanc : Coup Blanc : Coup Blanc : Coup Blanc : Coup Blanc : Coup Blanc : Coup Blanc : Coup Blanc : Coup Blanc : Coup Blanc : Coup Blanc : Coup Blanc : Coup Blanc : Coup Blanc : Coup Blanc : Coup Blanc : Coup Blanc : Coup Blanc : Coup Blanc : Coup Blanc : Coup Blanc : Coup Blanc : Coup Blanc : Coup Blanc : Coup Blanc : Coup Blanc : Coup Blanc : Coup Blanc : Coup Blanc : Coup Blanc : Coup Blanc : Coup Blanc : Coup Blanc : Coup Blanc : Coup Blanc : Coup Blanc : Coup Blanc : Coup Blanc : Coup Blanc : Coup Blanc : Coup Blanc : Coup Blanc : Coup Blanc : Coup Blanc : Coup Blanc : Coup Blanc : Coup Blanc : Coup Blanc : Coup Blanc : Coup Blanc : Coup Blanc : Coup Blanc : Coup Blanc : Coup Blanc : Coup Blanc : Coup Blanc : Coup Blanc : Coup Blanc : Coup Blanc : Coup Blanc : Coup Blanc : Coup Blanc : Coup Blanc : Coup Blanc : Coup Blanc : Coup Blanc : Coup Blanc : Coup Blanc : Coup Blanc : Coup Blanc : Coup Blanc : Coup Blanc : Coup Blanc : Coup Blanc : Coup Blanc : Coup Blanc : Coup Blanc : Coup Blanc : Coup Blanc : Coup Blanc : Coup Blanc : Coup Blanc : Coup Blanc : Coup Blanc : Coup Blanc : Coup Blanc : Coup Blanc : Coup Blanc : Coup Blanc : Coup Blanc : Coup Blanc : Coup Blanc : Coup Blanc : Coup Blanc : Coup Blanc : Coup Blanc : Coup Blanc : Coup Blanc : Coup Blanc : Coup Blanc : Coup Blanc : Coup Blanc : Coup Blanc : Coup Blanc : Coup Blanc : Coup Blanc : Coup Blanc : Coup Blanc : Coup Blanc : Coup Blanc : Coup Blanc : Coup Blanc : Coup Blanc : Coup Blanc : Coup Blanc : Coup Blanc : Coup Blanc : Coup Blanc : Coup Blanc : Coup Blanc : Coup Blanc : Coup Blanc : Coup Blanc : Coup Blanc : Coup Blanc : Coup Blanc : Coup Blanc : Coup Blanc : Coup Blanc : Coup Blanc : Coup Blanc : Coup Blanc : Coup Blanc : Coup Blanc : Coup Blanc : Coup Blanc : Coup Blanc : Coup Blanc : Coup Blanc : Coup Blanc : Coup Blanc : Coup Blanc : Coup Blanc : Coup Blanc : Coup Blanc : Coup Blanc : Coup Blanc : Coup Blanc : Coup Blanc : Coup Blanc : Coup Blanc : Coup Blanc : Coup Blanc : Coup Blanc : Coup Blanc : Coup Blanc : Coup Blanc : Coup Blanc : Coup Blanc : Coup Blanc : Coup Blanc : Coup Blanc : Coup Blanc : Coup Blanc : Coup Blanc : Coup Blanc : Coup Blanc : Coup Blanc : Coup Blanc : Coup Blanc : Coup Blanc : Coup Blanc : Coup Blanc : Coup Blanc : Coup Blanc : Coup Blanc : Coup Blanc : Coup Blanc : Coup Blanc : Coup Blanc : Coup Blanc : Coup Blanc : Coup Blanc : Coup Blanc : Coup Blanc : Coup Blanc : Coup Blanc : Coup Blanc : Coup Blanc : Coup Blanc : Coup Blanc : Coup Blanc : Coup Blanc : Coup Blanc : Coup Blanc : Coup Blanc : Coup Blanc : Coup Blanc : Coup Blanc : Coup Blanc : Coup Blanc : Coup Blanc : Coup Blanc : Coup Blanc : Coup Blanc : Coup Blanc : Coup Blanc : Coup Blanc : Coup Blanc : Coup Blanc : Coup Blanc : Coup Blanc : Coup Blanc : Coup Blanc : Coup Blanc : Coup Blanc : Coup Blanc : Coup Blanc : Coup Blanc : Coup Blanc : Coup Blanc : Coup Blanc : Coup Blanc : Coup Blanc : Coup Blanc : Coup Blanc : Coup Blanc : Coup Blanc : Coup Blanc : Coup Blanc : Coup Blanc : Coup Blanc : Coup Blanc : Coup Blanc : Coup Blanc : Coup Blanc : Coup Blanc : Coup Blanc : Coup Blanc : Coup Blanc : Coup Blanc : Coup Blanc : Coup Blanc : Coup Blanc : Coup Blanc : Coup Blanc : Coup Blanc : Coup Blanc : Coup Blanc : Coup Blanc : Coup Blanc : Coup Blanc : Coup Blanc : Coup Blanc : Coup Blanc : Coup Blanc : Coup Blanc : Coup Blanc : Coup Blanc : Coup Blanc : Coup Blanc : Coup Blanc : Coup Blanc : Coup Blanc : Coup Blanc : Coup Blanc : Coup Blanc : Coup Blanc : Coup Blanc : Coup Blanc : Coup Blanc : Coup Blanc : Coup Blanc : Coup Blanc : Coup Blanc : Coup Blanc : Coup Blanc : Coup Blanc : Coup Blanc : Coup Blanc : Coup Blanc : Coup Blanc : Coup Blanc : Coup Blanc : Coup Blanc : Coup Blanc : Coup Blanc : Coup Blanc : Coup Blanc : Coup Blanc : Coup Blanc : Coup Blanc : Coup Blanc : Coup Blanc : Coup Blanc : Coup Blanc : Coup Blanc : Coup Blanc : Coup Blanc : Coup Blanc : Coup Blanc : Coup Blanc : Coup Blanc : Coup Blanc : Coup Blanc : Coup Blanc : Coup Blanc : Coup Blanc : Coup Blanc : Coup Blanc : Coup Blanc : Coup Blanc : Coup Blanc : Coup Blanc : Coup Blanc : Coup Blanc : Coup Blanc : Coup Blanc : Coup Blanc : Coup Blanc : Coup Blanc : Coup Blanc : Coup Blanc : Coup Blanc : Coup Blanc : Coup Blanc : Coup Blanc : Coup Blanc : Coup Blanc : Coup Blanc : Coup Blanc : Coup Blanc : Coup Blanc : Coup Blanc : Coup Blanc : Coup Blanc : Coup Blanc : Coup Blanc : Coup Blanc : Coup Blanc : Coup Blanc : Coup Blanc : Coup Blanc : Coup Blanc : Coup Blanc : Coup Blanc : Coup Blanc : Coup Blanc : Coup Blanc : Coup Blanc : Coup Blanc : Coup Blanc : Coup Blanc : Coup Blanc : Coup Blanc : Coup Blanc : Coup Blanc : Coup Blanc : Coup Blanc : Coup Blanc : Coup Blanc : Coup Blanc : Coup Blanc : Coup Blanc : Coup Blanc : Coup Blanc : Coup Blanc : Coup Blanc : Coup Blanc : Coup Blanc : Coup Blanc : Coup Blanc : Coup Blanc : Coup Blanc : Coup Blanc : Coup Blanc : Coup Blanc : Coup Blanc : Coup Blanc : Coup Blanc : Coup Blanc : Coup Blanc : Coup Blanc : Coup Blanc : Coup Blanc : Coup Blanc : Coup Blanc : Coup Blanc : Coup Blanc : Coup Blanc : Coup Blanc : Coup Blanc : Coup Blanc : Coup Blanc : Coup Blanc : Coup Blanc : Coup Blanc : Coup Blanc : Coup Blanc : Coup Blanc : Coup Blanc : Coup Blanc : Coup Blanc : Coup Blanc : Coup Blanc : Coup Blanc : Coup Blanc : Coup Blanc : Coup Blanc : Coup Blanc : Coup Blanc : Coup Blanc : Coup Blanc : Coup Blanc : Coup Blanc : Coup Blanc : Coup Blanc : Coup Blanc : Coup Blanc : Coup Blanc : Coup Blanc : Coup Blanc : Coup Blanc : Coup Blanc : Coup Blanc : Coup Blanc : Coup Blanc : Coup Blanc : Coup Blanc : Coup Blanc : Coup Blanc : Coup Blanc : Coup Blanc : Coup Blanc : Coup Blanc : Coup Blanc : Coup Blanc : Coup Blanc : Coup Blanc : Coup Blanc : Coup Blanc : Coup Blanc : Coup Blanc : Coup Blanc : Coup Blanc : Coup Blanc : Coup Blanc : Coup Blanc : Coup Blanc : Coup Blanc : Coup Blanc : Coup Blanc : Coup Blanc : Coup Blanc : Coup Blanc : Coup Blanc : Coup Blanc : Coup Blanc : Coup Blanc : Coup Blanc : Coup Blanc : Coup Blanc : Coup Blanc : Coup Blanc : Coup Blanc : Coup Blanc : Coup Blanc : Coup Blanc : Coup Blanc : Coup Blanc : Coup Blanc : Coup Blanc : Coup Blanc : Coup Blanc : Coup Blanc : Coup Blanc : Coup Blanc : Coup Blanc : Coup Blanc : Coup Blanc : Coup Blanc : Coup Blanc : Coup Blanc : Coup Blanc : Coup Blanc : Coup Blanc : Coup Blanc : Coup Blanc : Coup Blanc : Coup Blanc : Coup Blanc : Coup Blanc : Coup Blanc : Coup Blanc : Coup Blanc : Coup Blanc : Coup Blanc : Coup Blanc : Coup Blanc : Coup Blanc : Coup Blanc : Coup Blanc : Coup Blanc : Coup Blanc : Coup Blanc : Coup Blanc : Coup Blanc : Coup Blanc : Coup Blanc : Coup Blanc : Coup Blanc : Coup Blanc : Coup Blanc : Coup Blanc : Coup Blanc : Coup Blanc : Coup Blanc : Coup Blanc : Coup Blanc : Coup Blanc : Coup Blanc : Coup Blanc : Coup Blanc : Coup Blanc : Coup Blanc : Coup Blanc : Coup Blanc : Coup Blanc : Coup Blanc : Coup Blanc : Coup Blanc : Coup Blanc : Coup Blanc : Coup Blanc : Coup Blanc : Coup Blanc : Coup Blanc : Coup Blanc : Coup Blanc : Coup Blanc : Coup Blanc : Coup Blanc : Coup Blanc : Coup Blanc : Coup Blanc : Coup Blanc : Coup Blanc : Coup Blanc : Coup Blanc : Coup Blanc : Coup Blanc : Coup Blanc : Coup Blanc : Coup Blanc : Coup Blanc : Coup Blanc : Coup Blanc : Coup Blanc : Coup Blanc : Coup Blanc : Coup Blanc : Coup Blanc : Coup Blanc : Coup Blanc : Coup Blanc : Coup Blanc : Coup Blanc : Coup Blanc : Coup Blanc : Coup Blanc : Coup Blanc : Coup Blanc : Coup Blanc : Coup Blanc : Coup Blanc : Coup Blanc : Coup Blanc : Coup Blanc : Coup Blanc : Coup Blanc : Coup Blanc : Coup Blanc : Coup Blanc : Coup Blanc : Coup Blanc : Coup Blanc : Coup Blanc : Coup Blanc : Coup Blanc : Coup Blanc : Coup Blanc : Coup Blanc : Coup Blanc : Coup Blanc : Coup Blanc : Coup Blanc : Coup Blanc : Coup Blanc : Coup Blanc : Coup Blanc : Coup Blanc : Coup Blanc : Coup Blanc : Coup Blanc : Coup Blanc : Coup Blanc : Coup Blanc : Coup Blanc : Coup Blanc : Coup Blanc : Coup Blanc : Coup Blanc : Coup Blanc : Coup Blanc : Coup Blanc : Coup Blanc : Coup Blanc : Coup Blanc : Coup Blanc : Coup Blanc : Coup Blanc : Coup Blanc : Coup Blanc : Coup Blanc : Coup Blanc : Coup Blanc : Coup Blanc : Coup Blanc : Coup Blanc : Coup Blanc : Coup Blanc : Coup Blanc : Coup Blanc : Coup Blanc : Coup Blanc : Coup Blanc : Coup Blanc : Coup Blanc : Coup Blanc : Coup Blanc : Coup Blanc : Coup Blanc : Coup Blanc : Coup Blanc : Coup Blanc : Coup Blanc : Coup Blanc : Coup Blanc : Coup Blanc : Coup Blanc : Coup Blanc : Coup Blanc : Coup Blanc : Coup Blanc : Coup Blanc : Coup Blanc : Coup Blanc : Coup Blanc : Coup Blanc : Coup Blanc : Coup Blanc : Coup Blanc : Coup Blanc : Coup Blanc : Coup Blanc : Coup Blanc : Coup Blanc : Coup Blanc : Coup Blanc : Coup Blanc : Coup Blanc : Coup Blanc : Coup Blanc : Coup Blanc : Coup Blanc : Coup Blanc : Coup Blanc : Coup Blanc : Coup Blanc : Coup Blanc : Coup Blanc : Coup Blanc : Coup Blanc : Coup Blanc : Coup Blanc : Coup Blanc : Coup Blanc : Coup Blanc : Coup Blanc : Coup Blanc : Coup Blanc : Coup Blanc : Coup Blanc : Coup Blanc : Coup Blanc : Coup Blanc : Coup Blanc : Coup Blanc : Coup Blanc : Coup Blanc : Coup Blanc : Coup Blanc : Coup Blanc : Coup Blanc : Coup Blanc : Coup Blanc : Coup Blanc : Coup Blanc : Coup Blanc : Coup Blanc : Coup Blanc : Coup Blanc : Coup Blanc : Coup Blanc : Coup Blanc : Coup Blanc : Coup Blanc : Coup Blanc : Coup Blanc : Coup Blanc : Coup Blanc : Coup Blanc : Coup Blanc : Coup Blanc : Coup Blanc : Coup Blanc : Coup Blanc : Coup Blanc : Coup Blanc : Coup Blanc : Coup Blanc : Coup Blanc : Coup Blanc : Coup Blanc : Coup Blanc : Coup Blanc : Coup Blanc : Coup Blanc : Coup Blanc : Coup Blanc : Coup Blanc : Coup Blanc : Coup Blanc : Coup Blanc : Coup Blanc : Coup Blanc : Coup Blanc : Coup Blanc : Coup Blanc : Coup Blanc : Coup Blanc : Coup Blanc : Coup Blanc : Coup Blanc : Coup Blanc : Coup Blanc : Coup Blanc : Coup Blanc : Coup Blanc : Coup Blanc : Coup Blanc : Coup Blanc : Coup Blanc : Coup Blanc : Coup Blanc : Coup Blanc : Coup Blanc : Coup Blanc : Coup Blanc : Coup Blanc : Coup Blanc : Coup Blanc : Coup Blanc : Coup Blanc : Coup Blanc : Coup Blanc : Coup Blanc : Coup Blanc : Coup Blanc : Coup Blanc : Coup Blanc : Coup Blanc : Coup Blanc : Coup Blanc : Coup Blanc : Coup Blanc : Coup Blanc : Coup Blanc : Coup Blanc : Coup Blanc : Coup Blanc : Coup Blanc : Coup Blanc : Coup Blanc : Coup Blanc : Coup Blanc : Coup Blanc : Coup Blanc : Coup Blanc : Coup Blanc : Coup Blanc : Coup Blanc : Coup Blanc : Coup Blanc : Coup Blanc : Coup Blanc : Coup Blanc : Coup Blanc : Coup Blanc : Coup Blanc : Coup Blanc : Coup Blanc : Coup Blanc : Coup Blanc : Coup Blanc : Coup Blanc : Coup Blanc : Coup Blanc : Coup Blanc : Coup Blanc : Coup Blanc : Coup Blanc : Coup Blanc : Coup Blanc : Coup Blanc : Coup Blanc : Coup Blanc : Coup Blanc : Coup Blanc : Coup Blanc : Coup Blanc : Coup Blanc : Coup Blanc : Coup Blanc : Coup Blanc : Coup Blanc : Coup Blanc : Coup Blanc : Coup Blanc : Coup Blanc : Coup Blanc : Coup Blanc : Coup Blanc : Coup Blanc : Coup Blanc : Coup Blanc : Coup Blanc : Coup Blanc : Coup Blanc : Coup Blanc : Coup Blanc : Coup Blanc : Coup Blanc : Coup Blanc : Coup Blanc : Coup Blanc : Coup Blanc : Coup Blanc : Coup Blanc : Coup Blanc : Coup Blanc : Coup Blanc : Coup Blanc : Coup Blanc : Coup Blanc : Coup Blanc : Coup Blanc : Coup Blanc : Coup Blanc : Coup Blanc : Coup Blanc : Coup Blanc : Coup Blanc : Coup Blanc : Coup Blanc : Coup Blanc : Coup Blanc : Coup Blanc : Coup Blanc : Coup Blanc : Coup Blanc : Coup Blanc : Coup Blanc : Coup Blanc : Coup Blanc : Coup Blanc : Coup Blanc : Coup Blanc : Coup Blanc : Coup Blanc : Coup Blanc : Coup Blanc : Coup Blanc : Coup Blanc : Coup Blanc : Coup Blanc : Coup Blanc : Coup Blanc : Coup Blanc : Coup Blanc : Coup Blanc : Coup Blanc : Coup Blanc : Coup Blanc : Coup Blanc : Coup Blanc : Coup Blanc : Coup Blanc : Coup Blanc : Coup Blanc : Coup Blanc : Coup Blanc : Coup Blanc : Coup Blanc : Coup Blanc : Coup Blanc : Coup Blanc : Coup Blanc : Coup Blanc : Coup Blanc : Coup Blanc : Coup Blanc : Coup Blanc : Coup Blanc : Coup Blanc : Coup Blanc : Coup Blanc : Coup Blanc : Coup Blanc : Coup Blanc : Coup Blanc : Coup Blanc : Coup Blanc : Coup Blanc : Coup Blanc : Coup Blanc : Coup Blanc : Coup Blanc : Coup Blanc : Coup Blanc : Coup Blanc : Coup Blanc : Coup Blanc : Coup Blanc : Coup Blanc : Coup Blanc : Coup Blanc : Coup Blanc : Coup Blanc : Coup Blanc : Coup Blanc : Coup Blanc : Coup Blanc : Coup Blanc : Coup Blanc : Coup Blanc : Coup Blanc : Coup Blanc : Coup Blanc : Coup Blanc : Coup Blanc : Coup Blanc : Coup Blanc : Coup Blanc : Coup Blanc : Coup Blanc : Coup Blanc : Coup Blanc : Coup Blanc : Coup Blanc : Coup Blanc : Coup Blanc : Coup Blanc : Coup Blanc : Coup Blanc : Coup Blanc : Coup Blanc : Coup Blanc : Coup Blanc : Coup Blanc : Coup Blanc : Coup Blanc : Coup Blanc : Coup Blanc : Coup Blanc : Coup Blanc : Coup Blanc : Coup Blanc : Coup Blanc : Coup Blanc : Coup Blanc : Coup Blanc : Coup Blanc : Coup Blanc : Coup Blanc : Coup Blanc : Coup Blanc : Coup Blanc : Coup Blanc : Coup Blanc : Coup Blanc : Coup Blanc : Coup Blanc : Coup Blanc : Coup Blanc : Coup Blanc : Coup Blanc : Coup Blanc : Coup Blanc : Coup Blanc : Coup Blanc : Coup Blanc : Coup Blanc : Coup Blanc : Coup Blanc : Coup Blanc : Coup Blanc : Coup Blanc : Coup Blanc : Coup Blanc : Coup Blanc : Coup Blanc : Coup Blanc : Coup Blanc : Coup Blanc : Coup Blanc : Coup Blanc : Coup Blanc : Coup Blanc : Coup Blanc : Coup Blanc : Coup Blanc : Coup Blanc : Coup Blanc : Coup Blanc : Coup Blanc : Coup Blanc : Coup Blanc : Coup Blanc : Coup Blanc : Coup Blanc : Coup Blanc : Coup Blanc : Coup Blanc : Coup Blanc : Coup Blanc : Coup Blanc : Coup Blanc : Coup Blanc : Coup Blanc : Coup Blanc : Coup Blanc : Coup Blanc : Coup Blanc : Coup Blanc : Coup Blanc : Coup Blanc : Coup Blanc : Coup Blanc : Coup Blanc : Coup Blanc : Coup Blanc : Coup Blanc : Coup Blanc : Coup Blanc : Coup Blanc : Coup Blanc : Coup Blanc : Coup Blanc : Coup Blanc : Coup Blanc : Coup Blanc : Coup Blanc : Coup Blanc : Coup Blanc : Coup Blanc : Coup Blanc : Coup Blanc : Coup Blanc : Coup Blanc : Coup Blanc : Coup Blanc : Coup Blanc : Coup Blanc : Coup Blanc : Coup Blanc : Coup Blanc : Coup Blanc : Coup Blanc : Coup Blanc : Coup Blanc : Coup Blanc : Coup Blanc : Coup Blanc : Coup Blanc : Coup Blanc : Coup Blanc : Coup Blanc : Coup Blanc : Coup Blanc : Coup Blanc : Coup Blanc : Coup Blanc : Coup Blanc : Coup Blanc : Coup Blanc : Coup Blanc : Coup Blanc : Coup Blanc : Coup Blanc : Coup Blanc : Coup Blanc : Coup Blanc : Coup Blanc : Coup Blanc : Coup Blanc : Coup Blanc : Coup Blanc : Coup Blanc : Coup Blanc : Coup Blanc : Coup Blanc : Coup Blanc : Coup Blanc : Coup Blanc : Coup Blanc : Coup Blanc : Coup Blanc : Coup Blanc : Coup Blanc : Coup Blanc : Coup Blanc : Coup Blanc : Coup Blanc : Coup Blanc : Coup Blanc : Coup Blanc : Coup Blanc : Coup Blanc : Coup Blanc : Coup Blanc : Coup Blanc : Coup Blanc : Coup Blanc : Coup Blanc : Coup Blanc : Coup Blanc : Coup Blanc : Coup Blanc : Coup Blanc : Coup Blanc : Coup Blanc : Coup Blanc : Coup Blanc : Coup Blanc : Coup Blanc : Coup Blanc : Coup Blanc : Coup Blanc : Coup Blanc : Coup Blanc : Coup Blanc : Coup Blanc : Coup Blanc : Coup Blanc : Coup Blanc : Coup Blanc : Coup Blanc : Coup Blanc : Coup Blanc : Coup Blanc : Coup Blanc : Coup Blanc : Coup Blanc : Coup Blanc : Coup Blanc : Coup Blanc : Coup Blanc : Coup Blanc : Coup Blanc : Coup Blanc : Coup Blanc : Coup Blanc : Coup Blanc : Coup Blanc : Coup Blanc : Coup Blanc : Coup Blanc : Coup Blanc : Coup Blanc : Coup Blanc : Coup Blanc : Coup Blanc : Coup Blanc : Coup Blanc : Coup Blanc : Coup Blanc : Coup Blanc : Coup Blanc : Coup Blanc : Coup Blanc : Coup Blanc : Coup Blanc : Coup Blanc : Coup Blanc : Coup Blanc : Coup Blanc : Coup Blanc : Coup Blanc : Coup Blanc : Coup Blanc : Coup Blanc : Coup Blanc : Coup Blanc : Coup Blanc : Coup Blanc : Coup Blanc : Coup Blanc : Coup Blanc : Coup Blanc : Coup Blanc : Coup Blanc : Coup Blanc : Coup Blanc : Coup Blanc : Coup Blanc : Coup Blanc : Coup Blanc : Coup Blanc : Coup Blanc : Coup Blanc : Coup Blanc : Coup Blanc : Coup Blanc : Coup Blanc : Coup Blanc : Coup Blanc : Coup Blanc : Coup Blanc : Coup Blanc : Coup Blanc : Coup Blanc : Coup Blanc : Coup Blanc : Coup Blanc : Coup Blanc : Coup Blanc : Coup Blanc : Coup Blanc : Coup Blanc : Coup Blanc : Coup Blanc : Coup Blanc : Coup Blanc : Coup Blanc : Coup Blanc : Coup Blanc : Coup Blanc : Coup Blanc : Coup Blanc : Coup Blanc : Coup Blanc : Coup Blanc : Coup Blanc : Coup Blanc : Coup Blanc : Coup Blanc : Coup Blanc : Coup Blanc : Coup Blanc : Coup Blanc : Coup Blanc : Coup Blanc : Coup Blanc : Coup Blanc : Coup Blanc : Coup Blanc : Coup Blanc : Coup Blanc : Coup Blanc : Coup Blanc : Coup Blanc : Coup Blanc : Coup Blanc : Coup Blanc : Coup Blanc : Coup Blanc : Coup Blanc : Coup Blanc : Coup Blanc : Coup Blanc : Coup Blanc : Coup Blanc : Coup Blanc : Coup Blanc : Coup Blanc : Coup Blanc : Coup Blanc : Coup Blanc : Coup Blanc : Coup Blanc : Coup Blanc : Coup Blanc : Coup Blanc : Coup Blanc : Coup Blanc : Coup Blanc : Coup Blanc : Coup Blanc : Coup Blanc : Coup Blanc : Coup Blanc : Coup Blanc : Coup Blanc : Coup Blanc : Coup Blanc : Coup Blanc : Coup Blanc : Coup Blanc : Coup Blanc : Coup Blanc : Coup Blanc : Coup Blanc : Coup Blanc : Coup Blanc : Coup Blanc : Coup Blanc : Coup Blanc : Coup Blanc : Coup Blanc : Coup Blanc : Coup Blanc : Coup Blanc : Coup Blanc : Coup Blanc : Coup Blanc : Coup Blanc : Coup Blanc : Coup Blanc : Coup Blanc : Coup Blanc : Coup Blanc : Coup Blanc : Coup Blanc : Coup Blanc : Coup Blanc : Coup Blanc : Coup Blanc : Coup Blanc : Coup Blanc : Coup Blanc : Coup Blanc : Coup Blanc : Coup Blanc : Coup Blanc : Coup Blanc : Coup Blanc : Coup Blanc : Coup Blanc : Coup Blanc : Coup Blanc : Coup Blanc : Coup Blanc : Coup Blanc : Coup Blanc : Coup Blanc : Coup Blanc : Coup Blanc : Coup Blanc : Coup Blanc : Coup Blanc : Coup Blanc : Coup Blanc : Coup Blanc : Coup Blanc : Coup Blanc : Coup Blanc : Coup Blanc : Coup Blanc : Coup Blanc : Coup Blanc : Coup Blanc : Coup Blanc : Coup Blanc : Coup Blanc : Coup Blanc : Coup Blanc : Coup Blanc : Coup Blanc : Coup Blanc : Coup Blanc : Coup Blanc : Coup Blanc : Coup Blanc : Coup Blanc : Coup Blanc : Coup Blanc : Coup Blanc : Coup Blanc : Coup Blanc : Coup Blanc : Coup Blanc : Coup Blanc : Coup Blanc : Coup Blanc : Coup Blanc : Coup Blanc : Coup Blanc : Coup Blanc : Coup Blanc : Coup Blanc : Coup Blanc : Coup Blanc : Coup Blanc : Coup Blanc : Coup Blanc : Coup Blanc : Coup Blanc : Coup Blanc : Coup Blanc : Coup Blanc : Coup Blanc : Coup Blanc : Coup Blanc : Coup Blanc : Coup Blanc : Coup Blanc : Coup Blanc : Coup Blanc : Coup Blanc : Coup Blanc : Coup Blanc : Coup Blanc : Coup Blanc : Coup Blanc : Coup Blanc : Coup Blanc : Coup Blanc : Coup Blanc : Coup Blanc : Coup Blanc : Coup Blanc : Coup Blanc : Coup Blanc : Coup Blanc : Coup Blanc : Coup Blanc : Coup Blanc : Coup Blanc : Coup Blanc : Coup Blanc : Coup Blanc : Coup Blanc : Coup Blanc : Coup Blanc : Coup Blanc : Coup Blanc : Coup Blanc : Coup Blanc : Coup Blanc : Coup Blanc : Coup Blanc : Coup Blanc : Coup Blanc : Coup Blanc : Coup Blanc : Coup Blanc : Coup Blanc : Coup Blanc : Coup Blanc : Coup Blanc : Coup Blanc : Coup Blanc : Coup Blanc : Coup Blanc : Coup Blanc : Coup Blanc : Coup Blanc : Coup Blanc : Coup Blanc : Coup Blanc : Coup Blanc : Coup Blanc : Coup Blanc : Coup Blanc : Coup Blanc : Coup Blanc : Coup Blanc : Coup Blanc : Coup Blanc : Coup Blanc : Coup Blanc : Coup Blanc : Coup Blanc : Coup Blanc : Coup Blanc : Coup Blanc : Coup Blanc : Coup Blanc : Coup Blanc : Coup Blanc : Coup Blanc : Coup Blanc : Coup Blanc : Coup Blanc : Coup Blanc : Coup Blanc : Coup Blanc : Coup Blanc : Coup Blanc : Coup Blanc : Coup Blanc : Coup Blanc : Coup Blanc : Coup Blanc : Coup Blanc : Coup Blanc : Coup Blanc : Coup Blanc : Coup Blanc : Coup Blanc : Coup Blanc : Coup Blanc : Coup Blanc : Coup Blanc : Coup Blanc : Coup Blanc : Coup Blanc : Coup Blanc : Coup Blanc : Coup Blanc : Coup Blanc : Coup Blanc : Coup Blanc : Coup Blanc : Coup Blanc : Coup Blanc : Coup Blanc : Coup Blanc : Coup Blanc : Coup Blanc : Coup Blanc : Coup Blanc : Coup Blanc : Coup Blanc : Coup Blanc : Coup Blanc : Coup Blanc : Coup Blanc : Coup Blanc : Coup Blanc : Coup Blanc : Coup Blanc : Coup Blanc : Coup Blanc : Coup Blanc : Coup Blanc : Coup Blanc : Coup Blanc : Coup Blanc : Coup Blanc : Coup Blanc : Coup Blanc : Coup Blanc : Coup Blanc : Coup Blanc : Coup Blanc : Coup Blanc : Coup Blanc : Coup Blanc : Coup Blanc : Coup Blanc : Coup Blanc : Coup Blanc : Coup Blanc : Coup Blanc : Coup Blanc : Coup Blanc : Coup Blanc : Coup Blanc : Coup Blanc : Coup Blanc : Coup Blanc : Coup Blanc : Coup Blanc : Coup Blanc : Coup Blanc : Coup Blanc : Coup Blanc : Coup Blanc : Coup Blanc : Coup Blanc : Coup Blanc : Coup Blanc : Coup Blanc : Coup Blanc : Coup Blanc : Coup Blanc : Coup Blanc : Coup Blanc : Coup Blanc : Coup Blanc : Coup Blanc : Coup Blanc : Coup Blanc : Coup Blanc : Coup Blanc : Coup Blanc : Coup Blanc : Coup Blanc : Coup Blanc : Coup Blanc : Coup Blanc : Coup Blanc : Coup Blanc : Coup Blanc : Coup Blanc : Coup Blanc : Coup Blanc : Coup Blanc : Coup Blanc : Coup Blanc : Coup Blanc : Coup Blanc : Coup Blanc : Coup Blanc : Coup Blanc : Coup Blanc : Coup Blanc : Coup Blanc : Coup Blanc : Coup Blanc : Coup Blanc : Coup Blanc : Coup Blanc : Coup Blanc : Coup Blanc : Coup Blanc : Coup Blanc : Coup Blanc : Coup Blanc : Coup Blanc : Coup Blanc : Coup Blanc : Coup Blanc : Coup Blanc : Coup Blanc : Coup Blanc : Coup Blanc : Coup Blanc : Coup Blanc : Coup Blanc : Coup Blanc : Coup Blanc : Coup Blanc : Coup Blanc : Coup Blanc : Coup Blanc : Coup Blanc : Coup Blanc : Coup Blanc : Coup Blanc : Coup Blanc : Coup Blanc : Coup Blanc : Coup Blanc : Coup Blanc : Coup Blanc : Coup Blanc : Coup Blanc : Coup Blanc : Coup Blanc : Coup Blanc : Coup Blanc : Coup Blanc : Coup Blanc : Coup Blanc : Coup Blanc : Coup Blanc : Coup Blanc : Coup Blanc : Coup Blanc : Coup Blanc : Coup Blanc : Coup Blanc : Coup Blanc : Coup Blanc : Coup Blanc : Coup Blanc : Coup Blanc : Coup Blanc : Coup Blanc : Coup Blanc : Coup Blanc : Coup Blanc : Coup Blanc : Coup Blanc : Coup Blanc : Coup Blanc : Coup Blanc : Coup Blanc : Coup Blanc : Coup Blanc : Coup Blanc : Coup Blanc : Coup Blanc : Coup Blanc : Coup Blanc : Coup Blanc : Coup Blanc : Coup Blanc : Coup Blanc : Coup Blanc : Coup Blanc : Coup Blanc : Coup Blanc : Coup Blanc : Coup Blanc : Coup Blanc : Coup Blanc : Coup Blanc : Coup Blanc : Coup Blanc : Coup Blanc : Coup Blanc : Coup Blanc : Coup Blanc : Coup Blanc : Coup Blanc : Coup Blanc : Coup Blanc : Coup Blanc : Coup Blanc : Coup Blanc : Coup Blanc : Coup Blanc : Coup Blanc : Coup Blanc : Coup Blanc : Coup Blanc : Coup Blanc : Coup Blanc : Coup Blanc : Coup Blanc : Coup Blanc : Coup Blanc : Coup Blanc : Coup Blanc : Coup Blanc : Coup Blanc : Coup Blanc : Coup Blanc : Coup Blanc : Coup Blanc : Coup Blanc : Coup Blanc : Coup Blanc : Coup Blanc : Coup Blanc : Coup Blanc : Coup Blanc : Coup Blanc : Coup Blanc : Coup Blanc : Coup Blanc : Coup Blanc : Coup Blanc : Coup Blanc : Coup Blanc : Coup Blanc : Coup Blanc : Coup Blanc : Coup Blanc : Coup Blanc : Coup Blanc : Coup Blanc : Coup Blanc : Coup Blanc : Coup Blanc : Coup Blanc : Coup Blanc : Coup Blanc : Coup Blanc : Coup Blanc : Coup Blanc : Coup Blanc : Coup Blanc : Coup Blanc : Coup Blanc : Coup Blanc : Coup Blanc : Coup Blanc : Coup Blanc : Coup Blanc : Coup Blanc : Coup Blanc : Coup Blanc : Coup Blanc : Coup Blanc : Coup Blanc : Coup Blanc : Coup Blanc : Coup Blanc : Coup Blanc : Coup Blanc : Coup Blanc : Coup Blanc : Coup Blanc : Coup Blanc : Coup Blanc : Coup Blanc : Coup Blanc : Coup Blanc : Coup Blanc : Coup Blanc : Coup Blanc : Coup Blanc : Coup Blanc : Coup Blanc : Coup Blanc : Coup Blanc : Coup Blanc : Coup Blanc : Coup Blanc : Coup Blanc : Coup Blanc : Coup Blanc : Coup Blanc : Coup Blanc : Coup Blanc : Coup Blanc : Coup Blanc : Coup Blanc : Coup Blanc : Coup Blanc : Coup Blanc : Coup Blanc : Coup Blanc : Coup Blanc : Coup Blanc : Coup Blanc : Coup Blanc : Coup Blanc : Coup Blanc : Coup Blanc : Coup Blanc : Coup Blanc : Coup Blanc : Coup Blanc : Coup Blanc : Coup Blanc : Coup Blanc : Coup Blanc : Coup Blanc : Coup Blanc : Coup Blanc : Coup Blanc : Coup Blanc : Coup Blanc : Coup Blanc : Coup Blanc : Coup Blanc : Coup Blanc : Coup Blanc : Coup Blanc : Coup Blanc : Coup Blanc : Coup Blanc : Coup Blanc : Coup Blanc : Coup Blanc : Coup Blanc : Coup Blanc : Coup Blanc : Coup Blanc : Coup Blanc : Coup Blanc : Coup Blanc : Coup Blanc : Coup Blanc : Coup Blanc : Coup Blanc : Coup Blanc : Coup Blanc : Coup Blanc : Coup Blanc : Coup Blanc : Coup Blanc : Coup Blanc : Coup Blanc : Coup Blanc : Coup Blanc : Coup Blanc : Coup Blanc : Coup Blanc : Coup Blanc : Coup Blanc : Coup Blanc : Coup Blanc : Coup Blanc : Coup Blanc : Coup Blanc : Coup Blanc : Coup Blanc : Coup Blanc : Coup Blanc : Coup Blanc : Coup Blanc : Coup Blanc : Coup Blanc : Coup Blanc : Coup Blanc : Coup Blanc : Coup Blanc : Coup Blanc : Coup Blanc : Coup Blanc : Coup Blanc : Coup Blanc : Coup Blanc : Coup Blanc : Coup Blanc : Coup Blanc : Coup Blanc : Coup Blanc : Coup Blanc : Coup Blanc : Coup Blanc : Coup Blanc : Coup Blanc : Coup Blanc : Coup Blanc : Coup Blanc : Coup Blanc : Coup Blanc : Coup Blanc : Coup Blanc : Coup Blanc : Coup Blanc : Coup Blanc : Coup Blanc : Coup Blanc : Coup Blanc : Coup Blanc : Coup Blanc : Coup Blanc : Coup Blanc : Coup Blanc : Coup Blanc : Coup Blanc : Coup Blanc : Coup Blanc : Coup Blanc : Coup Blanc : Coup Blanc : Coup Blanc : Coup Blanc : Coup Blanc : Coup Blanc : Coup Blanc : Coup Blanc : Coup Blanc : Coup Blanc : Coup Blanc : Coup Blanc : Coup Blanc : Coup Blanc : Coup Blanc : Coup Blanc : Coup Blanc : Coup Blanc : Coup Blanc : Coup Blanc : Coup Blanc : Coup Blanc : Coup Blanc : Coup Blanc : Coup Blanc : Coup Blanc : Coup Blanc : Coup Blanc : Coup Blanc : Coup Blanc : Coup Blanc : Coup Blanc : Coup Blanc : Coup Blanc : Coup Blanc : Coup Blanc : Coup Blanc : Coup Blanc : Coup Blanc : Coup Blanc : Coup Blanc : Coup Blanc : Coup Blanc : Coup Blanc : Coup Blanc : Coup Blanc : Coup Blanc : Coup Blanc : Coup Blanc : Coup Blanc : Coup Blanc : Coup Blanc : Coup Blanc : Coup Blanc : Coup Blanc : Coup Blanc : Coup Blanc : Coup Blanc : Coup Blanc : Coup Blanc : Coup Blanc : Coup Blanc : Coup Blanc : Coup Blanc : Coup Blanc : Coup Blanc : Coup Blanc : Coup Blanc : Coup Blanc : Coup Blanc : Coup Blanc : Coup Blanc : Coup Blanc : Coup Blanc : Coup Blanc : Coup Blanc : Coup Blanc : Coup Blanc : Coup Blanc : Coup Blanc : Coup Blanc : Coup Blanc : Coup Blanc : Coup Blanc : Coup Blanc : Coup Blanc : Coup Blanc : Coup Blanc : Coup Blanc : Coup Blanc : Coup Blanc : Coup Blanc : Coup Blanc : Coup Blanc : Coup Blanc : Coup Blanc : Coup Blanc : Coup Blanc : Coup Blanc : Coup Blanc : Coup Blanc : Coup Blanc : Coup Blanc : Coup Blanc : Coup Blanc : Coup Blanc : Coup Blanc : Coup Blanc : Coup Blanc : Coup Blanc : Coup Blanc : Coup Blanc : Coup Blanc : Coup Blanc : Coup Blanc : Coup Blanc : Coup Blanc : Coup Blanc : Coup Blanc : Coup Blanc : Coup Blanc : Coup Blanc : Coup Blanc : Coup Blanc : Coup Blanc : Coup Blanc : Coup Blanc : Coup Blanc : Coup Blanc : Coup Blanc : Coup Blanc : Coup Blanc : Coup Blanc : Coup Blanc : Coup Blanc : Coup Blanc : Coup Blanc : Coup Blanc : Coup Blanc : Coup Blanc : Coup Blanc : Coup Blanc : Coup Blanc : Coup Blanc : Coup Blanc : Coup Blanc : Coup Blanc : Coup Blanc : Coup Blanc : Coup Blanc : Coup Blanc : Coup Blanc : Coup Blanc : Coup Blanc : Coup Blanc : Coup Blanc : Coup Blanc : Coup Blanc : Coup Blanc : Coup Blanc : Coup Blanc : Coup Blanc : Coup Blanc : Coup Blanc : Coup Blanc : Coup Blanc : Coup Blanc : Coup Blanc : Coup Blanc : Coup Blanc : Coup Blanc : Coup Blanc : Coup Blanc : Coup Blanc : Coup Blanc : Coup Blanc : Coup Blanc : Coup Blanc : Coup Blanc : Coup Blanc : Coup Blanc : Coup Blanc : Coup Blanc : Coup Blanc : Coup Blanc : Coup Blanc : Coup Blanc : Coup Blanc : Coup Blanc : Coup Blanc : Coup Blanc : Coup Blanc : Coup Blanc : Coup Blanc : Coup Blanc : Coup Blanc : Coup Blanc : Coup Blanc : Coup Blanc : Coup Blanc : Coup Blanc : Coup Blanc : Coup Blanc : Coup Blanc : Coup Blanc : Coup Blanc : Coup Blanc : Coup Blanc : Coup Blanc : Coup Blanc : Coup Blanc : Coup Blanc : Coup Blanc : Coup Blanc : Coup Blanc : Coup Blanc : Coup Blanc : Coup Blanc : Coup Blanc : Coup Blanc : Coup Blanc : Coup Blanc : Coup Blanc : Coup Blanc : Coup Blanc : Coup Blanc : Coup Blanc : Coup Blanc : Coup Blanc : Coup Blanc : Coup Blanc : Coup Blanc : Coup Blanc : Coup Blanc : Coup Blanc : Coup Blanc : Coup Blanc : Coup Blanc : Coup Blanc : Coup Blanc : Coup Blanc : Coup Blanc : Coup Blanc : Coup Blanc : Coup Blanc : Coup Blanc : Coup Blanc : Coup Blanc : Coup Blanc : Coup Blanc : Coup Blanc : Coup Blanc : Coup Blanc : Coup Blanc : Coup Blanc : Coup Blanc : Coup Blanc : Coup Blanc : Coup Blanc : Coup Blanc : Coup Blanc : Coup Blanc : Coup Blanc : Coup Blanc : Coup Blanc : Coup Blanc : Coup Blanc : Coup Blanc : Coup Blanc : Coup Blanc : Coup Blanc : Coup Blanc : Coup Blanc : Coup Blanc : Coup Blanc : Coup Blanc : Coup Blanc : Coup Blanc : Coup Blanc : Coup Blanc : Coup Blanc : Coup Blanc : Coup Blanc : Coup Blanc : Coup Blanc : Coup Blanc : Coup Blanc : Coup Blanc : Coup Blanc : Coup Blanc : Coup Blanc : Coup Blanc : Coup Blanc : Coup Blanc : Coup Blanc : Coup Blanc : Coup Blanc : Coup Blanc : Coup Blanc : Coup Blanc : Coup Blanc : Coup Blanc : Coup Blanc : Coup Blanc : Coup Blanc : Coup Blanc : Coup Blanc : Coup Blanc : Coup Blanc : Coup Blanc : Coup Blanc : Coup Blanc : Coup Blanc : Coup Blanc : Coup Blanc : Coup Blanc : Coup Blanc : Coup Blanc : Coup Blanc : Coup Blanc : Coup Blanc : Coup Blanc : Coup Blanc : Coup Blanc : Coup Blanc : Coup Blanc : Coup Blanc : Coup Blanc : Coup Blanc : Coup Blanc : Coup Blanc : Coup Blanc : Coup Blanc : Coup Blanc : Coup Blanc : Coup Blanc : Coup Blanc : Coup Blanc : Coup Blanc : Coup Blanc : Coup Blanc : Coup Blanc : Coup Blanc : Coup Blanc : Coup Blanc : Coup Blanc : Coup Blanc : Coup Blanc : Coup Blanc : Coup Blanc : Coup Blanc : Coup Blanc : Coup Blanc : Coup Blanc : Coup Blanc : Coup Blanc : Coup Blanc : Coup Blanc : Coup Blanc : Coup Blanc : Coup Blanc : Coup Blanc : Coup Blanc : Coup Blanc : Coup Blanc : Coup Blanc : Coup Blanc : Coup Blanc : Coup Blanc : Coup Blanc : Coup Blanc : Coup Blanc : Coup Blanc : Coup Blanc : Coup Blanc : Coup Blanc : Coup Blanc : Coup Blanc : Coup Blanc : Coup Blanc : Coup Blanc : Coup Blanc : Coup Blanc : Coup Blanc : Coup Blanc : Coup Blanc : Coup Blanc : Coup Blanc : Coup Blanc : Coup Blanc : Coup Blanc : Coup Blanc : Coup Blanc : Coup Blanc : Coup Blanc : Coup Blanc : Coup Blanc : Coup Blanc : Coup Blanc : Coup Blanc : Coup Blanc : Coup Blanc : Coup Blanc : Coup Blanc : Coup Blanc : Coup Blanc : Coup Blanc : Coup Blanc : Coup Blanc : Coup Blanc : Coup Blanc : Coup Blanc : Coup Blanc : Coup Blanc : Coup Blanc : Coup Blanc : Coup Blanc : Coup Blanc : Coup Blanc : Coup Blanc : Coup Blanc : Coup Blanc : Coup Blanc : Coup Blanc : Coup Blanc : Coup Blanc : Coup Blanc : Coup Blanc : Coup Blanc : Coup Blanc : Coup Blanc : Coup Blanc : Coup Blanc : Coup Blanc : Coup Blanc : Coup Blanc : Coup Blanc : Coup Blanc : Coup Blanc : Coup Blanc : Coup Blanc : Coup Blanc : Coup Blanc : Coup Blanc : Coup Blanc : Coup Blanc : Coup Blanc : Coup Blanc : Coup Blanc : Coup Blanc : Coup Blanc : Coup Blanc : Coup Blanc : Coup Blanc : Coup Blanc : Coup Blanc : Coup Blanc : Coup Blanc : Coup Blanc : Coup Blanc : Coup Blanc : Coup Blanc : Coup Blanc : Coup Blanc : Coup Blanc : Coup Blanc : Coup Blanc : Coup Blanc : Coup Blanc : Coup Blanc : Coup Blanc : Coup Blanc : Coup Blanc : Coup Blanc : Coup Blanc : Coup Blanc : Coup Blanc : Coup Blanc : Coup Blanc : Coup Blanc : Coup Blanc : Coup Blanc : Coup Blanc : Coup Blanc : Coup Blanc : Coup Blanc : Coup Blanc : Coup Blanc : Coup Blanc : Coup Blanc : Coup Blanc : Coup Blanc : Coup Blanc : Coup Blanc : Coup Blanc : Coup Blanc : Coup Blanc : Coup Blanc : Coup Blanc : Coup Blanc : Coup Blanc : Coup Blanc : Coup Blanc : Coup Blanc : Coup Blanc : Coup Blanc : Coup Blanc : Coup Blanc : Coup Blanc : Coup Blanc : Coup Blanc : Coup Blanc : Coup Blanc : Coup Blanc : Coup Blanc : Coup Blanc : Coup Blanc : Coup Blanc : Coup Blanc : Coup Blanc : Coup Blanc : Coup Blanc : Coup Blanc : Coup Blanc : Coup Blanc : Coup Blanc : Coup Blanc : Coup Blanc : Coup Blanc : Coup Blanc : Coup Blanc : Coup Blanc : Coup Blanc : Coup Blanc : Coup Blanc : Coup Blanc : Coup Blanc : Coup Blanc : Coup Blanc : Coup Blanc : Coup Blanc : Coup Blanc : Coup Blanc : Coup Blanc : Coup Blanc : Coup Blanc : Coup Blanc : Coup Blanc : Coup Blanc : Coup Blanc : Coup Blanc : Coup Blanc : Coup Blanc : Coup Blanc : Coup Blanc : Coup Blanc : Coup Blanc : Coup Blanc : Coup Blanc : Coup Blanc : Coup Blanc : Coup Blanc : Coup Blanc : Coup Blanc : Coup Blanc : Coup Blanc : Coup Blanc : Coup Blanc : Coup Blanc : Coup Blanc : Coup Blanc : Coup Blanc : Coup Blanc : Coup Blanc : Coup Blanc : Coup Blanc : Coup Blanc : Coup Blanc : Coup Blanc : Coup Blanc : Coup Blanc : Coup Blanc : Coup Blanc : Coup Blanc : Coup Blanc : Coup Blanc : Coup Blanc : Coup Blanc : Coup Blanc : Coup Blanc : Coup Blanc : Coup Blanc : Coup Blanc : Coup Blanc : Coup Blanc : Coup Blanc : Coup Blanc : Coup Blanc : Coup Blanc : Coup Blanc : Coup Blanc : Coup Blanc : Coup Blanc : Coup Blanc : Coup Blanc : Coup Blanc : Coup Blanc : Coup Blanc : Coup Blanc : Coup Blanc : Coup Blanc : Coup Blanc : Coup Blanc : Coup Blanc : Coup Blanc : Coup Blanc : Coup Blanc : Coup Blanc : Coup Blanc : Coup Blanc : Coup Blanc : Coup Blanc : Coup Blanc : Coup Blanc : Coup Blanc : Coup Blanc : Coup Blanc : Coup Blanc : Coup Blanc : Coup Blanc : Coup Blanc : Coup Blanc : Coup Blanc : Coup Blanc : Coup Blanc : Coup Blanc : Coup Blanc : Coup Blanc : Coup Blanc : Coup Blanc : Coup Blanc : Coup Blanc : Coup Blanc : Coup Blanc : Coup Blanc : Coup Blanc : Coup Blanc : Coup Blanc : Coup Blanc : Coup Blanc : Coup Blanc : Coup Blanc : Coup Blanc : Coup Blanc : Coup Blanc : Coup Blanc : Coup Blanc : Coup Blanc : Coup Blanc : Coup Blanc : Coup Blanc : Coup Blanc : Coup Blanc : Coup Blanc : Coup Blanc : Coup Blanc : Coup Blanc : Coup Blanc : Coup Blanc : Coup Blanc : Coup Blanc : Coup Blanc : Coup Blanc : Coup Blanc : Coup Blanc : Coup Blanc : Coup Blanc : Coup Blanc : Coup Blanc : Coup Blanc : Coup Blanc : Coup Blanc : Coup Blanc : Coup Blanc : Coup Blanc : Coup Blanc : Coup Blanc : Coup Blanc : Coup Blanc : Coup Blanc : Coup Blanc : Coup Blanc : Coup Blanc : Coup Blanc : Coup Blanc : Coup Blanc : Coup Blanc : Coup Blanc : Coup Blanc : Coup Blanc : Coup Blanc : Coup Blanc : Coup Blanc : Coup Blanc : Coup Blanc : Coup Blanc : Coup Blanc : Coup Blanc : Coup Blanc : Coup Blanc : Coup Blanc : Coup Blanc : Coup Blanc : Coup Blanc : Coup Blanc : Coup Blanc : Coup Blanc : Coup Blanc : Coup Blanc : Coup Blanc : Coup Blanc : Coup Blanc : Coup Blanc : Coup Blanc : Coup Blanc : Coup Blanc : Coup Blanc : Coup Blanc : Coup Blanc : Coup Blanc : Coup Blanc : Coup Blanc : Coup Blanc : Coup Blanc : Coup Blanc : Coup Blanc : Coup Blanc : Coup Blanc : Coup Blanc : Coup Blanc : Coup Blanc : Coup Blanc : Coup Blanc : Coup Blanc : Coup Blanc : Coup Blanc : Coup Blanc : Coup Blanc : Coup Blanc : Coup Blanc : Coup Blanc : Coup Blanc : Coup Blanc : Coup Blanc : Coup Blanc : Coup Blanc : Coup Blanc : Coup Blanc : Coup Blanc : Coup Blanc : Coup Blanc : Coup Blanc : Coup Blanc : Coup Blanc : Coup Blanc : Coup Blanc : Coup Blanc : Coup Blanc : Coup Blanc : Coup Blanc : Coup Blanc : Coup Blanc : Coup Blanc : Coup Blanc : Coup Blanc : Coup Blanc : Coup Blanc : Coup Blanc : Coup Blanc : Coup Blanc : Coup Blanc : Coup Blanc : Coup Blanc : Coup Blanc : Coup Blanc : Coup Blanc : Coup Blanc : Coup Blanc : Coup Blanc : Coup Blanc : Coup Blanc : Coup Blanc : Coup Blanc : Coup Blanc : Coup Blanc : Coup Blanc : Coup Blanc : Coup Blanc : Coup Blanc : Coup Blanc : Coup Blanc : Coup Blanc : Coup Blanc : Coup Blanc : Coup Blanc : Coup Blanc : Coup Blanc : Coup Blanc : Coup Blanc : Coup Blanc : Coup Blanc : Coup Blanc : Coup Blanc : Coup Blanc : Coup Blanc : Coup Blanc : Coup Blanc : Coup Blanc : Coup Blanc : Coup Blanc : Coup Blanc : Coup Blanc : Coup Blanc : Coup Blanc : Coup Blanc : Coup Blanc : Coup Blanc : Coup Blanc : Coup Blanc : Coup Blanc : Coup Blanc : Coup Blanc : Coup Blanc : Coup Blanc : Coup Blanc : Coup Blanc : Coup Blanc : Coup Blanc : Coup Blanc : Coup Blanc : Coup Blanc : Coup Blanc : Coup Blanc : Coup Blanc : Coup Blanc : Coup Blanc : Coup Blanc : Coup Blanc : Coup Blanc : Coup Blanc : Coup Blanc : Coup Blanc : Coup Blanc : Coup Blanc : Coup Blanc : Coup Blanc : Coup Blanc : Coup Blanc : Coup Blanc : Coup Blanc : Coup Blanc : Coup Blanc : Coup Blanc : Coup Blanc : Coup Blanc : Coup Blanc : Coup Blanc : Coup Blanc : Coup Blanc : Coup Blanc : Coup Blanc : Coup Blanc : Coup Blanc : Coup Blanc : Coup Blanc : Coup Blanc : Coup Blanc : Coup Blanc : Coup Blanc : Coup Blanc : Coup Blanc : Coup Blanc : Coup Blanc : Coup Blanc : Coup Blanc : Coup Blanc : Coup Blanc : Coup Blanc : Coup Blanc : Coup Blanc : Coup Blanc : Coup Blanc : Coup Blanc : Coup Blanc : Coup Blanc : Coup Blanc : Coup Blanc : Coup Blanc : Coup Blanc : Coup Blanc : Coup Blanc : Coup Blanc : Coup Blanc : Coup Blanc : Coup Blanc : Coup Blanc : Coup Blanc : Coup Blanc : Coup Blanc : Coup Blanc : Coup Blanc : Coup Blanc : Coup Blanc : Coup Blanc : Coup Blanc : Coup Blanc : Coup Blanc : Coup Blanc : Coup Blanc : Coup Blanc : Coup Blanc : Coup Blanc : Coup Blanc : Coup Blanc : Coup Blanc : Coup Blanc : Coup Blanc : Coup Blanc : Coup Blanc : Coup Blanc : Coup Blanc : Coup Blanc : Coup Blanc : Coup Blanc : Coup Blanc : Coup Blanc : Coup Blanc : Coup Blanc : Coup Blanc : Coup Blanc : Coup Blanc : Coup Blanc : Coup Blanc : Coup Blanc : Coup Blanc : Coup Blanc : Coup Blanc : Coup Blanc : Coup Blanc : Coup Blanc : Coup Blanc : Coup Blanc : Coup Blanc : Coup Blanc : Coup Blanc : Coup Blanc : Coup Blanc : Coup Blanc : Coup Blanc : Coup Blanc : Coup Blanc : Coup Blanc : Coup Blanc : Coup Blanc : Coup Blanc : Coup Blanc : Coup Blanc : Coup Blanc : Coup Blanc : Coup Blanc : Coup Blanc : Coup Blanc : Coup Blanc : Coup Blanc : Coup Blanc : Coup Blanc : Coup Blanc : Coup Blanc : Coup Blanc : Coup Blanc : Coup Blanc : Coup Blanc : Coup Blanc : Coup Blanc : Coup Blanc : Coup Blanc : Coup Blanc : Coup Blanc : Coup Blanc : Coup Blanc : Coup Blanc : Coup Blanc : Coup Blanc : Coup Blanc : Coup Blanc : Coup Blanc : Coup Blanc : Coup Blanc : Coup Blanc : Coup Blanc : Coup Blanc : Coup Blanc : Coup Blanc : Coup Blanc : Coup Blanc : Coup Blanc : Coup Blanc : Coup Blanc : Coup Blanc : Coup Blanc : Coup Blanc : Coup Blanc : Coup Blanc : Coup Blanc : Coup Blanc : Coup Blanc : Coup Blanc : Coup Blanc : Coup Blanc : Coup Blanc : Coup Blanc : Coup Blanc : Coup Blanc : Coup Blanc : Coup Blanc : Coup Blanc : Coup Blanc : Coup Blanc : Coup Blanc : Coup Blanc : Coup Blanc : Coup Blanc : Coup Blanc : Coup Blanc : Coup Blanc : Coup Blanc : Coup Blanc : Coup Blanc : Coup Blanc : Coup Blanc : Coup Blanc : Coup Blanc : Coup Blanc : Coup Blanc : Coup Blanc : Coup Blanc : Coup Blanc : Coup Blanc : Coup Blanc : Coup Blanc : Coup Blanc : Coup Blanc : Coup Blanc : Coup Blanc : Coup Blanc : Coup Blanc : Coup Blanc : Coup Blanc : Coup Blanc : Coup Blanc : Coup Blanc : Coup Blanc : Coup Blanc : Coup Blanc : Coup Blanc : Coup Blanc : Coup Blanc : Coup Blanc : Coup Blanc : Coup Blanc : Coup Blanc : Coup Blanc : Coup Blanc : Coup Blanc : Coup Blanc : Coup Blanc : Coup Blanc : Coup Blanc : Coup Blanc : Coup Blanc : Coup Blanc : Coup Blanc : Coup Blanc : Coup Blanc : Coup Blanc : Coup Blanc : Coup Blanc : Coup Blanc : Coup Blanc : Coup Blanc : Coup Blanc : Coup Blanc : Coup Blanc : Coup Blanc : Coup Blanc : Coup Blanc : Coup Blanc : Coup Blanc : Coup Blanc : Coup Blanc : Coup Blanc : Coup Blanc : Coup Blanc : Coup Blanc : Coup Blanc : Coup Blanc : Coup Blanc : Coup Blanc : Coup Blanc : Coup Blanc : Coup Blanc : Coup Blanc : Coup Blanc : Coup Blanc : Coup Blanc : Coup Blanc : Coup Blanc : Coup Blanc : Coup Blanc : Coup Blanc : Coup Blanc : Coup Blanc : Coup Blanc : Coup Blanc : Coup Blanc : Coup Blanc : Coup Blanc : Coup Blanc : Coup Blanc : Coup Blanc : Coup Blanc : Coup Blanc : Coup Blanc : Coup Blanc : Coup Blanc : Coup Blanc : Coup Blanc : Coup Blanc : Coup Blanc : Coup Blanc : Coup Blanc : Coup Blanc : Coup Blanc : Coup Blanc : Coup Blanc : Coup Blanc : Coup Blanc : Coup Blanc : Coup Blanc : Coup Blanc : Coup Blanc : Coup Blanc : Coup Blanc : Coup Blanc : Coup Blanc : Coup Blanc : Coup Blanc : Coup Blanc : Coup Blanc : Coup Blanc : Coup Blanc : Coup Blanc : Coup Blanc : Coup Blanc : Coup Blanc : Coup Blanc : Coup Blanc : Coup Blanc : Coup Blanc : Coup Blanc : Coup Blanc : Coup Blanc : Coup Blanc : Coup Blanc : Coup Blanc : Coup Blanc : Coup Blanc : Coup Blanc : Coup Blanc : Coup Blanc : Coup Blanc : Coup Blanc : Coup Blanc : Coup Blanc : Coup Blanc : Coup Blanc : Coup Blanc : Coup Blanc : Coup Blanc : Coup Blanc : Coup Blanc : Coup Blanc : Coup Blanc : Coup Blanc : Coup Blanc : Coup Blanc : Coup Blanc : Coup Blanc : Coup Blanc : Coup Blanc : Coup Blanc : Coup Blanc : Coup Blanc : Coup Blanc : Coup Blanc : Coup Blanc : Coup Blanc : Coup Blanc : Coup Blanc : Coup Blanc : Coup Blanc : Coup Blanc : Coup Blanc : Coup Blanc : Coup Blanc : Coup Blanc : Coup Blanc : Coup Blanc : Coup Blanc : Coup Blanc : Coup Blanc : Coup Blanc : Coup Blanc : Coup Blanc : Coup Blanc : Coup Blanc : Coup Blanc : Coup Blanc : Coup Blanc : Coup Blanc : Coup Blanc : Coup Blanc : Coup Blanc : Coup Blanc : Coup Blanc : Coup Blanc : Coup Blanc : Coup Blanc : Coup Blanc : Coup Blanc : Coup Blanc : Coup Blanc : Coup Blanc : Coup Blanc : Coup Blanc : Coup Blanc : Coup Blanc : Coup Blanc : Coup Blanc : Coup Blanc : Coup Blanc : Coup Blanc : Coup Blanc : Coup Blanc : Coup Blanc : Coup Blanc : Coup Blanc : Coup Blanc : Coup Blanc : Coup Blanc : Coup Blanc : Coup Blanc : Coup Blanc : Coup Blanc : Coup Blanc : Coup Blanc : Coup Blanc : Coup Blanc : Coup Blanc : Coup Blanc : Coup Blanc : Coup Blanc : Coup Blanc : Coup Blanc : Coup Blanc : Coup Blanc : Coup Blanc : Coup Blanc : Coup Blanc : Coup Blanc : Coup Blanc : Coup Blanc : Coup Blanc : Coup Blanc : Coup Blanc : Coup Blanc : Coup Blanc : Coup Blanc : Coup Blanc : Coup Blanc : Coup Blanc : Coup Blanc : Coup Blanc : Coup Blanc : Coup Blanc : Coup Blanc : Coup Blanc : Coup Blanc : Coup Blanc : Coup Blanc : Coup Blanc : Coup Blanc : Coup Blanc : Coup Blanc : Coup Blanc : Coup Blanc : Coup Blanc : Coup Blanc : Coup Blanc : Coup Blanc : Coup Blanc : Coup Blanc : Coup Blanc : Coup Blanc : Coup Blanc : Coup Blanc : Coup Blanc : Coup Blanc : Coup Blanc : Coup Blanc : Coup Blanc : Coup Blanc : Coup Blanc : Coup Blanc : Coup Blanc : Coup Blanc : Coup Blanc : Coup Blanc : Coup Blanc : Coup Blanc : Coup Blanc : Coup Blanc : Coup Blanc : Coup Blanc : Coup Blanc : Coup Blanc : Coup Blanc : Coup Blanc : Coup Blanc : Coup Blanc : Coup Blanc : Coup Blanc : Coup Blanc : Coup Blanc : Coup Blanc : Coup Blanc : Coup Blanc : Coup Blanc : Coup Blanc : Coup Blanc : Coup Blanc : Coup Blanc : Coup Blanc : Coup Blanc : Coup Blanc : Coup Blanc : Coup Blanc : Coup Blanc : Coup Blanc : Coup Blanc : Coup Blanc : Coup Blanc : Coup Blanc : Coup Blanc : Coup Blanc : Coup Blanc : Coup Blanc : Coup Blanc : Coup Blanc : Coup Blanc : Coup Blanc : Coup Blanc : Coup Blanc : Coup Blanc : Coup Blanc : Coup Blanc : Coup Blanc : Coup Blanc : Coup Blanc : Coup Blanc : Coup Blanc : Coup Blanc : Coup Blanc : Coup Blanc : Coup Blanc : Coup Blanc : Coup Blanc : Coup Blanc : Coup Blanc : Coup Blanc : Coup Blanc : Coup Blanc : Coup Blanc : Coup Blanc : Coup Blanc : Coup Blanc : Coup Blanc : Coup Blanc : Coup Blanc : Coup Blanc : Coup Blanc : Coup Blanc : Coup Blanc : Coup Blanc : Coup Blanc : Coup Blanc : Coup Blanc : Coup Blanc : Coup Blanc : Coup Blanc : Coup Blanc : Coup Blanc : Coup Blanc : Coup Blanc : Coup Blanc : Coup Blanc : Coup Blanc : Coup Blanc : Coup Blanc : Coup Blanc : Coup Blanc : Coup Blanc : Coup Blanc : Coup Blanc : Coup Blanc : Coup Blanc : Coup Blanc : Coup Blanc : Coup Blanc : Coup Blanc : Coup Blanc : Coup Blanc : Coup Blanc : Coup Blanc : Coup Blanc : Coup Blanc : Coup Blanc : Coup Blanc : Coup Blanc : Coup Blanc : Coup Blanc : Coup Blanc : Coup Blanc : Coup Blanc : Coup Blanc : Coup Blanc : Coup Blanc : Coup Blanc : Coup Blanc : Coup Blanc : Coup Blanc : Coup Blanc : Coup Blanc : Coup Blanc : Coup Blanc : Coup Blanc : Coup Blanc : Coup Blanc : Coup Blanc : Coup Blanc : Coup Blanc : Coup Blanc : Coup Blanc : Coup Blanc : Coup Blanc : Coup Blanc : Coup Blanc : Coup Blanc : Coup Blanc : Coup Blanc : Coup Blanc : Coup Blanc : Coup Blanc : Coup Blanc : Coup Blanc : Coup Blanc : Coup Blanc : Coup Blanc : Coup Blanc : Coup Blanc : Coup Blanc : Coup Blanc : Coup Blanc : Coup Blanc : Coup Blanc : Coup Blanc : Coup Blanc : Coup Blanc : Coup Blanc : Coup Blanc : Coup Blanc : Coup Blanc : Coup Blanc : Coup Blanc : Coup Blanc : Coup Blanc : Coup Blanc : Coup Blanc : Coup Blanc : Coup Blanc : Coup Blanc : Coup Blanc : Coup Blanc : Coup Blanc : Coup Blanc : Coup Blanc : Coup Blanc : Coup Blanc : Coup Blanc : Coup Blanc : Coup Blanc : Coup Blanc : Coup Blanc : Coup Blanc : Coup Blanc : Coup Blanc : Coup Blanc : Coup Blanc : Coup Blanc : Coup Blanc : Coup Blanc : Coup Blanc : Coup Blanc : Coup Blanc : Coup Blanc : Coup Blanc : Coup Blanc : Coup Blanc : Coup Blanc : Coup Blanc : Coup Blanc : Coup Blanc : Coup Blanc : Coup Blanc : Coup Blanc : Coup Blanc : Coup Blanc : Coup Blanc : Coup Blanc : Coup Blanc : Coup Blanc : Coup Blanc : Coup Blanc : Coup Blanc : Coup Blanc : Coup Blanc : Coup Blanc : Coup Blanc : Coup Blanc : Coup Blanc : Coup Blanc : Coup Blanc : Coup Blanc : Coup Blanc : Coup Blanc : Coup Blanc : Coup Blanc : Coup Blanc : Coup Blanc : Coup Blanc : Coup Blanc : Coup Blanc : Coup Blanc : Coup Blanc : Coup Blanc : Coup Blanc : Coup Blanc : Coup Blanc : Coup Blanc : Coup Blanc : Coup Blanc : Coup Blanc : Coup Blanc : Coup Blanc : Coup Blanc : Coup Blanc : Coup Blanc : Coup Blanc : Coup Blanc : Coup Blanc : Coup Blanc : Coup Blanc : Coup Blanc : Coup Blanc : Coup Blanc : Coup Blanc : Coup Blanc : Coup Blanc : Coup Blanc : Coup Blanc : Coup Blanc : Coup Blanc : Coup Blanc : Coup Blanc : Coup Blanc : Coup Blanc : Coup Blanc : Coup Blanc : Coup Blanc : Coup Blanc : Coup Blanc : Coup Blanc : Coup Blanc : Coup Blanc : Coup Blanc : Coup Blanc : Coup Blanc : Coup Blanc : Coup Blanc : Coup Blanc : Coup Blanc : Coup Blanc : Coup Blanc : Coup Blanc : Coup Blanc : Coup Blanc : Coup Blanc : Coup Blanc : Coup Blanc : Coup Blanc : Coup Blanc : Coup Blanc : Coup Blanc : Coup Blanc : Coup Blanc : Coup Blanc : Coup Blanc : Coup Blanc : Coup Blanc : Coup Blanc : Coup Blanc : Coup Blanc : Coup Blanc : Coup Blanc : Coup Blanc : Coup Blanc : Coup Blanc : Coup Blanc : Coup Blanc : Coup Blanc : Coup Blanc : Coup Blanc : Coup Blanc : Coup Blanc : Coup Blanc : Coup Blanc : Coup Blanc : Coup Blanc : Coup Blanc : Coup Blanc : Coup Blanc : Coup Blanc : Coup Blanc : Coup Blanc : Coup Blanc : Coup Blanc : Coup Blanc : Coup Blanc : Coup Blanc : Coup Blanc : Coup Blanc : Coup Blanc : Coup Blanc : Coup Blanc : Coup Blanc : Coup Blanc : Coup Blanc : Coup Blanc : Coup Blanc : Coup Blanc : Coup Blanc : Coup Blanc : Coup Blanc : Coup Blanc : Coup Blanc : Coup Blanc : Coup Blanc : Coup Blanc : Coup Blanc : Coup Blanc : Coup Blanc : Coup Blanc : Coup Blanc : Coup Blanc : Coup Blanc : Coup Blanc : Coup Blanc : Coup Blanc : Coup Blanc : Coup Blanc : Coup Blanc : Coup Blanc : Coup Blanc : Coup Blanc : Coup Blanc : Coup Blanc : Coup Blanc : Coup Blanc : Coup Blanc : Coup Blanc : Coup Blanc : Coup Blanc : Coup Blanc : Coup Blanc : Coup Blanc : Coup Blanc : Coup Blanc : Coup Blanc : Coup Blanc : Coup Blanc : Coup Blanc : Coup Blanc : Coup Blanc : Coup Blanc : Coup Blanc : Coup Blanc : Coup Blanc : Coup Blanc : Coup Blanc : Coup Blanc : Coup Blanc : Coup Blanc : Coup Blanc : Coup Blanc : Coup Blanc : Coup Blanc : Coup Blanc : Coup Blanc : Coup Blanc : Coup Blanc : Coup Blanc : Coup Blanc : Coup Blanc : Coup Blanc : Coup Blanc : Coup Blanc : Coup Blanc : Coup Blanc : Coup Blanc : Coup Blanc : Coup Blanc : Coup Blanc : Coup Blanc : Coup Blanc : Coup Blanc : Coup Blanc : Coup Blanc : Coup Blanc : Coup Blanc : Coup Blanc : Coup Blanc : Coup Blanc : Coup Blanc : Coup Blanc : Coup Blanc : Coup Blanc : Coup Blanc : Coup Blanc : Coup Blanc : Coup Blanc : Coup Blanc : Coup Blanc : Coup Blanc : Coup Blanc : Coup Blanc : Coup Blanc : Coup Blanc : Coup Blanc : Coup Blanc : Coup Blanc : Coup Blanc : Coup Blanc : Coup Blanc : Coup Blanc : Coup Blanc : Coup Blanc : Coup Blanc : Coup Blanc : Coup Blanc : Coup Blanc : Coup Blanc : Coup Blanc : Coup Blanc : Coup Blanc : Coup Blanc : Coup Blanc : Coup Blanc : Coup Blanc : Coup Blanc : Coup Blanc : Coup Blanc : Coup Blanc : Coup Blanc : Coup Blanc : Coup Blanc : Coup Blanc : Coup Blanc : Coup Blanc : Coup Blanc : Coup Blanc : Coup Blanc : Coup Blanc : Coup Blanc : Coup Blanc : Coup Blanc : Coup Blanc : Coup Blanc : Coup Blanc : Coup Blanc : Coup Blanc : Coup Blanc : Coup Blanc : Coup Blanc : Coup Blanc : Coup Blanc : Coup Blanc : Coup Blanc : Coup Blanc : Coup Blanc : Coup Blanc : Coup Blanc : Coup Blanc : Coup Blanc : Coup Blanc : Coup Blanc : Coup Blanc : Coup Blanc : Coup Blanc : Coup Blanc : Coup Blanc : Coup Blanc : Coup Blanc : Coup Blanc : Coup Blanc : Coup Blanc : Coup Blanc : Coup Blanc : Coup Blanc : Coup Blanc : Coup Blanc : Coup Blanc : Coup Blanc : Coup Blanc : Coup Blanc : Coup Blanc : Coup Blanc : Coup Blanc : Coup Blanc : Coup Blanc : Coup Blanc : Coup Blanc : Coup Blanc : Coup Blanc : Coup Blanc : Coup Blanc : Coup Blanc : Coup Blanc : Coup Blanc : Coup Blanc : Coup Blanc : Coup Blanc : Coup Blanc : Coup Blanc : Coup Blanc : Coup Blanc : Coup Blanc : Coup Blanc : Coup Blanc : Coup Blanc : Coup Blanc : Coup Blanc : Coup Blanc : Coup Blanc : Coup Blanc : Coup Blanc : Coup Blanc : Coup Blanc : Coup Blanc : Coup Blanc : Coup Blanc : Coup Blanc : Coup Blanc : Coup Blanc : Coup Blanc : Coup Blanc : Coup Blanc : Coup Blanc : Coup Blanc : Coup Blanc : Coup Blanc : Coup Blanc : Coup Blanc : Coup Blanc : Coup Blanc : Coup Blanc : Coup Blanc : Coup Blanc : Coup Blanc : Coup Blanc : Coup Blanc : Coup Blanc : Coup Blanc : Coup Blanc : Coup Blanc : Coup Blanc : Coup Blanc : Coup Blanc : Coup Blanc : Coup Blanc : Coup Blanc : Coup Blanc : Coup Blanc : Coup Blanc : Coup Blanc : Coup Blanc : Coup Blanc : Coup Blanc : Coup Blanc : Coup Blanc : Coup Blanc : Coup Blanc : Coup Blanc : Coup Blanc : Coup Blanc : Coup Blanc : Coup Blanc : Coup Blanc : Coup Blanc : Coup Blanc : Coup Blanc : Coup Blanc : Coup Blanc : Coup Blanc : Coup Blanc : Coup Blanc : Coup Blanc : Coup Blanc : Coup Blanc : Coup Blanc : Coup Blanc : Coup Blanc : Coup Blanc : Coup Blanc : Coup Blanc : Coup Blanc : Coup Blanc : Coup Blanc : Coup Blanc : Coup Blanc : Coup Blanc : Coup Blanc : Coup Blanc : Coup Blanc : Coup Blanc : Coup Blanc : Coup Blanc : Coup Blanc : Coup Blanc : Coup Blanc : Coup Blanc : Coup Blanc : Coup Blanc : Coup Blanc : Coup Blanc : Coup Blanc : Coup Blanc : Coup Blanc : Coup Blanc : Coup Blanc : Coup Blanc : Coup Blanc : Coup Blanc : Coup Blanc : Coup Blanc : Coup Blanc : Coup Blanc : Coup Blanc : Coup Blanc : Coup Blanc : Coup Blanc : Coup Blanc : Coup Blanc : Coup Blanc : Coup Blanc : Coup Blanc : Coup Blanc : Coup Blanc : Coup Blanc : Coup Blanc : Coup Blanc : Coup Blanc : Coup Blanc : Coup Blanc : Coup Blanc : Coup Blanc : Coup Blanc : Coup Blanc : Coup Blanc : Coup Blanc : Coup Blanc : Coup Blanc : Coup Blanc : Coup Blanc : Coup Blanc : Coup Blanc : Coup Blanc : Coup Blanc : Coup Blanc : Coup Blanc : Coup Blanc : Coup Blanc : Coup Blanc : Coup Blanc : Coup Blanc : Coup Blanc : Coup Blanc : Coup Blanc : Coup Blanc : Coup Blanc : Coup Blanc : Coup Blanc : Coup Blanc : Coup Blanc : Coup Blanc : Coup Blanc : Coup Blanc : Coup Blanc : Coup Blanc : Coup Blanc : Coup Blanc : Coup Blanc : Coup Blanc : Coup Blanc : Coup Blanc : Coup Blanc : Coup Blanc : Coup Blanc : Coup Blanc : Coup Blanc : Coup Blanc : Coup Blanc : Coup Blanc : Coup Blanc : Coup Blanc : Coup Blanc : Coup Blanc : Coup Blanc : Coup Blanc : Coup Blanc : Coup Blanc : Coup Blanc : Coup Blanc : Coup Blanc : Coup Blanc : Coup Blanc : Coup Blanc : Coup Blanc : Coup Blanc : Coup Blanc : Coup Blanc : Coup Blanc : Coup Blanc : Coup Blanc : Coup Blanc : Coup Blanc : Coup Blanc : Coup Blanc : Coup Blanc : Coup Blanc : Coup Blanc : Coup Blanc : Coup Blanc : Coup Blanc : Coup Blanc : Coup Blanc : Coup Blanc : Coup Blanc : Coup Blanc : Coup Blanc : Coup Blanc : Coup Blanc : Coup Blanc : Coup Blanc : Coup Blanc : Coup Blanc : Coup Blanc : Coup Blanc : Coup Blanc : Coup Blanc : Coup Blanc : Coup Blanc : Coup Blanc : Coup Blanc : Coup Blanc : Coup Blanc : Coup Blanc : Coup Blanc : Coup Blanc : Coup Blanc : Coup Blanc : Coup Blanc : Coup Blanc : Coup Blanc : Coup Blanc : Coup Blanc : Coup Blanc : Coup Blanc : Coup Blanc : Coup Blanc : Coup Blanc : Coup Blanc : Coup Blanc : Coup Blanc : Coup Blanc : Coup Blanc : Coup Blanc : Coup Blanc : Coup Blanc : Coup Blanc : Coup Blanc : Coup Blanc : Coup Blanc : Coup Blanc : Coup Blanc : Coup Blanc : Coup Blanc : Coup Blanc : Coup Blanc : Coup Blanc : Coup Blanc : Coup Blanc : Coup Blanc : Coup Blanc : Coup Blanc : Coup Blanc : Coup Blanc : Coup Blanc : Coup Blanc : Coup Blanc : Coup Blanc : Coup Blanc : Coup Blanc : Coup Blanc : Coup Blanc : Coup Blanc : Coup Blanc : Coup Blanc : Coup Blanc : Coup Blanc : Coup Blanc : Coup Blanc : Coup Blanc : Coup Blanc : Coup Blanc : Coup Blanc : Coup Blanc : Coup Blanc : Coup Blanc : Coup Blanc : Coup Blanc : Coup Blanc : Coup Blanc : Coup Blanc : Coup Blanc : Coup Blanc : Coup Blanc : Coup Blanc : Coup Blanc : Coup Blanc : Coup Blanc : Coup Blanc : Coup Blanc : Coup Blanc : Coup Blanc : Coup Blanc : Coup Blanc : Coup Blanc : Coup Blanc : Coup Blanc : Coup Blanc : Coup Blanc : Coup Blanc : Coup Blanc : Coup Blanc : Coup Blanc : Coup Blanc : Coup Blanc : Coup Blanc : Coup Blanc : Coup Blanc : Coup Blanc : Coup Blanc : Coup Blanc : Coup Blanc : Coup Blanc : Coup Blanc : Coup Blanc : Coup Blanc : Coup Blanc : Coup Blanc : Coup Blanc : Coup Blanc : Coup Blanc : Coup Blanc : Coup Blanc : Coup Blanc : Coup Blanc : Coup Blanc : Coup Blanc : Coup Blanc : Coup Blanc : Coup Blanc : Coup Blanc : Coup Blanc : Coup Blanc : Coup Blanc : Coup Blanc : Coup Blanc : Coup Blanc : Coup Blanc : Coup Blanc : Coup Blanc : Coup Blanc : Coup Blanc : Coup Blanc : Coup Blanc : Coup Blanc : Coup Blanc : Coup Blanc : Coup Blanc : Coup Blanc : Coup Blanc : Coup Blanc : Coup Blanc : Coup Blanc : Coup Blanc : Coup Blanc : Coup Blanc : Coup Blanc : Coup Blanc : Coup Blanc : Coup Blanc : Coup Blanc : Coup Blanc : Coup Blanc : Coup Blanc : Coup Blanc : Coup Blanc : Coup Blanc : Coup Blanc : Coup Blanc : Coup Blanc : Coup Blanc : Coup Blanc : Coup Blanc : Coup Blanc : Coup Blanc : Coup Blanc : Coup Blanc : Coup Blanc : Coup Blanc : Coup Blanc : Coup Blanc : Coup Blanc : Coup Blanc : Coup Blanc : Coup Blanc : Coup Blanc : Coup Blanc : Coup Blanc : Coup Blanc : Coup Blanc : Coup Blanc : Coup Blanc : Coup Blanc : Coup Blanc : Coup Blanc : Coup Blanc : Coup Blanc : Coup Blanc : Coup Blanc : Coup Blanc : Coup Blanc : Coup Blanc : Coup Blanc : Coup Blanc : Coup Blanc : Coup Blanc : Coup Blanc : Coup Blanc : Coup Blanc : Coup Blanc : Coup Blanc : Coup Blanc : Coup Blanc : Coup Blanc : Coup Blanc : Coup Blanc : Coup Blanc : Coup Blanc : Coup Blanc : Coup Blanc : Coup Blanc : Coup Blanc : Coup Blanc : Coup Blanc : Coup Blanc : Coup Blanc : Coup Blanc : Coup Blanc : Coup Blanc : Coup Blanc : Coup Blanc : Coup Blanc : Coup Blanc : Coup Blanc : Coup Blanc : Coup Blanc : Coup Blanc : Coup Blanc : Coup Blanc : Coup Blanc : Coup Blanc : Coup Blanc : Coup Blanc : Coup Blanc : Coup Blanc : Coup Blanc : Coup Blanc : Coup Blanc : Coup Blanc : Coup Blanc : Coup Blanc : Coup Blanc : Coup Blanc : Coup Blanc : Coup Blanc : Coup Blanc : Coup Blanc : Coup Blanc : Coup Blanc : Coup Blanc : Coup Blanc : Coup Blanc : Coup Blanc : Coup Blanc : Coup Blanc : Coup Blanc : Coup Blanc : Coup Blanc : Coup Blanc : Coup Blanc : Coup Blanc : Coup Blanc : Coup Blanc : Coup Blanc : Coup Blanc : Coup Blanc : Coup Blanc : Coup Blanc : Coup Blanc : Coup Blanc : Coup Blanc : Coup Blanc : Coup Blanc : Coup Blanc : Coup Blanc : Coup Blanc : Coup Blanc : Coup Blanc : Coup Blanc : Coup Blanc : Coup Blanc : Coup Blanc : Coup Blanc : Coup Blanc : Coup Blanc : Coup Blanc : Coup Blanc : Coup Blanc : Coup Blanc : Coup Blanc : Coup Blanc : Coup Blanc : Coup Blanc : Coup Blanc : Coup Blanc : Coup Blanc : Coup Blanc : Coup Blanc : Coup Blanc : Coup Blanc : Coup Blanc : Coup Blanc : Coup Blanc : Coup Blanc : Coup Blanc : Coup Blanc : Coup Blanc : Coup Blanc : Coup Blanc : Coup Blanc : Coup Blanc : Coup Blanc : Coup Blanc : Coup Blanc : Coup Blanc : Coup Blanc : Coup Blanc : Coup Blanc : Coup Blanc : Coup Blanc : Coup Blanc : Coup Blanc : Coup Blanc : Coup Blanc : Coup Blanc : Coup Blanc : Coup Blanc : Coup Blanc : Coup Blanc : Coup Blanc : Coup Blanc : Coup Blanc : Coup Blanc : Coup Blanc : Coup Blanc : Coup Blanc : Coup Blanc : Coup Blanc : Coup Blanc : Coup Blanc : Coup Blanc : Coup Blanc : Coup Blanc : Coup Blanc : Coup Blanc : Coup Blanc : Coup Blanc : Coup Blanc : Coup Blanc : Coup Blanc : Coup Blanc : Coup Blanc : Coup Blanc : Coup Blanc : Coup Blanc : Coup Blanc : Coup Blanc : Coup Blanc : Coup Blanc : Coup Blanc : Coup Blanc : Coup Blanc : Coup Blanc : Coup Blanc : Coup Blanc : Coup Blanc : Coup Blanc : Coup Blanc : Coup Blanc : Coup Blanc : Coup Blanc : Coup Blanc : Coup Blanc : Coup Blanc : Coup Blanc : Coup Blanc : Coup Blanc : Coup Blanc : Coup Blanc : Coup Blanc : Coup Blanc : Coup Blanc : Coup Blanc : Coup Blanc : Coup Blanc : Coup Blanc : Coup Blanc : Coup Blanc : Coup Blanc : Coup Blanc : Coup Blanc : Coup Blanc : Coup Blanc : Coup Blanc : Coup Blanc : Coup Blanc : Coup Blanc : Coup Blanc : Coup Blanc : Coup Blanc : Coup Blanc : Coup Blanc : Coup Blanc : Coup Blanc : Coup Blanc : Coup Blanc : Coup Blanc : Coup Blanc : Coup Blanc : Coup Blanc : Coup Blanc : Coup Blanc : Coup Blanc : Coup Blanc : Coup Blanc : Coup Blanc : Coup Blanc : Coup Blanc : Coup Blanc : Coup Blanc : Coup Blanc : Coup Blanc : Coup Blanc : Coup Blanc : Coup Blanc : Coup Blanc : Coup Blanc : Coup Blanc : Coup Blanc : Coup Blanc : Coup Blanc : Coup Blanc : Coup Blanc : Coup Blanc : Coup Blanc : Coup Blanc : Coup Blanc : Coup Blanc : Coup Blanc : Coup Blanc : Coup Blanc : Coup Blanc : Coup Blanc : Coup Blanc : Coup Blanc : Coup Blanc : Coup Blanc : Coup Blanc : Coup Blanc : Coup Blanc : Coup Blanc : Coup Blanc : Coup Blanc : Coup Blanc : Coup Blanc : Coup Blanc : Coup Blanc : Coup Blanc : Coup Blanc : Coup Blanc : Coup Blanc : Coup Blanc : Coup Blanc : Coup Blanc : Coup Blanc : Coup Blanc : Coup Blanc : Coup Blanc : Coup Blanc : Coup Blanc : Coup Blanc : Coup Blanc : Coup Blanc : Coup Blanc : Coup Blanc : Coup Blanc : Coup Blanc : Coup Blanc : Coup Blanc : Coup Blanc : Coup Blanc : Coup Blanc : Coup Blanc : Coup Blanc : Coup Blanc : Coup Blanc : Coup Blanc : Coup Blanc : Coup Blanc : Coup Blanc : Coup Blanc : Coup Blanc : Coup Blanc : Coup Blanc : Coup Blanc : Coup Blanc : Coup Blanc : Coup Blanc : Coup Blanc : Coup Blanc : Coup Blanc : Coup Blanc : Coup Blanc : Coup Blanc : Coup Blanc : Coup Blanc : Coup Blanc : Coup Blanc : Coup Blanc : Coup Blanc : Coup Blanc : Coup Blanc : Coup Blanc : Coup Blanc : Coup Blanc : Coup Blanc : Coup Blanc : Coup Blanc : Coup Blanc : Coup Blanc : Coup Blanc : Coup Blanc : Coup Blanc : Coup Blanc : Coup Blanc : Coup Blanc : Coup Blanc : Coup Blanc : Coup Blanc : Coup Blanc : Coup Blanc : Coup Blanc : Coup Blanc : Coup Blanc : Coup Blanc : Coup Blanc : Coup Blanc : Coup Blanc : Coup Blanc : Coup Blanc : Coup Blanc : Coup Blanc : Coup Blanc : Coup Blanc : Coup Blanc : Coup Blanc : Coup Blanc : Coup Blanc : Coup Blanc : Coup Blanc : Coup Blanc : Coup Blanc : Coup Blanc : Coup Blanc : Coup Blanc : Coup Blanc : Coup Blanc : Coup Blanc : Coup Blanc : Coup Blanc : Coup Blanc : Coup Blanc : Coup Blanc : Coup Blanc : Coup Blanc : Coup Blanc : Coup Blanc : Coup Blanc : Coup Blanc : Coup Blanc : Coup Blanc : Coup Blanc : Coup Blanc : Coup Blanc : Coup Blanc : Coup Blanc : Coup Blanc : Coup Blanc : Coup Blanc : Coup Blanc : Coup Blanc : Coup Blanc : Coup Blanc : Coup Blanc : Coup Blanc : Coup Blanc : Coup Blanc : Coup Blanc : Coup Blanc : Coup Blanc : Coup Blanc : Coup Blanc : Coup Blanc : Coup Blanc : Coup Blanc : Coup Blanc : Coup Blanc : Coup Blanc : Coup Blanc : Coup Blanc : Coup Blanc : Coup Blanc : Coup Blanc : Coup Blanc : Coup Blanc : Coup Blanc : Coup Blanc : Coup Blanc : Coup Blanc : Coup Blanc : Coup Blanc : Coup Blanc : Coup Blanc : Coup Blanc : Coup Blanc : Coup Blanc : Coup Blanc : Coup Blanc : Coup Blanc : Coup Blanc : Coup Blanc : Coup Blanc : Coup Blanc : Coup Blanc : Coup Blanc : Coup Blanc : Coup Blanc : Coup Blanc : Coup Blanc : Coup Blanc : Coup Blanc : Coup Blanc : Coup Blanc : Coup Blanc : Coup Blanc : Coup Blanc : Coup Blanc : Coup Blanc : Coup Blanc : Coup Blanc : Coup Blanc : Coup Blanc : Coup Blanc : Coup Blanc : Coup Blanc : Coup Blanc : Coup Blanc : Coup Blanc : Coup Blanc : Coup Blanc : Coup Blanc : Coup Blanc : Coup Blanc : Coup Blanc : Coup Blanc : Coup Blanc : Coup Blanc : Coup Blanc : Coup Blanc : Coup Blanc : Coup Blanc : Coup Blanc : Coup Blanc : Coup Blanc : Coup Blanc : Coup Blanc : Coup Blanc : Coup Blanc : Coup Blanc : Coup Blanc : Coup Blanc : Coup Blanc : Coup Blanc : Coup Blanc : Coup Blanc : Coup Blanc : Coup Blanc : Coup Blanc : Coup Blanc : Coup Blanc : Coup Blanc : Coup Blanc : Coup Blanc : Coup Blanc : Coup Blanc : Coup Blanc : Coup Blanc : Coup Blanc : Coup Blanc : Coup Blanc : Coup Blanc : Coup Blanc : Coup Blanc : Coup Blanc : Coup Blanc : Coup Blanc : Coup Blanc : Coup Blanc : Coup Blanc : Coup Blanc : Coup Blanc : Coup Blanc : Coup Blanc : Coup Blanc : Coup Blanc : Coup Blanc : Coup Blanc : Coup Blanc : Coup Blanc : Coup Blanc : Coup Blanc : Coup Blanc : Coup Blanc : Coup Blanc : Coup Blanc : Coup Blanc : Coup Blanc : Coup Blanc : Coup Blanc : Coup Blanc : Coup Blanc : Coup Blanc : Coup Blanc : Coup Blanc : Coup Blanc : Coup Blanc : Coup Blanc : Coup Blanc : Coup Blanc : Coup Blanc : Coup Blanc : Coup Blanc : Coup Blanc : Coup Blanc : Coup Blanc : Coup Blanc : Coup Blanc : Coup Blanc : Coup Blanc : Coup Blanc : Coup Blanc : Coup Blanc : Coup Blanc : Coup Blanc : Coup Blanc : Coup Blanc : Coup Blanc : Coup Blanc : Coup Blanc : Coup Blanc : Coup Blanc : Coup Blanc : Coup Blanc : Coup Blanc : Coup Blanc : Coup Blanc : Coup Blanc : Coup Blanc : Coup Blanc : Coup Blanc : Coup Blanc : Coup Blanc : Coup Blanc : Coup Blanc : Coup Blanc : Coup Blanc : Coup Blanc : Coup Blanc : Coup Blanc : Coup Blanc : Coup Blanc : Coup Blanc : Coup Blanc : Coup Blanc : Coup Blanc : Coup Blanc : Coup Blanc : Coup Blanc : Coup Blanc : Coup Blanc : Coup Blanc : Coup Blanc : Coup Blanc : Coup Blanc : Coup Blanc : Coup Blanc : Coup Blanc : Coup Blanc : Coup Blanc : Coup Blanc : Coup Blanc : Coup Blanc : Coup Blanc : Coup Blanc : Coup Blanc : Coup Blanc : Coup Blanc : Coup Blanc : Coup Blanc : Coup Blanc : Coup Blanc : Coup Blanc : Coup Blanc : Coup Blanc : Coup Blanc : Coup Blanc : Coup Blanc : Coup Blanc : Coup Blanc : Coup Blanc : Coup Blanc : Coup Blanc : Coup Blanc : Coup Blanc : Coup Blanc : Coup Blanc : Coup Blanc : Coup Blanc : Coup Blanc : Coup Blanc : Coup Blanc : Coup Blanc : Coup Blanc : Coup Blanc : Coup Blanc : Coup Blanc : Coup Blanc : Coup Blanc : Coup Blanc : Coup Blanc : Coup Blanc : Coup Blanc : Coup Blanc : Coup Blanc : Coup Blanc : Coup Blanc : Coup Blanc : Coup Blanc : Coup Blanc : Coup Blanc : Coup Blanc : Coup Blanc : Coup Blanc : Coup Blanc : Coup Blanc : Coup Blanc : Coup Blanc : Coup Blanc : Coup Blanc : Coup Blanc : Coup Blanc : Coup Blanc : Coup Blanc : Coup Blanc : Coup Blanc : Coup Blanc : Coup Blanc : Coup Blanc : Coup Blanc : Coup Blanc : Coup Blanc : Coup Blanc : Coup Blanc : Coup Blanc : Coup Blanc : Coup Blanc : Coup Blanc : Coup Blanc : Coup Blanc : Coup Blanc : Coup Blanc : Coup Blanc : Coup Blanc : Coup Blanc : Coup Blanc : Coup Blanc : Coup Blanc : Coup Blanc : Coup Blanc : Coup Blanc : Coup Blanc : Coup Blanc : Coup Blanc : Coup Blanc : Coup Blanc : Coup Blanc : Coup Blanc : Coup Blanc : Coup Blanc : Coup Blanc : Coup Blanc : Coup Blanc : Coup Blanc : Coup Blanc : Coup Blanc : Coup Blanc : Coup Blanc : Coup Blanc : Coup Blanc : Coup Blanc : Coup Blanc : Coup Blanc : Coup Blanc : Coup Blanc : Coup Blanc : Coup Blanc : Coup Blanc : Coup Blanc : Coup Blanc : Coup Blanc : Coup Blanc : Coup Blanc : Coup Blanc : Coup Blanc : Coup Blanc : Coup Blanc : Coup Blanc : Coup Blanc : Coup Blanc : Coup Blanc : Coup Blanc : Coup Blanc : Coup Blanc : Coup Blanc : Coup Blanc : Coup Blanc : Coup Blanc : Coup Blanc : Coup Blanc : Coup Blanc : Coup Blanc : Coup Blanc : Coup Blanc : Coup Blanc : Coup Blanc : Coup Blanc : Coup Blanc : Coup Blanc : Coup Blanc : Coup Blanc : Coup Blanc : Coup Blanc : Coup Blanc : Coup Blanc : Coup Blanc : Coup Blanc : Coup Blanc : Coup Blanc : Coup Blanc : Coup Blanc : Coup Blanc : Coup Blanc : Coup Blanc : Coup Blanc : Coup Blanc : Coup Blanc : Coup Blanc : Coup Blanc : Coup Blanc : Coup Blanc : Coup Blanc : Coup Blanc : Coup Blanc : Coup Blanc : Coup Blanc : Coup Blanc : Coup Blanc : Coup Blanc : Coup Blanc : Coup Blanc : Coup Blanc : Coup Blanc : Coup Blanc : Coup Blanc : Coup Blanc : Coup Blanc : Coup Blanc : Coup Blanc : Coup Blanc : Coup Blanc : Coup Blanc : Coup Blanc : Coup Blanc : Coup Blanc : Coup Blanc : Coup Blanc : Coup Blanc : Coup Blanc : Coup Blanc : Coup Blanc : Coup Blanc : Coup Blanc : Coup Blanc : Coup Blanc : Coup Blanc : Coup Blanc : Coup Blanc : Coup Blanc : Coup Blanc : Coup Blanc : Coup Blanc : Coup Blanc : Coup Blanc : Coup Blanc : Coup Blanc : Coup Blanc : Coup Blanc : Coup Blanc : Coup Blanc : Coup Blanc : Coup Blanc : Coup Blanc : Coup Blanc : Coup Blanc : Coup Blanc : Coup Blanc : Coup Blanc : Coup Blanc : Coup Blanc : Coup Blanc : Coup Blanc : Coup Blanc : Coup Blanc : Coup Blanc : Coup Blanc : Coup Blanc : Coup Blanc : Coup Blanc : Coup Blanc : Coup Blanc : Coup Blanc : Coup Blanc : Coup Blanc : Coup Blanc : Coup Blanc : Coup Blanc : Coup Blanc : Coup Blanc : Coup Blanc : Coup Blanc : Coup Blanc : Coup Blanc : Coup Blanc : Coup Blanc : Coup Blanc : Coup Blanc : Coup Blanc : Coup Blanc : Coup Blanc : Coup Blanc : Coup Blanc : Coup Blanc : Coup Blanc : Coup Blanc : Coup Blanc : Coup Blanc : Coup Blanc : Coup Blanc : Coup Blanc : Coup Blanc : Coup Blanc : Coup Blanc : Coup Blanc : Coup Blanc : Coup Blanc : Coup Blanc : Coup Blanc : Coup Blanc : Coup Blanc : Coup Blanc : Coup Blanc : Coup Blanc : Coup Blanc : Coup Blanc : Coup Blanc : Coup Blanc : Coup Blanc : Coup Blanc : Coup Blanc : Coup Blanc : Coup Blanc : Coup Blanc : Coup Blanc : Coup Blanc : Coup Blanc : Coup Blanc : Coup Blanc : Coup Blanc : Coup Blanc : Coup Blanc : Coup Blanc : Coup Blanc : Coup Blanc : Coup Blanc : Coup Blanc : Coup Blanc : Coup Blanc : Coup Blanc : Coup Blanc : Coup Blanc : Coup Blanc : Coup Blanc : Coup Blanc : Coup Blanc : Coup Blanc : Coup Blanc : Coup Blanc : Coup Blanc : Coup Blanc : Coup Blanc : Coup Blanc : Coup Blanc : Coup Blanc : Coup Blanc : Coup Blanc : Coup Blanc : Coup Blanc : Coup Blanc : Coup Blanc : Coup Blanc : Coup Blanc : Coup Blanc : Coup Blanc : Coup Blanc : Coup Blanc : Coup Blanc : Coup Blanc : Coup Blanc : Coup Blanc : Coup Blanc : Coup Blanc : Coup Blanc : Coup Blanc : Coup Blanc : Coup Blanc : Coup Blanc : Coup Blanc : Coup Blanc : Coup Blanc : Coup Blanc : Coup Blanc : Coup Blanc : Coup Blanc : Coup Blanc : Coup Blanc : Coup Blanc : Coup Blanc : Coup Blanc : Coup Blanc : Coup Blanc : Coup Blanc : Coup Blanc : Coup Blanc : Coup Blanc : Coup Blanc : Coup Blanc : Coup Blanc : Coup Blanc : Coup Blanc : Coup Blanc : Coup Blanc : Coup Blanc : Coup Blanc : Coup Blanc : Coup Blanc : Coup Blanc : Coup Blanc : Coup Blanc : Coup Blanc : Coup Blanc : Coup Blanc : Coup Blanc : Coup Blanc : Coup Blanc : Coup Blanc : Coup Blanc : Coup Blanc : Coup Blanc : Coup Blanc : Coup Blanc : Coup Blanc : Coup Blanc : Coup Blanc : Coup Blanc : Coup Blanc : Coup Blanc : Coup Blanc : Coup Blanc : Coup Blanc : Coup Blanc : Coup Blanc : Coup Blanc : Coup Blanc : Coup Blanc : Coup Blanc : Coup Blanc : Coup Blanc : Coup Blanc : Coup Blanc : Coup Blanc : Coup Blanc : Coup Blanc : Coup Blanc : Coup Blanc : Coup Blanc : Coup Blanc : Coup Blanc : Coup Blanc : Coup Blanc : Coup Blanc : Coup Blanc : Coup Blanc : Coup Blanc : Coup Blanc : Coup Blanc : Coup Blanc : Coup Blanc : Coup Blanc : Coup Blanc : Coup Blanc : Coup Blanc : Coup Blanc : Coup Blanc : Coup Blanc : Coup Blanc : Coup Blanc : Coup Blanc : Coup Blanc : Coup Blanc : Coup Blanc : Coup Blanc : Coup Blanc : Coup Blanc : Coup Blanc : Coup Blanc : Coup Blanc : Coup Blanc : Coup Blanc : Coup Blanc : Coup Blanc : Coup Blanc : Coup Blanc : Coup Blanc : Coup Blanc : Coup Blanc : Coup Blanc : Coup Blanc : Coup Blanc : Coup Blanc : Coup Blanc : Coup Blanc : Coup Blanc : Coup Blanc : Coup Blanc : Coup Blanc : Coup Blanc : Coup Blanc : Coup Blanc : Coup Blanc : Coup Blanc : Coup Blanc : Coup Blanc : Coup Blanc : Coup Blanc : Coup Blanc : Coup Blanc : Coup Blanc : Coup Blanc : Coup Blanc : Coup Blanc : Coup Blanc : Coup Blanc : Coup Blanc : Coup Blanc : Coup Blanc : Coup Blanc : Coup Blanc : Coup Blanc : Coup Blanc : Coup Blanc : Coup Blanc : Coup Blanc : Coup Blanc : Coup Blanc : Coup Blanc : Coup Blanc : Coup Blanc : Coup Blanc : Coup Blanc : Coup Blanc : Coup Blanc : Coup Blanc : Coup Blanc : Coup Blanc : Coup Blanc : Coup Blanc : Coup Blanc : Coup Blanc : Coup Blanc : Coup Blanc : Coup Blanc : Coup Blanc : Coup Blanc : Coup Blanc : Coup Blanc : Coup Blanc : Coup Blanc : Coup Blanc : Coup Blanc : Coup Blanc : Coup Blanc : Coup Blanc : Coup Blanc : Coup Blanc : Coup Blanc : Coup Blanc : Coup Blanc : Coup Blanc : Coup Blanc : Coup Blanc : Coup Blanc : Coup Blanc : Coup Blanc : Coup Blanc : Coup Blanc : Coup Blanc : Coup Blanc : Coup Blanc : Coup Blanc : Coup Blanc : Coup Blanc : Coup Blanc : Coup Blanc : Coup Blanc : Coup Blanc : Coup Blanc : Coup Blanc : Coup Blanc : Coup Blanc : Coup Blanc : Coup Blanc : Coup Blanc : Coup Blanc : Coup Blanc : Coup Blanc : Coup Blanc : Coup Blanc : Coup Blanc : Coup Blanc : Coup Blanc : Coup Blanc : Coup Blanc : Coup Blanc : Coup Blanc : Coup Blanc : Coup Blanc : Coup Blanc : Coup Blanc : Coup Blanc : Coup Blanc : Coup Blanc : Coup Blanc : Coup Blanc : Coup Blanc : Coup Blanc : Coup Blanc : Coup Blanc : Coup Blanc : Coup Blanc : Coup Blanc : Coup Blanc : Coup Blanc : Coup Blanc : Coup Blanc : Coup Blanc : Coup Blanc : Coup Blanc : Coup Blanc : Coup Blanc : Coup Blanc : Coup Blanc : Coup Blanc : Coup Blanc : Coup Blanc : Coup Blanc : Coup Blanc : Coup Blanc : Coup Blanc : Coup Blanc : Coup Blanc : Coup Blanc : Coup Blanc : Coup Blanc : Coup Blanc : Coup Blanc : Coup Blanc : Coup Blanc : Coup Blanc : Coup Blanc : Coup Blanc : Coup Blanc : Coup Blanc : Coup Blanc : Coup Blanc : Coup Blanc : Coup Blanc : Coup Blanc : Coup Blanc : Coup Blanc : Coup Blanc : Coup Blanc : Coup Blanc : Coup Blanc : Coup Blanc : Coup Blanc : Coup Blanc : Coup Blanc : Coup Blanc : Coup Blanc : Coup Blanc : Coup Blanc : Coup Blanc : Coup Blanc : Coup Blanc : Coup Blanc : Coup Blanc : Coup Blanc : Coup Blanc : Coup Blanc : Coup Blanc : Coup Blanc : Coup Blanc : Coup Blanc : Coup Blanc : Coup Blanc : Coup Blanc : Coup Blanc : Coup Blanc : Coup Blanc : Coup Blanc : Coup Blanc : Coup Blanc : Coup Blanc : Coup Blanc : Coup Blanc : Coup Blanc : Coup Blanc : Coup Blanc : Coup Blanc : Coup Blanc : Coup Blanc : Coup Blanc : Coup Blanc : Coup Blanc : Coup Blanc : Coup Blanc : Coup Blanc : Coup Blanc : Coup Blanc : Coup Blanc : Coup Blanc : Coup Blanc : Coup Blanc : Coup Blanc : Coup Blanc : Coup Blanc : Coup Blanc : Coup Blanc : Coup Blanc : Coup Blanc : Coup Blanc : Coup Blanc : Coup Blanc : Coup Blanc : Coup Blanc : Coup Blanc : Coup Blanc : Coup Blanc : Coup Blanc : Coup Blanc : Coup Blanc : Coup Blanc : Coup Blanc : Coup Blanc : Coup Blanc : Coup Blanc : Coup Blanc : Coup Blanc : Coup Blanc : Coup Blanc : Coup Blanc : Coup Blanc : Coup Blanc : Coup Blanc : Coup Blanc : Coup Blanc : Coup Blanc : Coup Blanc : Coup Blanc : Coup Blanc : Coup Blanc : Coup Blanc : Coup Blanc : Coup Blanc : Coup Blanc : Coup Blanc : Coup Blanc : Coup Blanc : Coup Blanc : Coup Blanc : Coup Blanc : Coup Blanc : Coup Blanc : Coup Blanc : Coup Blanc : Coup Blanc : Coup Blanc : Coup Blanc : Coup Blanc : Coup Blanc : Coup Blanc : Coup Blanc : Coup Blanc : Coup Blanc : Coup Blanc : Coup Blanc : Coup Blanc : Coup Blanc : Coup Blanc : Coup Blanc : Coup Blanc : Coup Blanc : Coup Blanc : Coup Blanc : Coup Blanc : Coup Blanc : Coup Blanc : Coup Blanc : Coup Blanc : Coup Blanc : Coup Blanc : Coup Blanc : Coup Blanc : Coup Blanc : Coup Blanc : Coup Blanc : Coup Blanc : Coup Blanc : Coup Blanc : Coup Blanc : Coup Blanc : Coup Blanc : Coup Blanc : Coup Blanc : Coup Blanc : Coup Blanc : Coup Blanc : Coup Blanc : Coup Blanc : Coup Blanc : Coup Blanc : Coup Blanc : Coup Blanc : Coup Blanc : Coup Blanc : Coup Blanc : Coup Blanc : Coup Blanc : Coup Blanc : Coup Blanc : Coup Blanc : Coup Blanc : Coup Blanc : Coup Blanc : Coup Blanc : Coup Blanc : Coup Blanc : Coup Blanc : Coup Blanc : Coup Blanc : Coup Blanc : Coup Blanc : Coup Blanc : Coup Blanc : Coup Blanc : Coup Blanc : Coup Blanc : Coup Blanc : Coup Blanc : Coup Blanc : Coup Blanc : Coup Blanc : Coup Blanc : Coup Blanc : Coup Blanc : Coup Blanc : Coup Blanc : Coup Blanc : Coup Blanc : Coup Blanc : Coup Blanc : Coup Blanc : Coup Blanc : Coup Blanc : Coup Blanc : Coup Blanc : Coup Blanc : Coup Blanc : Coup Blanc : Coup Blanc : Coup Blanc : Coup Blanc : Coup Blanc : Coup Blanc : Coup Blanc : Coup Blanc : Coup Blanc : Coup Blanc : Coup Blanc : Coup Blanc : Coup Blanc : Coup Blanc : Coup Blanc : Coup Blanc : Coup Blanc : Coup Blanc : Coup Blanc : Coup Blanc : Coup Blanc : Coup Blanc : Coup Blanc : Coup Blanc : Coup Blanc : Coup Blanc : Coup Blanc : Coup Blanc : Coup Blanc : Coup Blanc : Coup Blanc : Coup Blanc : Coup Blanc : Coup Blanc : Coup Blanc : Coup Blanc : Coup Blanc : Coup Blanc : Coup Blanc : Coup Blanc : Coup Blanc : Coup Blanc : Coup Blanc : Coup Blanc : Coup Blanc : Coup Blanc : Coup Blanc : Coup Blanc : Coup Blanc : Coup Blanc : Coup Blanc : Coup Blanc : Coup Blanc : Coup Blanc : Coup Blanc : Coup Blanc : Coup Blanc : Coup Blanc : Coup Blanc : Coup Blanc : Coup Blanc : Coup Blanc : Coup Blanc : Coup Blanc : Coup Blanc : Coup Blanc : Coup Blanc : Coup Blanc : Coup Blanc : Coup Blanc : Coup Blanc : Coup Blanc : Coup Blanc : Coup Blanc : Coup Blanc : Coup Blanc : Coup Blanc : Coup Blanc : Coup Blanc : Coup Blanc : Coup Blanc : Coup Blanc : Coup Blanc : Coup Blanc : Coup Blanc : Coup Blanc : Coup Blanc : Coup Blanc : Coup Blanc : Coup Blanc : Coup Blanc : Coup Blanc : Coup Blanc : Coup Blanc : Coup Blanc : Coup Blanc : Coup Blanc : Coup Blanc : Coup Blanc : Coup Blanc : Coup Blanc : Coup Blanc : Coup Blanc : Coup Blanc : Coup Blanc : Coup Blanc : Coup Blanc : Coup Blanc : Coup Blanc : Coup Blanc : Coup Blanc : Coup Blanc : Coup Blanc : Coup Blanc : Coup Blanc : Coup Blanc : Coup Blanc : Coup Blanc : Coup Blanc : Coup Blanc : Coup Blanc : Coup Blanc : Coup Blanc : Coup Blanc : Coup Blanc : Coup Blanc : Coup Blanc : Coup Blanc : Coup Blanc : Coup Blanc : Coup Blanc : Coup Blanc : Coup Blanc : Coup Blanc : Coup Blanc : Coup Blanc : Coup Blanc : Coup Blanc : Coup Blanc : Coup Blanc : Coup Blanc : Coup Blanc : Coup Blanc : Coup Blanc : Coup Blanc : Coup Blanc : Coup Blanc : Coup Blanc : Coup Blanc : Coup Blanc : Coup Blanc : Coup Blanc : Coup Blanc : Coup Blanc : Coup Blanc : Coup Blanc : Coup Blanc : Coup Blanc : Coup Blanc : Coup Blanc : Coup Blanc : Coup Blanc : Coup Blanc : Coup Blanc : Coup Blanc : Coup Blanc : Coup Blanc : Coup Blanc : Coup Blanc : Coup Blanc : Coup Blanc : Coup Blanc : Coup Blanc : Coup Blanc : Coup Blanc : Coup Blanc : Coup Blanc : Coup Blanc : Coup Blanc : Coup Blanc : Coup Blanc : Coup Blanc : Coup Blanc : Coup Blanc : Coup Blanc : Coup Blanc : Coup Blanc : Coup Blanc : Coup Blanc : Coup Blanc : Coup Blanc : Coup Blanc : Coup Blanc : Coup Blanc : Coup Blanc : Coup Blanc : Coup Blanc : Coup Blanc : Coup Blanc : Coup Blanc : Coup Blanc : Coup Blanc : Coup Blanc : Coup Blanc : Coup Blanc : Coup Blanc : Coup Blanc : Coup Blanc : Coup Blanc : Coup Blanc : Coup Blanc : Coup Blanc : Coup Blanc : Coup Blanc : Coup Blanc : Coup Blanc : Coup Blanc : Coup Blanc : Coup Blanc : Coup Blanc : Coup Blanc : Coup Blanc : Coup Blanc : Coup Blanc : Coup Blanc : Coup Blanc : Coup Blanc : Coup Blanc : Coup Blanc : Coup Blanc : Coup Blanc : Coup Blanc : Coup Blanc : Coup Blanc : Coup Blanc : Coup Blanc : Coup Blanc : Coup Blanc : Coup Blanc : Coup Blanc : Coup Blanc : Coup Blanc : Coup Blanc : Coup Blanc : Coup Blanc : Coup Blanc : Coup Blanc : Coup Blanc : Coup Blanc : Coup Blanc : Coup Blanc : Coup Blanc : Coup Blanc : Coup Blanc : Coup Blanc : Coup Blanc : Coup Blanc : Coup Blanc : Coup Blanc : Coup Blanc : Coup Blanc : Coup Blanc : Coup Blanc : Coup Blanc : Coup Blanc : Coup Blanc : Coup Blanc : Coup Blanc : Coup Blanc : Coup Blanc : Coup Blanc : Coup Blanc : Coup Blanc : Coup Blanc : Coup Blanc : Coup Blanc : Coup Blanc : Coup Blanc : Coup Blanc : Coup Blanc : Coup Blanc : Coup Blanc : Coup Blanc : Coup Blanc : Coup Blanc : Coup Blanc : Coup Blanc : Coup Blanc : Coup Blanc : Coup Blanc : Coup Blanc : Coup Blanc : Coup Blanc : Coup Blanc : Coup Blanc : Coup Blanc : Coup Blanc : Coup Blanc : Coup Blanc : Coup Blanc : Coup Blanc : Coup Blanc : Coup Blanc : Coup Blanc : Coup Blanc : Coup Blanc : Coup Blanc : Coup Blanc : Coup Blanc : Coup Blanc : Coup Blanc : Coup Blanc : Coup Blanc : Coup Blanc : Coup Blanc : Coup Blanc : Coup Blanc : Coup Blanc : Coup Blanc : Coup Blanc : Coup Blanc : Coup Blanc : Coup Blanc : Coup Blanc : Coup Blanc : Coup Blanc : Coup Blanc : Coup Blanc : Coup Blanc : Coup Blanc : Coup Blanc : Coup Blanc : Coup Blanc : Coup Blanc : Coup Blanc : Coup Blanc : Coup Blanc : Coup Blanc : Coup Blanc : Coup Blanc : Coup Blanc : Coup Blanc : Coup Blanc : Coup Blanc : Coup Blanc : Coup Blanc : Coup Blanc : Coup Blanc : Coup Blanc : Coup Blanc : Coup Blanc : Coup Blanc : Coup Blanc : Coup Blanc : Coup Blanc : Coup Blanc : Coup Blanc : Coup Blanc : Coup Blanc : Coup Blanc : Coup Blanc : Coup Blanc : Coup Blanc : Coup Blanc : Coup Blanc : Coup Blanc : Coup Blanc : Coup Blanc : Coup Blanc : Coup Blanc : Coup Blanc : Coup Blanc : Coup Blanc : Coup Blanc : Coup Blanc : Coup Blanc : Coup Blanc : Coup Blanc : Coup Blanc : Coup Blanc : Coup Blanc : Coup Blanc : Coup Blanc : Coup Blanc : Coup Blanc : Coup Blanc : Coup Blanc : Coup Blanc : Coup Blanc : Coup Blanc : Coup Blanc : Coup Blanc : Coup Blanc : Coup Blanc : Coup Blanc : Coup Blanc : Coup Blanc : Coup Blanc : Coup Blanc : Coup Blanc : Coup Blanc : Coup Blanc : Coup Blanc : Coup Blanc : Coup Blanc : Coup Blanc : Coup Blanc : Coup Blanc : Coup Blanc : Coup Blanc : Coup Blanc : Coup Blanc : Coup Blanc : Coup Blanc : Coup Blanc : Coup Blanc : Coup Blanc : Coup Blanc : Coup Blanc : Coup Blanc : Coup Blanc : Coup Blanc : Coup Blanc : Coup Blanc : Coup Blanc : Coup Blanc : Coup Blanc : Coup Blanc : Coup Blanc : Coup Blanc : Coup Blanc : Coup Blanc : Coup Blanc : Coup Blanc : Coup Blanc : Coup Blanc : Coup Blanc : Coup Blanc : Coup Blanc : Coup Blanc : Coup Blanc : Coup Blanc : Coup Blanc : Coup Blanc : Coup Blanc : Coup Blanc : Coup Blanc : Coup Blanc : Coup Blanc : Coup Blanc : Coup Blanc : Coup Blanc : Coup Blanc : Coup Blanc : Coup Blanc : Coup Blanc : Coup Blanc : Coup Blanc : Coup Blanc : Coup Blanc : Coup Blanc : Coup Blanc : Coup Blanc : Coup Blanc : Coup Blanc : Coup Blanc : Coup Blanc : Coup Blanc : Coup Blanc : Coup Blanc : Coup Blanc : Coup Blanc : Coup Blanc : Coup Blanc : Coup Blanc : Coup Blanc : Coup Blanc : Coup Blanc : Coup Blanc : Coup Blanc : Coup Blanc : Coup Blanc : Coup Blanc : Coup Blanc : Coup Blanc : Coup Blanc : Coup Blanc : Coup Blanc : Coup Blanc : Coup Blanc : Coup Blanc : Coup Blanc : Coup Blanc : Coup Blanc : Coup Blanc : Coup Blanc : Coup Blanc : Coup Blanc : Coup Blanc : Coup Blanc : Coup Blanc : Coup Blanc : Coup Blanc : Coup Blanc : Coup Blanc : Coup Blanc : Coup Blanc : Coup Blanc : Coup Blanc : Coup Blanc : Coup Blanc : Coup Blanc : Coup Blanc : Coup Blanc : Coup Blanc : Coup Blanc : Coup Blanc : Coup Blanc : Coup Blanc : Coup Blanc : Coup Blanc : Coup Blanc : Coup Blanc : Coup Blanc : Coup Blanc : Coup Blanc : Coup Blanc : Coup Blanc : Coup Blanc : Coup Blanc : Coup Blanc : Coup Blanc : Coup Blanc : Coup Blanc : Coup Blanc : Coup Blanc : Coup Blanc : Coup Blanc : Coup Blanc : Coup Blanc : Coup Blanc : Coup Blanc : Coup Blanc : Coup Blanc : Coup Blanc : Coup Blanc : Coup Blanc : Coup Blanc : Coup Blanc : Coup Blanc : Coup Blanc : Coup Blanc : Coup Blanc : Coup Blanc : Coup Blanc : Coup Blanc : Coup Blanc : Coup Blanc : Coup Blanc : Coup Blanc : Coup Blanc : Coup Blanc : Coup Blanc : Coup Blanc : Coup Blanc : Coup Blanc : Coup Blanc : Coup Blanc : Coup Blanc : Coup Blanc : Coup Blanc : Coup Blanc : Coup Blanc : Coup Blanc : Coup Blanc : Coup Blanc : Coup Blanc : Coup Blanc : Coup Blanc : Coup Blanc : Coup Blanc : Coup Blanc : Coup Blanc : Coup Blanc : Coup Blanc : Coup Blanc : Coup Blanc : Coup Blanc : Coup Blanc : Coup Blanc : Coup Blanc : Coup Blanc : Coup Blanc : Coup Blanc : Coup Blanc : Coup Blanc : Coup Blanc : Coup Blanc : Coup Blanc : Coup Blanc : Coup Blanc : Coup Blanc : Coup Blanc : Coup Blanc : Coup Blanc : Coup Blanc : Coup Blanc : Coup Blanc : Coup Blanc : Coup Blanc : Coup Blanc : Coup Blanc : Coup Blanc : Coup Blanc : Coup Blanc : Coup Blanc : Coup Blanc : Coup Blanc : Coup Blanc : Coup Blanc : Coup Blanc : Coup Blanc : Coup Blanc : Coup Blanc : Coup Blanc : Coup Blanc : Coup Blanc : Coup Blanc : Coup Blanc : Coup Blanc : Coup Blanc : Coup Blanc : Coup Blanc : Coup Blanc : Coup Blanc : Coup Blanc : Coup Blanc : Coup Blanc : Coup Blanc : Coup Blanc : Coup Blanc : Coup Blanc : Coup Blanc : Coup Blanc : Coup Blanc : Coup Blanc : Coup Blanc : Coup Blanc : Coup Blanc : Coup Blanc : Coup Blanc : Coup Blanc : Coup Blanc : Coup Blanc : Coup Blanc : Coup Blanc : Coup Blanc : Coup Blanc : Coup Blanc : Coup Blanc : Coup Blanc : Coup Blanc : Coup Blanc : Coup Blanc : Coup Blanc : Coup Blanc : Coup Blanc : Coup Blanc : Coup Blanc : Coup Blanc : Coup Blanc : Coup Blanc : Coup Blanc : Coup Blanc : Coup Blanc : Coup Blanc : Coup Blanc : Coup Blanc : Coup Blanc : Coup Blanc : Coup Blanc : Coup Blanc : Coup Blanc : Coup Blanc : Coup Blanc : Coup Blanc : Coup Blanc : Coup Blanc : Coup Blanc : Coup Blanc : Coup Blanc : Coup Blanc : Coup Blanc : Coup Blanc : Coup Blanc : Coup Blanc : Coup Blanc : Coup Blanc : Coup Blanc : Coup Blanc : Coup Blanc : Coup Blanc : Coup Blanc : Coup Blanc : Coup Blanc : Coup Blanc : Coup Blanc : Coup Blanc : Coup Blanc : Coup Blanc : Coup Blanc : Coup Blanc : Coup Blanc : Coup Blanc : Coup Blanc : Coup Blanc : Coup Blanc : Coup Blanc : Coup Blanc : Coup Blanc : Coup Blanc : Coup Blanc : Coup Blanc : Coup Blanc : Coup Blanc : Coup Blanc : Coup Blanc : Coup Blanc : Coup Blanc : Coup Blanc : Coup Blanc : Coup Blanc : Coup Blanc : Coup Blanc : Coup Blanc : Coup Blanc : Coup Blanc : Coup Blanc : Coup Blanc : Coup Blanc : Coup Blanc : Coup Blanc : Coup Blanc : Coup Blanc : Coup Blanc : Coup Blanc : Coup Blanc : Coup Blanc : Coup Blanc : Coup Blanc : Coup Blanc : Coup Blanc : Coup Blanc : Coup Blanc : Coup Blanc : Coup Blanc : Coup Blanc : Coup Blanc : Coup Blanc : Coup Blanc : Coup Blanc : Coup Blanc : Coup Blanc : Coup Blanc : Coup Blanc : Coup Blanc : Coup Blanc : Coup Blanc : Coup Blanc : Coup Blanc : Coup Blanc : Coup Blanc : Coup Blanc : Coup Blanc : Coup Blanc : Coup Blanc : Coup Blanc : Coup Blanc : Coup Blanc : Coup Blanc : Coup Blanc : Coup Blanc : Coup Blanc : Coup Blanc : Coup Blanc : Coup Blanc : Coup Blanc : Coup Blanc : Coup Blanc : Coup Blanc : Coup Blanc : Coup Blanc : Coup Blanc : Coup Blanc : Coup Blanc : Coup Blanc : Coup Blanc : Coup Blanc : Coup Blanc : Coup Blanc : Coup Blanc : Coup Blanc : Coup Blanc : Coup Blanc : Coup Blanc : Coup Blanc : Coup Blanc : Coup Blanc : Coup Blanc : Coup Blanc : Coup Blanc : Coup Blanc : Coup Blanc : Coup Blanc : Coup Blanc : Coup Blanc : Coup Blanc : Coup Blanc : Coup Blanc : Coup Blanc : Coup Blanc : Coup Blanc : Coup Blanc : Coup Blanc : Coup Blanc : Coup Blanc : Coup Blanc : Coup Blanc : Coup Blanc : Coup Blanc : Coup Blanc : Coup Blanc : Coup Blanc : Coup Blanc : Coup Blanc : Coup Blanc : Coup Blanc : Coup Blanc : Coup Blanc : Coup Blanc : Coup Blanc : Coup Blanc : Coup Blanc : Coup Blanc : Coup Blanc : Coup Blanc : Coup Blanc : Coup Blanc : Coup Blanc : Coup Blanc : Coup Blanc : Coup Blanc : Coup Blanc : Coup Blanc : Coup Blanc : Coup Blanc : Coup Blanc : Coup Blanc : Coup Blanc : Coup Blanc : Coup Blanc : Coup Blanc : Coup Blanc : Coup Blanc : Coup Blanc : Coup Blanc : Coup Blanc : Coup Blanc : Coup Blanc : Coup Blanc : Coup Blanc : Coup Blanc : Coup Blanc : Coup Blanc : Coup Blanc : Coup Blanc : Coup Blanc : Coup Blanc : Coup Blanc : Coup Blanc : Coup Blanc : Coup Blanc : Coup Blanc : Coup Blanc : Coup Blanc : Coup Blanc : Coup Blanc : Coup Blanc : Coup Blanc : Coup Blanc : Coup Blanc : Coup Blanc : Coup Blanc : Coup Blanc : Coup Blanc : Coup Blanc : Coup Blanc : Coup Blanc : Coup Blanc : Coup Blanc : Coup Blanc : Coup Blanc : Coup Blanc : Coup Blanc : Coup Blanc : Coup Blanc : Coup Blanc : Coup Blanc : Coup Blanc : Coup Blanc : Coup Blanc : Coup Blanc : Coup Blanc : Coup Blanc : Coup Blanc : Coup Blanc : Coup Blanc : Coup Blanc : Coup Blanc : Coup Blanc : Coup Blanc : Coup Blanc : Coup Blanc : Coup Blanc : Coup Blanc : Coup Blanc : Coup Blanc : Coup Blanc : Coup Blanc : Coup Blanc : Coup Blanc : Coup Blanc : Coup Blanc : Coup Blanc : Coup Blanc : Coup Blanc : Coup Blanc : Coup Blanc : Coup Blanc : Coup Blanc : Coup Blanc : Coup Blanc : Coup Blanc : Coup Blanc : Coup Blanc : Coup Blanc : Coup Blanc : Coup Blanc : Coup Blanc : Coup Blanc : Coup Blanc : Coup Blanc : Coup Blanc : Coup Blanc : Coup Blanc : Coup Blanc : Coup Blanc : Coup Blanc : Coup Blanc : Coup Blanc : Coup Blanc : Coup Blanc : Coup Blanc : Coup Blanc : Coup Blanc : Coup Blanc : Coup Blanc : Coup Blanc : Coup Blanc : Coup Blanc : Coup Blanc : Coup Blanc : Coup Blanc : Coup Blanc : Coup Blanc : Coup Blanc : Coup Blanc : Coup Blanc : Coup Blanc : Coup Blanc : Coup Blanc : Coup Blanc : Coup Blanc : Coup Blanc : Coup Blanc : Coup Blanc : Coup Blanc : Coup Blanc : Coup Blanc : Coup Blanc : Coup Blanc : Coup Blanc : Coup Blanc : Coup Blanc : Coup Blanc : Coup Blanc : Coup Blanc : Coup Blanc : Coup Blanc : Coup Blanc : Coup Blanc : Coup Blanc : Coup Blanc : Coup Blanc : Coup Blanc : Coup Blanc : Coup Blanc : Coup Blanc : Coup Blanc : Coup Blanc : Coup Blanc : Coup Blanc : Coup Blanc : Coup Blanc : Coup Blanc : Coup Blanc : Coup Blanc : Coup Blanc : Coup Blanc : Coup Blanc : Coup Blanc : Coup Blanc : Coup Blanc : Coup Blanc : Coup Blanc : Coup Blanc : Coup Blanc : Coup Blanc : Coup Blanc : Coup Blanc : Coup Blanc : Coup Blanc : Coup Blanc : Coup Blanc : Coup Blanc : Coup Blanc : Coup Blanc : Coup Blanc : Coup Blanc : Coup Blanc : Coup Blanc : Coup Blanc : Coup Blanc : Coup Blanc : Coup Blanc : Coup Blanc : Coup Blanc : Coup Blanc : Coup Blanc : Coup Blanc : Coup Blanc : Coup Blanc : Coup Blanc : Coup Blanc : Coup Blanc : Coup Blanc : Coup Blanc : Coup Blanc : Coup Blanc : Coup Blanc : Coup Blanc : Coup Blanc : Coup Blanc : Coup Blanc : Coup Blanc : Coup Blanc : Coup Blanc : Coup Blanc : Coup Blanc : Coup Blanc : Coup Blanc : Coup Blanc : Coup Blanc : Coup Blanc : Coup Blanc : Coup Blanc : Coup Blanc : Coup Blanc : Coup Blanc : Coup Blanc : Coup Blanc : Coup Blanc : Coup Blanc : Coup Blanc : Coup Blanc : Coup Blanc : Coup Blanc : Coup Blanc : Coup Blanc : Coup Blanc : Coup Blanc : Coup Blanc : Coup Blanc : Coup Blanc : Coup Blanc : Coup Blanc : Coup Blanc : Coup Blanc : Coup Blanc : Coup Blanc : Coup Blanc : Coup Blanc : Coup Blanc : Coup Blanc : Coup Blanc : Coup Blanc : Coup Blanc : Coup Blanc : Coup Blanc : Coup Blanc : Coup Blanc : Coup Blanc : Coup Blanc : Coup Blanc : Coup Blanc : Coup Blanc : Coup Blanc : Coup Blanc : Coup Blanc : Coup Blanc : Coup Blanc : Coup Blanc : Coup Blanc : Coup Blanc : Coup Blanc : Coup Blanc : Coup Blanc : Coup Blanc : Coup Blanc : Coup Blanc : Coup Blanc : Coup Blanc : Coup Blanc : Coup Blanc : Coup Blanc : Coup Blanc : Coup Blanc : Coup Blanc : Coup Blanc : Coup Blanc : Coup Blanc : Coup Blanc : Coup Blanc : Coup Blanc : Coup Blanc : Coup Blanc : Coup Blanc : Coup Blanc : Coup Blanc : Coup Blanc : Coup Blanc : Coup Blanc : Coup Blanc : Coup Blanc : Coup Blanc : Coup Blanc : Coup Blanc : Coup Blanc : Coup Blanc : Coup Blanc : Coup Blanc : Coup Blanc : Coup Blanc : Coup Blanc : Coup Blanc : Coup Blanc : Coup Blanc : Coup Blanc : Coup Blanc : Coup Blanc : Coup Blanc : Coup Blanc : Coup Blanc : Coup Blanc : Coup Blanc : Coup Blanc : Coup Blanc : Coup Blanc : Coup Blanc : Coup Blanc : Coup Blanc : Coup Blanc : Coup Blanc : Coup Blanc : Coup Blanc : Coup Blanc : Coup Blanc : Coup Blanc : Coup Blanc : Coup Blanc : Coup Blanc : Coup Blanc : Coup Blanc : Coup Blanc : Coup Blanc : Coup Blanc : Coup Blanc : Coup Blanc : Coup Blanc : Coup Blanc : Coup Blanc : Coup Blanc : Coup Blanc : Coup Blanc : Coup Blanc : Coup Blanc : Coup Blanc : Coup Blanc : Coup Blanc : Coup Blanc : Coup Blanc : Coup Blanc : Coup Blanc : Coup Blanc : Coup Blanc : Coup Blanc : Coup Blanc : Coup Blanc : Coup Blanc : Coup Blanc : Coup Blanc : Coup Blanc : Coup Blanc : Coup Blanc : Coup Blanc : Coup Blanc : Coup Blanc : Coup Blanc : Coup Blanc : Coup Blanc : Coup Blanc : Coup Blanc : Coup Blanc : Coup Blanc : Coup Blanc : Coup Blanc : Coup Blanc : Coup Blanc : Coup Blanc : Coup Blanc : Coup Blanc : Coup Blanc : Coup Blanc : Coup Blanc : Coup Blanc : Coup Blanc : Coup Blanc : Coup Blanc : Coup Blanc : Coup Blanc : Coup Blanc : Coup Blanc : Coup Blanc : Coup Blanc : Coup Blanc : Coup Blanc : Coup Blanc : Coup Blanc : Coup Blanc : Coup Blanc : Coup Blanc : Coup Blanc : Coup Blanc : Coup Blanc : Coup Blanc : Coup Blanc : Coup Blanc : Coup Blanc : Coup Blanc : Coup Blanc : Coup Blanc : Coup Blanc : Coup Blanc : Coup Blanc : Coup Blanc : Coup Blanc : Coup Blanc : Coup Blanc : Coup Blanc : Coup Blanc : Coup Blanc : Coup Blanc : Coup Blanc : Coup Blanc : Coup Blanc : Coup Blanc : Coup Blanc : Coup Blanc : Coup Blanc : Coup Blanc : Coup Blanc : Coup Blanc : Coup Blanc : Coup Blanc : Coup Blanc : Coup Blanc : Coup Blanc : Coup Blanc : Coup Blanc : Coup Blanc : Coup Blanc : Coup Blanc : Coup Blanc : Coup Blanc : Coup Blanc : Coup Blanc : Coup Blanc : Coup Blanc : Coup Blanc : Coup Blanc : Coup Blanc : Coup Blanc : Coup Blanc : Coup Blanc : Coup Blanc : Coup Blanc : Coup Blanc : Coup Blanc : Coup Blanc : Coup Blanc : Coup Blanc : Coup Blanc : Coup Blanc : Coup Blanc : Coup Blanc : Coup Blanc : Coup Blanc : Coup Blanc : Coup Blanc : Coup Blanc : Coup Blanc : Coup Blanc : Coup Blanc : Coup Blanc : Coup Blanc : Coup Blanc : Coup Blanc : Coup Blanc : Coup Blanc : Coup Blanc : Coup Blanc : Coup Blanc : Coup Blanc : Coup Blanc : Coup Blanc : Coup Blanc : Coup Blanc : Coup Blanc : Coup Blanc : Coup Blanc : Coup Blanc : Coup Blanc : Coup Blanc : Coup Blanc : Coup Blanc : Coup Blanc : Coup Blanc : Coup Blanc : Coup Blanc : Coup Blanc : Coup Blanc : Coup Blanc : Coup Blanc : Coup Blanc : Coup Blanc : Coup Blanc : Coup Blanc : Coup Blanc : Coup Blanc : Coup Blanc : Coup Blanc : Coup Blanc : Coup Blanc : Coup Blanc : Coup Blanc : Coup Blanc : Coup Blanc : Coup Blanc : Coup Blanc : Coup Blanc : Coup Blanc : Coup Blanc : Coup Blanc : Coup Blanc : Coup Blanc : Coup Blanc : Coup Blanc : Coup Blanc : Coup Blanc : Coup Blanc : Coup Blanc : Coup Blanc : Coup Blanc : Coup Blanc : Coup Blanc : Coup Blanc : Coup Blanc : Coup Blanc : Coup Blanc : Coup Blanc : Coup Blanc : Coup Blanc : Coup Blanc : Coup Blanc : Coup Blanc : Coup Blanc : Coup Blanc : Coup Blanc : Coup Blanc : Coup Blanc : Coup Blanc : Coup Blanc : Coup Blanc : Coup Blanc : Coup Blanc : Coup Blanc : Coup Blanc : Coup Blanc : Coup Blanc : Coup Blanc : Coup Blanc : Coup Blanc : Coup Blanc : Coup Blanc : Coup Blanc : Coup Blanc : Coup Blanc : Coup Blanc : Coup Blanc : Coup Blanc : Coup Blanc : Coup Blanc : Coup Blanc : Coup Blanc : Coup Blanc : Coup Blanc : Coup Blanc : Coup Blanc : Coup Blanc : Coup Blanc : Coup Blanc : Coup Blanc : Coup Blanc : Coup Blanc : Coup Blanc : Coup Blanc : Coup Blanc : Coup Blanc : Coup Blanc : Coup Blanc : Coup Blanc : Coup Blanc : Coup Blanc : Coup Blanc : Coup Blanc : Coup Blanc : Coup Blanc : Coup Blanc : Coup Blanc : Coup Blanc : Coup Blanc : Coup Blanc : Coup Blanc : Coup Blanc : Coup Blanc : Coup Blanc : Coup Blanc : Coup Blanc : Coup Blanc : Coup Blanc : Coup Blanc : Coup Blanc : Coup Blanc : Coup Blanc : Coup Blanc : Coup Blanc : Coup Blanc : Coup Blanc : Coup Blanc : Coup Blanc : Coup Blanc : Coup Blanc : Coup Blanc : Coup Blanc : Coup Blanc : Coup Blanc : Coup Blanc : Coup Blanc : Coup Blanc : Coup Blanc : Coup Blanc : Coup Blanc : Coup Blanc : Coup Blanc : Coup Blanc : Coup Blanc : Coup Blanc : Coup Blanc : Coup Blanc : Coup Blanc : Coup Blanc : Coup Blanc : Coup Blanc : Coup Blanc : Coup Blanc : Coup Blanc : Coup Blanc : Coup Blanc : Coup Blanc : Coup Blanc : Coup Blanc : Coup Blanc : Coup Blanc : Coup Blanc : Coup Blanc : Coup Blanc : Coup Blanc : Coup Blanc : Coup Blanc : Coup Blanc : Coup Blanc : Coup Blanc : Coup Blanc : Coup Blanc : Coup Blanc : Coup Blanc : Coup Blanc : Coup Blanc : Coup Blanc : Coup Blanc : Coup Blanc : Coup Blanc : Coup Blanc : Coup Blanc : Coup Blanc : Coup Blanc : Coup Blanc : Coup Blanc : Coup Blanc : Coup Blanc : Coup Blanc : Coup Blanc : Coup Blanc : Coup Blanc : Coup Blanc : Coup Blanc : Coup Blanc : Coup Blanc : Coup Blanc : Coup Blanc : Coup Blanc : Coup Blanc : Coup Blanc : Coup Blanc : Coup Blanc : Coup Blanc : Coup Blanc : Coup Blanc : Coup Blanc : Coup Blanc : Coup Blanc : Coup Blanc : Coup Blanc : Coup Blanc : Coup Blanc : Coup Blanc : Coup Blanc : Coup Blanc : Coup Blanc : Coup Blanc : Coup Blanc : Coup Blanc : Coup Blanc : Coup Blanc : Coup Blanc : Coup Blanc : Coup Blanc : Coup Blanc : Coup Blanc : Coup Blanc : Coup Blanc : Coup Blanc : Coup Blanc : Coup Blanc : Coup Blanc : Coup Blanc : Coup Blanc : Coup Blanc : Coup Blanc : Coup Blanc : Coup Blanc : Coup Blanc : Coup Blanc : Coup Blanc : Coup Blanc : Coup Blanc : Coup Blanc : Coup Blanc : Coup Blanc : Coup Blanc : Coup Blanc : Coup Blanc : Coup Blanc : Coup Blanc : Coup Blanc : Coup Blanc : Coup Blanc : Coup Blanc : Coup Blanc : Coup Blanc : Coup Blanc : Coup Blanc : Coup Blanc : Coup Blanc : Coup Blanc : Coup Blanc : Coup Blanc : Coup Blanc : Coup Blanc : Coup Blanc : Coup Blanc : Coup Blanc : Coup Blanc : Coup Blanc : Coup Blanc : Coup Blanc : Coup Blanc : Coup Blanc : Coup Blanc : Coup Blanc : Coup Blanc : Coup Blanc : Coup Blanc : Coup Blanc : Coup Blanc : Coup Blanc : Coup Blanc : Coup Blanc : Coup Blanc : Coup Blanc : Coup Blanc : Coup Blanc : Coup Blanc : Coup Blanc : Coup Blanc : Coup Blanc : Coup Blanc : Coup Blanc : Coup Blanc : Coup Blanc : Coup Blanc : Coup Blanc : Coup Blanc : Coup Blanc : Coup Blanc : Coup Blanc : Coup Blanc : Coup Blanc : Coup Blanc : Coup Blanc : Coup Blanc : Coup Blanc : Coup Blanc : Coup Blanc : Coup Blanc : Coup Blanc : Coup Blanc : Coup Blanc : Coup Blanc : Coup Blanc : Coup Blanc : Coup Blanc : Coup Blanc : Coup Blanc : Coup Blanc : Coup Blanc : Coup Blanc : Coup Blanc : Coup Blanc : Coup Blanc : Coup Blanc : Coup Blanc : Coup Blanc : Coup Blanc : Coup Blanc : Coup Blanc : Coup Blanc : Coup Blanc : Coup Blanc : Coup Blanc : Coup Blanc : Coup Blanc : Coup Blanc : Coup Blanc : Coup Blanc : Coup Blanc : Coup Blanc : Coup Blanc : Coup Blanc : Coup Blanc : Coup Blanc : Coup Blanc : Coup Blanc : Coup Blanc : Coup Blanc : Coup Blanc : Coup Blanc : Coup Blanc : Coup Blanc : Coup Blanc : Coup Blanc : Coup Blanc : Coup Blanc : Coup Blanc : Coup Blanc : Coup Blanc : Coup Blanc : Coup Blanc : Coup Blanc : Coup Blanc : Coup Blanc : Coup Blanc : Coup Blanc : Coup Blanc : Coup Blanc : Coup Blanc : Coup Blanc : Coup Blanc : Coup Blanc : Coup Blanc : Coup Blanc : Coup Blanc : Coup Blanc : Coup Blanc : Coup Blanc : Coup Blanc : Coup Blanc : Coup Blanc : Coup Blanc : Coup Blanc : Coup Blanc : Coup Blanc : Coup Blanc : Coup Blanc : Coup Blanc : Coup Blanc : Coup Blanc : Coup Blanc : Coup Blanc : Coup Blanc : Coup Blanc : Coup Blanc : Coup Blanc : Coup Blanc : Coup Blanc : Coup Blanc : Coup Blanc : Coup Blanc : Coup Blanc : Coup Blanc : Coup Blanc : Coup Blanc : Coup Blanc : Coup Blanc : Coup Blanc : Coup Blanc : Coup Blanc : Coup Blanc : Coup Blanc : Coup Blanc : Coup Blanc : Coup Blanc : Coup Blanc : Coup Blanc : Coup Blanc : Coup Blanc : Coup Blanc : Coup Blanc : Coup Blanc : Coup Blanc : Coup Blanc : Coup Blanc : Coup Blanc : Coup Blanc : Coup Blanc : Coup Blanc : Coup Blanc : Coup Blanc : Coup Blanc : Coup Blanc : Coup Blanc : Coup Blanc : Coup Blanc : Coup Blanc : Coup Blanc : Coup Blanc : Coup Blanc : Coup Blanc : Coup Blanc : Coup Blanc : Coup Blanc : Coup Blanc : Coup Blanc : Coup Blanc : Coup Blanc : Coup Blanc : Coup Blanc : Coup Blanc : Coup Blanc : Coup Blanc : Coup Blanc : Coup Blanc : Coup Blanc : Coup Blanc : Coup Blanc : Coup Blanc : Coup Blanc : Coup Blanc : Coup Blanc : Coup Blanc : Coup Blanc : Coup Blanc : Coup Blanc : Coup Blanc : Coup Blanc : Coup Blanc : Coup Blanc : Coup Blanc : Coup Blanc : Coup Blanc : Coup Blanc : Coup Blanc : Coup Blanc : Coup Blanc : Coup Blanc : Coup Blanc : Coup Blanc : Coup Blanc : Coup Blanc : Coup Blanc : Coup Blanc : Coup Blanc : Coup Blanc : Coup Blanc : Coup Blanc : Coup Blanc : Coup Blanc : Coup Blanc : Coup Blanc : Coup Blanc : Coup Blanc : Coup Blanc : Coup Blanc : Coup Blanc : Coup Blanc : Coup Blanc : Coup Blanc : Coup Blanc : Coup Blanc : Coup Blanc : Coup Blanc : Coup Blanc : Coup Blanc : Coup Blanc : Coup Blanc : Coup Blanc : Coup Blanc : Coup Blanc : Coup Blanc : Coup Blanc : Coup Blanc : Coup Blanc : Coup Blanc : Coup Blanc : Coup Blanc : Coup Blanc : Coup Blanc : Coup Blanc : Coup Blanc : Coup Blanc : Coup Blanc : Coup Blanc : Coup Blanc : Coup Blanc : Coup Blanc : Coup Blanc : Coup Blanc : Coup Blanc : Coup Blanc : Coup Blanc : Coup Blanc : Coup Blanc : Coup Blanc : Coup Blanc : Coup Blanc : Coup Blanc : Coup Blanc : Coup Blanc : Coup Blanc : Coup Blanc : Coup Blanc : Coup Blanc : Coup Blanc : Coup Blanc : Coup Blanc : Coup Blanc : Coup Blanc : Coup Blanc : Coup Blanc : Coup Blanc : Coup Blanc : Coup Blanc : Coup Blanc : Coup Blanc : Coup Blanc : Coup Blanc : Coup Blanc : Coup Blanc : Coup Blanc : Coup Blanc : Coup Blanc : Coup Blanc : Coup Blanc : Coup Blanc : Coup Blanc : Coup Blanc : Coup Blanc : Coup Blanc : Coup Blanc : Coup Blanc : Coup Blanc : Coup Blanc : Coup Blanc : Coup Blanc : Coup Blanc : Coup Blanc : Coup Blanc : Coup Blanc : Coup Blanc : Coup Blanc : Coup Blanc : Coup Blanc : Coup Blanc : Coup Blanc : Coup Blanc : Coup Blanc : Coup Blanc : Coup Blanc : Coup Blanc : Coup Blanc : Coup Blanc : Coup Blanc : Coup Blanc : Coup Blanc : Coup Blanc : Coup Blanc : Coup Blanc : Coup Blanc : Coup Blanc : Coup Blanc : Coup Blanc : Coup Blanc : Coup Blanc : Coup Blanc : Coup Blanc : Coup Blanc : Coup Blanc : Coup Blanc : Coup Blanc : Coup Blanc : Coup Blanc : Coup Blanc : Coup Blanc : Coup Blanc : Coup Blanc : Coup Blanc : Coup Blanc : Coup Blanc : Coup Blanc : Coup Blanc : Coup Blanc : Coup Blanc : Coup Blanc : Coup Blanc : Coup Blanc : Coup Blanc : Coup Blanc : Coup Blanc : Coup Blanc : Coup Blanc : Coup Blanc : Coup Blanc : Coup Blanc : Coup Blanc : Coup Blanc : Coup Blanc : Coup Blanc : Coup Blanc : Coup Blanc : Coup Blanc : Coup Blanc : Coup Blanc : Coup Blanc : Coup Blanc : Coup Blanc : Coup Blanc : Coup Blanc : Coup Blanc : Coup Blanc : Coup Blanc : Coup Blanc : Coup Blanc : Coup Blanc : Coup Blanc : Coup Blanc : Coup Blanc : Coup Blanc : Coup Blanc : Coup Blanc : Coup Blanc : Coup Blanc : Coup Blanc : Coup Blanc : Coup Blanc : Coup Blanc : Coup Blanc : Coup Blanc : Coup Blanc : Coup Blanc : Coup Blanc : Coup Blanc : Coup Blanc : Coup Blanc : Coup Blanc : Coup Blanc : Coup Blanc : Coup Blanc : Coup Blanc : Coup Blanc : Coup Blanc : Coup Blanc : Coup Blanc : Coup Blanc : Coup Blanc : Coup Blanc : Coup Blanc : Coup Blanc : Coup Blanc : Coup Blanc : Coup Blanc : Coup Blanc : Coup Blanc : Coup Blanc : Coup Blanc : Coup Blanc : Coup Blanc : Coup Blanc : Coup Blanc : Coup Blanc : Coup Blanc : Coup Blanc : Coup Blanc : Coup Blanc : Coup Blanc : Coup Blanc : Coup Blanc : Coup Blanc : Coup Blanc : Coup Blanc : Coup Blanc : Coup Blanc : Coup Blanc : Coup Blanc : Coup Blanc : Coup Blanc : Coup Blanc : Coup Blanc : Coup Blanc : Coup Blanc : Coup Blanc : Coup Blanc : Coup Blanc : Coup Blanc : Coup Blanc : Coup Blanc : Coup Blanc : Coup Blanc : Coup Blanc : Coup Blanc : Coup Blanc : Coup Blanc : Coup Blanc : Coup Blanc : Coup Blanc : Coup Blanc : Coup Blanc : Coup Blanc : Coup Blanc : Coup Blanc : Coup Blanc : Coup Blanc : Coup Blanc : Coup Blanc : Coup Blanc : Coup Blanc : Coup Blanc : Coup Blanc : Coup Blanc : Coup Blanc : Coup Blanc : Coup Blanc : Coup Blanc : Coup Blanc : Coup Blanc : Coup Blanc : Coup Blanc : Coup Blanc : Coup Blanc : Coup Blanc : Coup Blanc : Coup Blanc : Coup Blanc : Coup Blanc : Coup Blanc : Coup Blanc : Coup Blanc : Coup Blanc : Coup Blanc : Coup Blanc : Coup Blanc : Coup Blanc : Coup Blanc : Coup Blanc : Coup Blanc : Coup Blanc : Coup Blanc : Coup Blanc : Coup Blanc : Coup Blanc : Coup Blanc : Coup Blanc : Coup Blanc : Coup Blanc : Coup Blanc : Coup Blanc : Coup Blanc : Coup Blanc : Coup Blanc : Coup Blanc : Coup Blanc : Coup Blanc : Coup Blanc : Coup Blanc : Coup Blanc : Coup Blanc : Coup Blanc : Coup Blanc : Coup Blanc : Coup Blanc : Coup Blanc : Coup Blanc : Coup Blanc : Coup Blanc : Coup Blanc : Coup Blanc : Coup Blanc : Coup Blanc : Coup Blanc : Coup Blanc : Coup Blanc : Coup Blanc : Coup Blanc : Coup Blanc : Coup Blanc : Coup Blanc : Coup Blanc : Coup Blanc : Coup Blanc : Coup Blanc : Coup Blanc : Coup Blanc : Coup Blanc : Coup Blanc : Coup Blanc : Coup Blanc : Coup Blanc : Coup Blanc : Coup Blanc : Coup Blanc : Coup Blanc : Coup Blanc : Coup Blanc : Coup Blanc : Coup Blanc : Coup Blanc : Coup Blanc : Coup Blanc : Coup Blanc : Coup Blanc : Coup Blanc : Coup Blanc : Coup Blanc : Coup Blanc : Coup Blanc : Coup Blanc : Coup Blanc : Coup Blanc : Coup Blanc : Coup Blanc : Coup Blanc : Coup Blanc : Coup Blanc : Coup Blanc : Coup Blanc : Coup Blanc : Coup Blanc : Coup Blanc : Coup Blanc : Coup Blanc : Coup Blanc : Coup Blanc : Coup Blanc : Coup Blanc : Coup Blanc : Coup Blanc : Coup Blanc : Coup Blanc : Coup Blanc : Coup Blanc : Coup Blanc : Coup Blanc : Coup Blanc : Coup Blanc : Coup Blanc : Coup Blanc : Coup Blanc : Coup Blanc : Coup Blanc : Coup Blanc : Coup Blanc : Coup Blanc : Coup Blanc : Coup Blanc : Coup Blanc : Coup Blanc : Coup Blanc : Coup Blanc : Coup Blanc : Coup Blanc : Coup Blanc : Coup Blanc : Coup Blanc : Coup Blanc : Coup Blanc : Coup Blanc : Coup Blanc : Coup Blanc : Coup Blanc : Coup Blanc : Coup Blanc : Coup Blanc : Coup Blanc : Coup Blanc : Coup Blanc : Coup Blanc : Coup Blanc : Coup Blanc : Coup Blanc : Coup Blanc : Coup Blanc : Coup Blanc : Coup Blanc : Coup Blanc : Coup Blanc : Coup Blanc : Coup Blanc : Coup Blanc : Coup Blanc : Coup Blanc : Coup Blanc : Coup Blanc : Coup Blanc : Coup Blanc : Coup Blanc : Coup Blanc : Coup Blanc : Coup Blanc : Coup Blanc : Coup Blanc : Coup Blanc : Coup Blanc : Coup Blanc : Coup Blanc : Coup Blanc : Coup Blanc : Coup Blanc : Coup Blanc : Coup Blanc : Coup Blanc : Coup Blanc : Coup Blanc : Coup Blanc : Coup Blanc : Coup Blanc : Coup Blanc : Coup Blanc : Coup Blanc : Coup Blanc : Coup Blanc : Coup Blanc : Coup Blanc : Coup Blanc : Coup Blanc : Coup Blanc : Coup Blanc : Coup Blanc : Coup Blanc : Coup Blanc : Coup Blanc : Coup Blanc : Coup Blanc : Coup Blanc : Coup Blanc : Coup Blanc : Coup Blanc : Coup Blanc : Coup Blanc : Coup Blanc : Coup Blanc : Coup Blanc : Coup Blanc : Coup Blanc : Coup Blanc : Coup Blanc : Coup Blanc : Coup Blanc : Coup Blanc : Coup Blanc : Coup Blanc : Coup Blanc : Coup Blanc : Coup Blanc : Coup Blanc : Coup Blanc : Coup Blanc : Coup Blanc : Coup Blanc : Coup Blanc : Coup Blanc : Coup Blanc : Coup Blanc : Coup Blanc : Coup Blanc : Coup Blanc : Coup Blanc : Coup Blanc : Coup Blanc : Coup Blanc : Coup Blanc : Coup Blanc : Coup Blanc : Coup Blanc : Coup Blanc : Coup Blanc : Coup Blanc : Coup Blanc : Coup Blanc : Coup Blanc : Coup Blanc : Coup Blanc : Coup Blanc : Coup Blanc : Coup Blanc : Coup Blanc : Coup Blanc : Coup Blanc : Coup Blanc : Coup Blanc : Coup Blanc : Coup Blanc : Coup Blanc : Coup Blanc : Coup Blanc : Coup Blanc : Coup Blanc : Coup Blanc : Coup Blanc : Coup Blanc : Coup Blanc : Coup Blanc : Coup Blanc : Coup Blanc : Coup Blanc : Coup Blanc : Coup Blanc : Coup Blanc : Coup Blanc : Coup Blanc : Coup Blanc : Coup Blanc : Coup Blanc : Coup Blanc : Coup Blanc : Coup Blanc : Coup Blanc : Coup Blanc : Coup Blanc : Coup Blanc : Coup Blanc : Coup Blanc : Coup Blanc : Coup Blanc : Coup Blanc : Coup Blanc : Coup Blanc : Coup Blanc : Coup Blanc : Coup Blanc : Coup Blanc : Coup Blanc : Coup Blanc : Coup Blanc : Coup Blanc : Coup Blanc : Coup Blanc : Coup Blanc : Coup Blanc : Coup Blanc : Coup Blanc : Coup Blanc : Coup Blanc : Coup Blanc : Coup Blanc : Coup Blanc : Coup Blanc : Coup Blanc : Coup Blanc : Coup Blanc : Coup Blanc : Coup Blanc : Coup Blanc : Coup Blanc : Coup Blanc : Coup Blanc : Coup Blanc : Coup Blanc : Coup Blanc : Coup Blanc : Coup Blanc : Coup Blanc : Coup Blanc : Coup Blanc : Coup Blanc : Coup Blanc : Coup Blanc : Coup Blanc : Coup Blanc : Coup Blanc : Coup Blanc : Coup Blanc : Coup Blanc : Coup Blanc : Coup Blanc : Coup Blanc : Coup Blanc : Coup Blanc : Coup Blanc : Coup Blanc : Coup Blanc : Coup Blanc : Coup Blanc : Coup Blanc : Coup Blanc : Coup Blanc : Coup Blanc : Coup Blanc : Coup Blanc : Coup Blanc : Coup Blanc : Coup Blanc : Coup Blanc : Coup Blanc : Coup Blanc : Coup Blanc : Coup Blanc : Coup Blanc : Coup Blanc : Coup Blanc : Coup Blanc : Coup Blanc : Coup Blanc : Coup Blanc : Coup Blanc : Coup Blanc : Coup Blanc : Coup Blanc : Coup Blanc : Coup Blanc : Coup Blanc : Coup Blanc : Coup Blanc : Coup Blanc : Coup Blanc : Coup Blanc : Coup Blanc : Coup Blanc : Coup Blanc : Coup Blanc : Coup Blanc : Coup Blanc : Coup Blanc : Coup Blanc : Coup Blanc : Coup Blanc : Coup Blanc : Coup Blanc : Coup Blanc : Coup Blanc : Coup Blanc : Coup Blanc : Coup Blanc : Coup Blanc : Coup Blanc : Coup Blanc : Coup Blanc : Coup Blanc : Coup Blanc : Coup Blanc : Coup Blanc : Coup Blanc : Coup Blanc : Coup Blanc : Coup Blanc : Coup Blanc : Coup Blanc : Coup Blanc : Coup Blanc : Coup Blanc : Coup Blanc : Coup Blanc : Coup Blanc : Coup Blanc : Coup Blanc : Coup Blanc : Coup Blanc : Coup Blanc : Coup Blanc : Coup Blanc : Coup Blanc : Coup Blanc : Coup Blanc : Coup Blanc : Coup Blanc : Coup Blanc : Coup Blanc : Coup Blanc : Coup Blanc : Coup Blanc : Coup Blanc : Coup Blanc : Coup Blanc : Coup Blanc : Coup Blanc : Coup Blanc : Coup Blanc : Coup Blanc : Coup Blanc : Coup Blanc : Coup Blanc : Coup Blanc : Coup Blanc : Coup Blanc : Coup Blanc : Coup Blanc : Coup Blanc : Coup Blanc : Coup Blanc : Coup Blanc : Coup Blanc : Coup Blanc : Coup Blanc : Coup Blanc : Coup Blanc : Coup Blanc : Coup Blanc : Coup Blanc : Coup Blanc : Coup Blanc : Coup Blanc : Coup Blanc : Coup Blanc : Coup Blanc : Coup Blanc : Coup Blanc : Coup Blanc : Coup Blanc : Coup Blanc : Coup Blanc : Coup Blanc : Coup Blanc : Coup Blanc : Coup Blanc : Coup Blanc : Coup Blanc : Coup Blanc : Coup Blanc : Coup Blanc : Coup Blanc : Coup Blanc : Coup Blanc : Coup Blanc : Coup Blanc : Coup Blanc : Coup Blanc : Coup Blanc : Coup Blanc : Coup Blanc : Coup Blanc : Coup Blanc : Coup Blanc : Coup Blanc : Coup Blanc : Coup Blanc : Coup Blanc : Coup Blanc : Coup Blanc : Coup Blanc : Coup Blanc : Coup Blanc : Coup Blanc : Coup Blanc : Coup Blanc : Coup Blanc : Coup Blanc : Coup Blanc : Coup Blanc : Coup Blanc : Coup Blanc : Coup Blanc : Coup Blanc : Coup Blanc : Coup Blanc : Coup Blanc : Coup Blanc : Coup Blanc : Coup Blanc : Coup Blanc : Coup Blanc : Coup Blanc : Coup Blanc : Coup Blanc : Coup Blanc : Coup Blanc : Coup Blanc : Coup Blanc : Coup Blanc : Coup Blanc : Coup Blanc : Coup Blanc : Coup Blanc : Coup Blanc : Coup Blanc : Coup Blanc : Coup Blanc : Coup Blanc : Coup Blanc : Coup Blanc : Coup Blanc : Coup Blanc : Coup Blanc : Coup Blanc : Coup Blanc : Coup Blanc : Coup Blanc : Coup Blanc : Coup Blanc : Coup Blanc : Coup Blanc : Coup Blanc : Coup Blanc : Coup Blanc : Coup Blanc : Coup Blanc : Coup Blanc : Coup Blanc : Coup Blanc : Coup Blanc : Coup Blanc : Coup Blanc : Coup Blanc : Coup Blanc : Coup Blanc : Coup Blanc : Coup Blanc : Coup Blanc : Coup Blanc : Coup Blanc : Coup Blanc : Coup Blanc : Coup Blanc : Coup Blanc : Coup Blanc : Coup Blanc : Coup Blanc : Coup Blanc : Coup Blanc : Coup Blanc : Coup Blanc : Coup Blanc : Coup Blanc : Coup Blanc : Coup Blanc : Coup Blanc : Coup Blanc : Coup Blanc : Coup Blanc : Coup Blanc : Coup Blanc : Coup Blanc : Coup Blanc : Coup Blanc : Coup Blanc : Coup Blanc : Coup Blanc : Coup Blanc : Coup Blanc : Coup Blanc : Coup Blanc : Coup Blanc : Coup Blanc : Coup Blanc : Coup Blanc : Coup Blanc : Coup Blanc : Coup Blanc : Coup Blanc : Coup Blanc : Coup Blanc : Coup Blanc : Coup Blanc : Coup Blanc : Coup Blanc : Coup Blanc : Coup Blanc : Coup Blanc : Coup Blanc : Coup Blanc : Coup Blanc : Coup Blanc : Coup Blanc : Coup Blanc : Coup Blanc : Coup Blanc : Coup Blanc : Coup Blanc : Coup Blanc : Coup Blanc : Coup Blanc : Coup Blanc : Coup Blanc : Coup Blanc : Coup Blanc : Coup Blanc : Coup Blanc : Coup Blanc : Coup Blanc : Coup Blanc : Coup Blanc : Coup Blanc : Coup Blanc : Coup Blanc : Coup Blanc : Coup Blanc : Coup Blanc : Coup Blanc : Coup Blanc : Coup Blanc : Coup Blanc : Coup Blanc : Coup Blanc : Coup Blanc : Coup Blanc : Coup Blanc : Coup Blanc : Coup Blanc : Coup Blanc : Coup Blanc : Coup Blanc : Coup Blanc : Coup Blanc : Coup Blanc : Coup Blanc : Coup Blanc : Coup Blanc : Coup Blanc : Coup Blanc : Coup Blanc : Coup Blanc : Coup Blanc : Coup Blanc : Coup Blanc : Coup Blanc : Coup Blanc : Coup Blanc : Coup Blanc : Coup Blanc : Coup Blanc : Coup Blanc : Coup Blanc : Coup Blanc : Coup Blanc : Coup Blanc : Coup Blanc : Coup Blanc : Coup Blanc : Coup Blanc : Coup Blanc : Coup Blanc : Coup Blanc : Coup Blanc : Coup Blanc : Coup Blanc : Coup Blanc : Coup Blanc : Coup Blanc : Coup Blanc : Coup Blanc : Coup Blanc : Coup Blanc : Coup Blanc : Coup Blanc : Coup Blanc : Coup Blanc : Coup Blanc : Coup Blanc : Coup Blanc : Coup Blanc : Coup Blanc : Coup Blanc : Coup Blanc : Coup Blanc : Coup Blanc : Coup Blanc : Coup Blanc : Coup Blanc : Coup Blanc : Coup Blanc : Coup Blanc : Coup Blanc : Coup Blanc : Coup Blanc : Coup Blanc : Coup Blanc : Coup Blanc : Coup Blanc : Coup Blanc : Coup Blanc : Coup Blanc : Coup Blanc : Coup Blanc : Coup Blanc : Coup Blanc : Coup Blanc : Coup Blanc : Coup Blanc : Coup Blanc : Coup Blanc : Coup Blanc : Coup Blanc : Coup Blanc : Coup Blanc : Coup Blanc : Coup Blanc : Coup Blanc : Coup Blanc : Coup Blanc : Coup Blanc : Coup Blanc : Coup Blanc : Coup Blanc : Coup Blanc : Coup Blanc : Coup Blanc : Coup Blanc : Coup Blanc : Coup Blanc : Coup Blanc : Coup Blanc : Coup Blanc : Coup Blanc : Coup Blanc : Coup Blanc : Coup Blanc : Coup Blanc : Coup Blanc : Coup Blanc : Coup Blanc : Coup Blanc : Coup Blanc : Coup Blanc : Coup Blanc : Coup Blanc : Coup Blanc : Coup Blanc : Coup Blanc : Coup Blanc : Coup Blanc : Coup Blanc : Coup Blanc : Coup Blanc : Coup Blanc : Coup Blanc : Coup Blanc : Coup Blanc : Coup Blanc : Coup Blanc : Coup Blanc : Coup Blanc : Coup Blanc : Coup Blanc : Coup Blanc : Coup Blanc : Coup Blanc : Coup Blanc : Coup Blanc : Coup Blanc : Coup Blanc : Coup Blanc : Coup Blanc : Coup Blanc : Coup Blanc : Coup Blanc : Coup Blanc : Coup Blanc : Coup Blanc : Coup Blanc : Coup Blanc : Coup Blanc : Coup Blanc : Coup Blanc : Coup Blanc : Coup Blanc : Coup Blanc : Coup Blanc : Coup Blanc : Coup Blanc : Coup Blanc : Coup Blanc : Coup Blanc : Coup Blanc : Coup Blanc : Coup Blanc : Coup Blanc : Coup Blanc : Coup Blanc : Coup Blanc : Coup Blanc : Coup Blanc : Coup Blanc : Coup Blanc : Coup Blanc : Coup Blanc : Coup Blanc : Coup Blanc : Coup Blanc : Coup Blanc : Coup Blanc : Coup Blanc : Coup Blanc : Coup Blanc : Coup Blanc : Coup Blanc : Coup Blanc : Coup Blanc : Coup Blanc : Coup Blanc : Coup Blanc : Coup Blanc : Coup Blanc : Coup Blanc : Coup Blanc : Coup Blanc : Coup Blanc : Coup Blanc : Coup Blanc : Coup Blanc : Coup Blanc : Coup Blanc : Coup Blanc : Coup Blanc : Coup Blanc : Coup Blanc : Coup Blanc : Coup Blanc : Coup Blanc : Coup Blanc : Coup Blanc : Coup Blanc : Coup Blanc : Coup Blanc : Coup Blanc : Coup Blanc : Coup Blanc : Coup Blanc : Coup Blanc : Coup Blanc : Coup Blanc : Coup Blanc : Coup Blanc : Coup Blanc : Coup Blanc : Coup Blanc : Coup Blanc : Coup Blanc : Coup Blanc : Coup Blanc : Coup Blanc : Coup Blanc : Coup Blanc : Coup Blanc : Coup Blanc : Coup Blanc : Coup Blanc : Coup Blanc : Coup Blanc : Coup Blanc : Coup Blanc : Coup Blanc : Coup Blanc : Coup Blanc : Coup Blanc : Coup Blanc : Coup Blanc : Coup Blanc : Coup Blanc : Coup Blanc : Coup Blanc : Coup Blanc : Coup Blanc : Coup Blanc : Coup Blanc : Coup Blanc : Coup Blanc : Coup Blanc : Coup Blanc : Coup Blanc : Coup Blanc : Coup Blanc : Coup Blanc : Coup Blanc : Coup Blanc : Coup Blanc : Coup Blanc : Coup Blanc : Coup Blanc : Coup Blanc : Coup Blanc : Coup Blanc : Coup Blanc : Coup Blanc : Coup Blanc : Coup Blanc : Coup Blanc : Coup Blanc : Coup Blanc : Coup Blanc : Coup Blanc : Coup Blanc : Coup Blanc : Coup Blanc : Coup Blanc : Coup Blanc : Coup Blanc : Coup Blanc : Coup Blanc : Coup Blanc : Coup Blanc : Coup Blanc : Coup Blanc : Coup Blanc : Coup Blanc : Coup Blanc : Coup Blanc : Coup Blanc : Coup Blanc : Coup Blanc : Coup Blanc : Coup Blanc : Coup Blanc : Coup Blanc : Coup Blanc : Coup Blanc : Coup Blanc : Coup Blanc : Coup Blanc : Coup Blanc : Coup Blanc : Coup Blanc : Coup Blanc : Coup Blanc : Coup Blanc : Coup Blanc : Coup Blanc : Coup Blanc : Coup Blanc : Coup Blanc : Coup Blanc : Coup Blanc : Coup Blanc : Coup Blanc : Coup Blanc : Coup Blanc : Coup Blanc : Coup Blanc : Coup Blanc : Coup Blanc : Coup Blanc : Coup Blanc : Coup Blanc : Coup Blanc : Coup Blanc : Coup Blanc : Coup Blanc : Coup Blanc : Coup Blanc : Coup Blanc : Coup Blanc : Coup Blanc : Coup Blanc : Coup Blanc : Coup Blanc : Coup Blanc : Coup Blanc : Coup Blanc : Coup Blanc : Coup Blanc : Coup Blanc : Coup Blanc : Coup Blanc : Coup Blanc : Coup Blanc : Coup Blanc : Coup Blanc : Coup Blanc : Coup Blanc : Coup Blanc : Coup Blanc : Coup Blanc : Coup Blanc : Coup Blanc : Coup Blanc : Coup Blanc : Coup Blanc : Coup Blanc : Coup Blanc : Coup Blanc : Coup Blanc : Coup Blanc : Coup Blanc : Coup Blanc : Coup Blanc : Coup Blanc : Coup Blanc : Coup Blanc : Coup Blanc : Coup Blanc : Coup Blanc : Coup Blanc : Coup Blanc : Coup Blanc : Coup Blanc : Coup Blanc : Coup Blanc : Coup Blanc : Coup Blanc : Coup Blanc : Coup Blanc : Coup Blanc : Coup Blanc : Coup Blanc : Coup Blanc : Coup Blanc : Coup Blanc : Coup Blanc : Coup Blanc : Coup Blanc : Coup Blanc : Coup Blanc : Coup Blanc : Coup Blanc : Coup Blanc : Coup Blanc : Coup Blanc : Coup Blanc : Coup Blanc : Coup Blanc : Coup Blanc : Coup Blanc : Coup Blanc : Coup Blanc : Coup Blanc : Coup Blanc : Coup Blanc : Coup Blanc : Coup Blanc : Coup Blanc : Coup Blanc : Coup Blanc : Coup Blanc : Coup Blanc : Coup Blanc : Coup Blanc : Coup Blanc : Coup Blanc : Coup Blanc : Coup Blanc : Coup Blanc : Coup Blanc : Coup Blanc : Coup Blanc : Coup Blanc : Coup Blanc : Coup Blanc : Coup Blanc : Coup Blanc : Coup Blanc : Coup Blanc : Coup Blanc : Coup Blanc : Coup Blanc : Coup Blanc : Coup Blanc : Coup Blanc : Coup Blanc : Coup Blanc : Coup Blanc : Coup Blanc : Coup Blanc : Coup Blanc : Coup Blanc : Coup Blanc : Coup Blanc : Coup Blanc : Coup Blanc : Coup Blanc : Coup Blanc : Coup Blanc : Coup Blanc : Coup Blanc : Coup Blanc : Coup Blanc : Coup Blanc : Coup Blanc : Coup Blanc : Coup Blanc : Coup Blanc : Coup Blanc : Coup Blanc : Coup Blanc : Coup Blanc : Coup Blanc : Coup Blanc : Coup Blanc : Coup Blanc : Coup Blanc : Coup Blanc : Coup Blanc : Coup Blanc : Coup Blanc : Coup Blanc : Coup Blanc : Coup Blanc : Coup Blanc : Coup Blanc : Coup Blanc : Coup Blanc : Coup Blanc : Coup Blanc : Coup Blanc : Coup Blanc : Coup Blanc : Coup Blanc : Coup Blanc : Coup Blanc : Coup Blanc : Coup Blanc : Coup Blanc : Coup Blanc : Coup Blanc : Coup Blanc : Coup Blanc : Coup Blanc : Coup Blanc : Coup Blanc : Coup Blanc : Coup Blanc : Coup Blanc : Coup Blanc : Coup Blanc : Coup Blanc : Coup Blanc : Coup Blanc : Coup Blanc : Coup Blanc : Coup Blanc : Coup Blanc : Coup Blanc : Coup Blanc : Coup Blanc : Coup Blanc : Coup Blanc : Coup Blanc : Coup Blanc : Coup Blanc : Coup Blanc : Coup Blanc : Coup Blanc : Coup Blanc : Coup Blanc : Coup Blanc : Coup Blanc : Coup Blanc : Coup Blanc : Coup Blanc : Coup Blanc : Coup Blanc : Coup Blanc : Coup Blanc : Coup Blanc : Coup Blanc : Coup Blanc : Coup Blanc : Coup Blanc : Coup Blanc : Coup Blanc : Coup Blanc : Coup Blanc : Coup Blanc : Coup Blanc : Coup Blanc : Coup Blanc : Coup Blanc : Coup Blanc : Coup Blanc : Coup Blanc : Coup Blanc : Coup Blanc : Coup Blanc : Coup Blanc : Coup Blanc : Coup Blanc : Coup Blanc : Coup Blanc : Coup Blanc : Coup Blanc : Coup Blanc : Coup Blanc : Coup Blanc : Coup Blanc : Coup Blanc : Coup Blanc : Coup Blanc : Coup Blanc : Coup Blanc : Coup Blanc : Coup Blanc : Coup Blanc : Coup Blanc : Coup Blanc : Coup Blanc : Coup Blanc : Coup Blanc : Coup Blanc : Coup Blanc : Coup Blanc : Coup Blanc : Coup Blanc : Coup Blanc : Coup Blanc : Coup Blanc : Coup Blanc : Coup Blanc : Coup Blanc : Coup Blanc : Coup Blanc : Coup Blanc : Coup Blanc : Coup Blanc : Coup Blanc : Coup Blanc : Coup Blanc : Coup Blanc : Coup Blanc : Coup Blanc : Coup Blanc : Coup Blanc : Coup Blanc : Coup Blanc : Coup Blanc : Coup Blanc : Coup Blanc : Coup Blanc : Coup Blanc : Coup Blanc : Coup Blanc : Coup Blanc : Coup Blanc : Coup Blanc : Coup Blanc : Coup Blanc : Coup Blanc : Coup Blanc : Coup Blanc : Coup Blanc : Coup Blanc : Coup Blanc : Coup Blanc : Coup Blanc : Coup Blanc : Coup Blanc : Coup Blanc : Coup Blanc : Coup Blanc : Coup Blanc : Coup Blanc : Coup Blanc : Coup Blanc : Coup Blanc : Coup Blanc : Coup Blanc : Coup Blanc : Coup Blanc : Coup Blanc : Coup Blanc : Coup Blanc : Coup Blanc : Coup Blanc : Coup Blanc : Coup Blanc : Coup Blanc : Coup Blanc : Coup Blanc : Coup Blanc : Coup Blanc : Coup Blanc : Coup Blanc : Coup Blanc : Coup Blanc : Coup Blanc : Coup Blanc : Coup Blanc : Coup Blanc : Coup Blanc : Coup Blanc : Coup Blanc : Coup Blanc : Coup Blanc : Coup Blanc : Coup Blanc : Coup Blanc : Coup Blanc : Coup Blanc : Coup Blanc : Coup Blanc : Coup Blanc : Coup Blanc : Coup Blanc : Coup Blanc : Coup Blanc : Coup Blanc : Coup Blanc : Coup Blanc : Coup Blanc : Coup Blanc : Coup Blanc : Coup Blanc : Coup Blanc : Coup Blanc : Coup Blanc : Coup Blanc : Coup Blanc : Coup Blanc : Coup Blanc : Coup Blanc : Coup Blanc : Coup Blanc : Coup Blanc : Coup Blanc : Coup Blanc : Coup Blanc : Coup Blanc : Coup Blanc : Coup Blanc : Coup Blanc : Coup Blanc : Coup Blanc : Coup Blanc : Coup Blanc : Coup Blanc : Coup Blanc : Coup Blanc : Coup Blanc : Coup Blanc : Coup Blanc : Coup Blanc : Coup Blanc : Coup Blanc : Coup Blanc : Coup Blanc : Coup Blanc : Coup Blanc : Coup Blanc : Coup Blanc : Coup Blanc : Coup Blanc : Coup Blanc : Coup Blanc : Coup Blanc : Coup Blanc : Coup Blanc : Coup Blanc : Coup Blanc : Coup Blanc : Coup Blanc : Coup Blanc : Coup Blanc : Coup Blanc : Coup Blanc : Coup Blanc : Coup Blanc : Coup Blanc : Coup Blanc : Coup Blanc : Coup Blanc : Coup Blanc : Coup Blanc : Coup Blanc : Coup Blanc : Coup Blanc : Coup Blanc : Coup Blanc : Coup Blanc : Coup Blanc : Coup Blanc : Coup Blanc : Coup Blanc : Coup Blanc : Coup Blanc : Coup Blanc : Coup Blanc : Coup Blanc : Coup Blanc : Coup Blanc : Coup Blanc : Coup Blanc : Coup Blanc : Coup Blanc : Coup Blanc : Coup Blanc : Coup Blanc : Coup Blanc : Coup Blanc : Coup Blanc : Coup Blanc : Coup Blanc : Coup Blanc : Coup Blanc : Coup Blanc : Coup Blanc : Coup Blanc : Coup Blanc : Coup Blanc : Coup Blanc : Coup Blanc : Coup Blanc : Coup Blanc : Coup Blanc : Coup Blanc : Coup Blanc : Coup Blanc : Coup Blanc : Coup Blanc : Coup Blanc : Coup Blanc : Coup Blanc : Coup Blanc : Coup Blanc : Coup Blanc : Coup Blanc : Coup Blanc : Coup Blanc : Coup Blanc : Coup Blanc : Coup Blanc : Coup Blanc : Coup Blanc : Coup Blanc : Coup Blanc : Coup Blanc : Coup Blanc : Coup Blanc : Coup Blanc : Coup Blanc : Coup Blanc : Coup Blanc : Coup Blanc : Coup Blanc : Coup Blanc : Coup Blanc : Coup Blanc : Coup Blanc : Coup Blanc : Coup Blanc : Coup Blanc : Coup Blanc : Coup Blanc : Coup Blanc : Coup Blanc : Coup Blanc : Coup Blanc : Coup Blanc : Coup Blanc : Coup Blanc : Coup Blanc : Coup Blanc : Coup Blanc : Coup Blanc : Coup Blanc : Coup Blanc : Coup Blanc : Coup Blanc : Coup Blanc : Coup Blanc : Coup Blanc : Coup Blanc : Coup Blanc : Coup Blanc : Coup Blanc : Coup Blanc : Coup Blanc : Coup Blanc : Coup Blanc : Coup Blanc : Coup Blanc : Coup Blanc : Coup Blanc : Coup Blanc : Coup Blanc : Coup Blanc : Coup Blanc : Coup Blanc : Coup Blanc : Coup Blanc : Coup Blanc : Coup Blanc : Coup Blanc : Coup Blanc : Coup Blanc : Coup Blanc : Coup Blanc : Coup Blanc : Coup Blanc : Coup Blanc : Coup Blanc : Coup Blanc : Coup Blanc : Coup Blanc : Coup Blanc : Coup Blanc : Coup Blanc : Coup Blanc : Coup Blanc : Coup Blanc : Coup Blanc : Coup Blanc : Coup Blanc : Coup Blanc : Coup Blanc : Coup Blanc : Coup Blanc : Coup Blanc : Coup Blanc : Coup Blanc : Coup Blanc : Coup Blanc : Coup Blanc : Coup Blanc : Coup Blanc : Coup Blanc : Coup Blanc : Coup Blanc : Coup Blanc : Coup Blanc : Coup Blanc : Coup Blanc : Coup Blanc : Coup Blanc : Coup Blanc : Coup Blanc : Coup Blanc : Coup Blanc : Coup Blanc : Coup Blanc : Coup Blanc : Coup Blanc : Coup Blanc : Coup Blanc : Coup Blanc : Coup Blanc : Coup Blanc : Coup Blanc : Coup Blanc : Coup Blanc : Coup Blanc : Coup Blanc : Coup Blanc : Coup Blanc : Coup Blanc : Coup Blanc : Coup Blanc : Coup Blanc : Coup Blanc : Coup Blanc : Coup Blanc : Coup Blanc : Coup Blanc : Coup Blanc : Coup Blanc : Coup Blanc : Coup Blanc : Coup Blanc : Coup Blanc : Coup Blanc : Coup Blanc : Coup Blanc : Coup Blanc : Coup Blanc : Coup Blanc : Coup Blanc : Coup Blanc : Coup Blanc : Coup Blanc : Coup Blanc : Coup Blanc : Coup Blanc : Coup Blanc : Coup Blanc : Coup Blanc : Coup Blanc : Coup Blanc : Coup Blanc : Coup Blanc : Coup Blanc : Coup Blanc : Coup Blanc : Coup Blanc : Coup Blanc : Coup Blanc : Coup Blanc : Coup Blanc : Coup Blanc : Coup Blanc : Coup Blanc : Coup Blanc : Coup Blanc : Coup Blanc : Coup Blanc : Coup Blanc : Coup Blanc : Coup Blanc : Coup Blanc : Coup Blanc : Coup Blanc : Coup Blanc : Coup Blanc : Coup Blanc : Coup Blanc : Coup Blanc : Coup Blanc : Coup Blanc : Coup Blanc : Coup Blanc : Coup Blanc : Coup Blanc : Coup Blanc : Coup Blanc : Coup Blanc : Coup Blanc : Coup Blanc : Coup Blanc : Coup Blanc : Coup Blanc : Coup Blanc : Coup Blanc : Coup Blanc : Coup Blanc : Coup Blanc : Coup Blanc : Coup Blanc : Coup Blanc : Coup Blanc : Coup Blanc : Coup Blanc : Coup Blanc : Coup Blanc : Coup Blanc : Coup Blanc : Coup Blanc : Coup Blanc : Coup Blanc : Coup Blanc : Coup Blanc : Coup Blanc : Coup Blanc : Coup Blanc : Coup Blanc : Coup Blanc : Coup Blanc : Coup Blanc : Coup Blanc : Coup Blanc : Coup Blanc : Coup Blanc : Coup Blanc : Coup Blanc : Coup Blanc : Coup Blanc : Coup Blanc : Coup Blanc : Coup Blanc : Coup Blanc : Coup Blanc : Coup Blanc : Coup Blanc : Coup Blanc : Coup Blanc : Coup Blanc : Coup Blanc : Coup Blanc : Coup Blanc : Coup Blanc : Coup Blanc : Coup Blanc : Coup Blanc : Coup Blanc : Coup Blanc : Coup Blanc : Coup Blanc : Coup Blanc : Coup Blanc : Coup Blanc : Coup Blanc : Coup Blanc : Coup Blanc : Coup Blanc : Coup Blanc : Coup Blanc : Coup Blanc : Coup Blanc : Coup Blanc : Coup Blanc : Coup Blanc : Coup Blanc : Coup Blanc : Coup Blanc : Coup Blanc : Coup Blanc : Coup Blanc : Coup Blanc : Coup Blanc : Coup Blanc : Coup Blanc : Coup Blanc : Coup Blanc : Coup Blanc : Coup Blanc : Coup Blanc : Coup Blanc : Coup Blanc : Coup Blanc : Coup Blanc : Coup Blanc : Coup Blanc : Coup Blanc : Coup Blanc : Coup Blanc : Coup Blanc : Coup Blanc : Coup Blanc : Coup Blanc : Coup Blanc : Coup Blanc : Coup Blanc : Coup Blanc : Coup Blanc : Coup Blanc : Coup Blanc : Coup Blanc : Coup Blanc : Coup Blanc : Coup Blanc : Coup Blanc : Coup Blanc : Coup Blanc : Coup Blanc : Coup Blanc : Coup Blanc : Coup Blanc : Coup Blanc : Coup Blanc : Coup Blanc : Coup Blanc : Coup Blanc : Coup Blanc : Coup Blanc : Coup Blanc : Coup Blanc : Coup Blanc : Coup Blanc : Coup Blanc : Coup Blanc : Coup Blanc : Coup Blanc : Coup Blanc : Coup Blanc : Coup Blanc : Coup Blanc : Coup Blanc : Coup Blanc : Coup Blanc : Coup Blanc : Coup Blanc : Coup Blanc : Coup Blanc : Coup Blanc : Coup Blanc : Coup Blanc : Coup Blanc : Coup Blanc : Coup Blanc : Coup Blanc : Coup Blanc : Coup Blanc : Coup Blanc : Coup Blanc : Coup Blanc : Coup Blanc : Coup Blanc : Coup Blanc : Coup Blanc : Coup Blanc : Coup Blanc : Coup Blanc : Coup Blanc : Coup Blanc : Coup Blanc : Coup Blanc : Coup Blanc : Coup Blanc : Coup Blanc : Coup Blanc : Coup Blanc : Coup Blanc : Coup Blanc : Coup Blanc : Coup Blanc : Coup Blanc : Coup Blanc : Coup Blanc : Coup Blanc : Coup Blanc : Coup Blanc : Coup Blanc : Coup Blanc : Coup Blanc : Coup Blanc : Coup Blanc : Coup Blanc : Coup Blanc : Coup Blanc : Coup Blanc : Coup Blanc : Coup Blanc : Coup Blanc : Coup Blanc : Coup Blanc : Coup Blanc : Coup Blanc : Coup Blanc : Coup Blanc : Coup Blanc : Coup Blanc : Coup Blanc : Coup Blanc : Coup Blanc : Coup Blanc : Coup Blanc : Coup Blanc : Coup Blanc : Coup Blanc : Coup Blanc : Coup Blanc : Coup Blanc : Coup Blanc : Coup Blanc : Coup Blanc : Coup Blanc : Coup Blanc : Coup Blanc : Coup Blanc : Coup Blanc : Coup Blanc : Coup Blanc : Coup Blanc : Coup Blanc : Coup Blanc : Coup Blanc : Coup Blanc : Coup Blanc : Coup Blanc : Coup Blanc : Coup Blanc : Coup Blanc : Coup Blanc : Coup Blanc : Coup Blanc : Coup Blanc : Coup Blanc : Coup Blanc : Coup Blanc : Coup Blanc : Coup Blanc : Coup Blanc : Coup Blanc : Coup Blanc : Coup Blanc : Coup Blanc : Coup Blanc : Coup Blanc : Coup Blanc : Coup Blanc : Coup Blanc : Coup Blanc : Coup Blanc : Coup Blanc : Coup Blanc : Coup Blanc : Coup Blanc : Coup Blanc : Coup Blanc : Coup Blanc : Coup Blanc : Coup Blanc : Coup Blanc : Coup Blanc : Coup Blanc : Coup Blanc : Coup Blanc : Coup Blanc : Coup Blanc : Coup Blanc : Coup Blanc : Coup Blanc : Coup Blanc : Coup Blanc : Coup Blanc : Coup Blanc : Coup Blanc : Coup Blanc : Coup Blanc : Coup Blanc : Coup Blanc : Coup Blanc : Coup Blanc : Coup Blanc : Coup Blanc : Coup Blanc : Coup Blanc : Coup Blanc : Coup Blanc : Coup Blanc : Coup Blanc : Coup Blanc : Coup Blanc : Coup Blanc : Coup Blanc : Coup Blanc : Coup Blanc : Coup Blanc : Coup Blanc : Coup Blanc : Coup Blanc : Coup Blanc : Coup Blanc : Coup Blanc : Coup Blanc : Coup Blanc : Coup Blanc : Coup Blanc : Coup Blanc : Coup Blanc : Coup Blanc : Coup Blanc : Coup Blanc : Coup Blanc : Coup Blanc : Coup Blanc : Coup Blanc : Coup Blanc : Coup Blanc : Coup Blanc : Coup Blanc : Coup Blanc : Coup Blanc : Coup Blanc : Coup Blanc : Coup Blanc : Coup Blanc : Coup Blanc : Coup Blanc : Coup Blanc : Coup Blanc : Coup Blanc : Coup Blanc : Coup Blanc : Coup Blanc : Coup Blanc : Coup Blanc : Coup Blanc : Coup Blanc : Coup Blanc : Coup Blanc : Coup Blanc : Coup Blanc : Coup Blanc : Coup Blanc : Coup Blanc : Coup Blanc : Coup Blanc : Coup Blanc : Coup Blanc : Coup Blanc : Coup Blanc : Coup Blanc : Coup Blanc : Coup Blanc : Coup Blanc : Coup Blanc : Coup Blanc : Coup Blanc : Coup Blanc : Coup Blanc : Coup Blanc : Coup Blanc : Coup Blanc : Coup Blanc : Coup Blanc : Coup Blanc : Coup Blanc : Coup Blanc : Coup Blanc : Coup Blanc : Coup Blanc : Coup Blanc : Coup Blanc : Coup Blanc : Coup Blanc : Coup Blanc : Coup Blanc : Coup Blanc : Coup Blanc : Coup Blanc : Coup Blanc : Coup Blanc : Coup Blanc : Coup Blanc : Coup Blanc : Coup Blanc : Coup Blanc : Coup Blanc : Coup Blanc : Coup Blanc : Coup Blanc : Coup Blanc : Coup Blanc : Coup Blanc : Coup Blanc : Coup Blanc : Coup Blanc : Coup Blanc : Coup Blanc : Coup Blanc : Coup Blanc : Coup Blanc : Coup Blanc : Coup Blanc : Coup Blanc : Coup Blanc : Coup Blanc : Coup Blanc : Coup Blanc : Coup Blanc : Coup Blanc : Coup Blanc : Coup Blanc : Coup Blanc : Coup Blanc : Coup Blanc : Coup Blanc : Coup Blanc : Coup Blanc : Coup Blanc : Coup Blanc : Coup Blanc : Coup Blanc : Coup Blanc : Coup Blanc : Coup Blanc : Coup Blanc : Coup Blanc : Coup Blanc : Coup Blanc : Coup Blanc : Coup Blanc : Coup Blanc : Coup Blanc : Coup Blanc : Coup Blanc : Coup Blanc : Coup Blanc : Coup Blanc : Coup Blanc : Coup Blanc : Coup Blanc : Coup Blanc : Coup Blanc : Coup Blanc : Coup Blanc : Coup Blanc : Coup Blanc : Coup Blanc : Coup Blanc : Coup Blanc : Coup Blanc : Coup Blanc : Coup Blanc : Coup Blanc : Coup Blanc : Coup Blanc : Coup Blanc : Coup Blanc : Coup Blanc : Coup Blanc : Coup Blanc : Coup Blanc : Coup Blanc : Coup Blanc : Coup Blanc : Coup Blanc : Coup Blanc : Coup Blanc : Coup Blanc : Coup Blanc : Coup Blanc : Coup Blanc : Coup Blanc : Coup Blanc : Coup Blanc : Coup Blanc : Coup Blanc : Coup Blanc : Coup Blanc : Coup Blanc : Coup Blanc : Coup Blanc : Coup Blanc : Coup Blanc : Coup Blanc : Coup Blanc : Coup Blanc : Coup Blanc : Coup Blanc : Coup Blanc : Coup Blanc : Coup Blanc : Coup Blanc : Coup Blanc : Coup Blanc : Coup Blanc : Coup Blanc : Coup Blanc : Coup Blanc : Coup Blanc : Coup Blanc : Coup Blanc : Coup Blanc : Coup Blanc : Coup Blanc : Coup Blanc : Coup Blanc : Coup Blanc : Coup Blanc : Coup Blanc : Coup Blanc : Coup Blanc : Coup Blanc : Coup Blanc : Coup Blanc : Coup Blanc : Coup Blanc : Coup Blanc : Coup Blanc : Coup Blanc : Coup Blanc : Coup Blanc : Coup Blanc : Coup Blanc : Coup Blanc : Coup Blanc : Coup Blanc : Coup Blanc : Coup Blanc : Coup Blanc : Coup Blanc : Coup Blanc : Coup Blanc : Coup Blanc : Coup Blanc : Coup Blanc : Coup Blanc : Coup Blanc : Coup Blanc : Coup Blanc : Coup Blanc : Coup Blanc : Coup Blanc : Coup Blanc : Coup Blanc : Coup Blanc : Coup Blanc : Coup Blanc : Coup Blanc : Coup Blanc : Coup Blanc : Coup Blanc : Coup Blanc : Coup Blanc : Coup Blanc : Coup Blanc : Coup Blanc : Coup Blanc : Coup Blanc : Coup Blanc : Coup Blanc : Coup Blanc : Coup Blanc : Coup Blanc : Coup Blanc : Coup Blanc : Coup Blanc : Coup Blanc : Coup Blanc : Coup Blanc : Coup Blanc : Coup Blanc : Coup Blanc : Coup Blanc : Coup Blanc : Coup Blanc : Coup Blanc : Coup Blanc : Coup Blanc : Coup Blanc : Coup Blanc : Coup Blanc : Coup Blanc : Coup Blanc : Coup Blanc : Coup Blanc : Coup Blanc : Coup Blanc : Coup Blanc : Coup Blanc : Coup Blanc : Coup Blanc : Coup Blanc : Coup Blanc : Coup Blanc : Coup Blanc : Coup Blanc : Coup Blanc : Coup Blanc : Coup Blanc : Coup Blanc : Coup Blanc : Coup Blanc : Coup Blanc : Coup Blanc : Coup Blanc : Coup Blanc : Coup Blanc : Coup Blanc : Coup Blanc : Coup Blanc : Coup Blanc : Coup Blanc : Coup Blanc : Coup Blanc : Coup Blanc : Coup Blanc : Coup Blanc : Coup Blanc : Coup Blanc : Coup Blanc : Coup Blanc : Coup Blanc : Coup Blanc : Coup Blanc : Coup Blanc : Coup Blanc : Coup Blanc : Coup Blanc : Coup Blanc : Coup Blanc : Coup Blanc : Coup Blanc : Coup Blanc : Coup Blanc : Coup Blanc : Coup Blanc : Coup Blanc : Coup Blanc : Coup Blanc : Coup Blanc : Coup Blanc : Coup Blanc : Coup Blanc : Coup Blanc : Coup Blanc : Coup Blanc : Coup Blanc : Coup Blanc : Coup Blanc : Coup Blanc : Coup Blanc : Coup Blanc : Coup Blanc : Coup Blanc : Coup Blanc : Coup Blanc : Coup Blanc : Coup Blanc : Coup Blanc : Coup Blanc : Coup Blanc : Coup Blanc : Coup Blanc : Coup Blanc : Coup Blanc : Coup Blanc : Coup Blanc : Coup Blanc : Coup Blanc : Coup Blanc : Coup Blanc : Coup Blanc : Coup Blanc : Coup Blanc : Coup Blanc : Coup Blanc : Coup Blanc : Coup Blanc : Coup Blanc : Coup Blanc : Coup Blanc : Coup Blanc : Coup Blanc : Coup Blanc : Coup Blanc : Coup Blanc : Coup Blanc : Coup Blanc : Coup Blanc : Coup Blanc : Coup Blanc : Coup Blanc : Coup Blanc : Coup Blanc : Coup Blanc : Coup Blanc : Coup Blanc : Coup Blanc : Coup Blanc : Coup Blanc : Coup Blanc : Coup Blanc : Coup Blanc : Coup Blanc : Coup Blanc : Coup Blanc : Coup Blanc : Coup Blanc : Coup Blanc : Coup Blanc : Coup Blanc : Coup Blanc : Coup Blanc : Coup Blanc : Coup Blanc : Coup Blanc : Coup Blanc : Coup Blanc : Coup Blanc : Coup Blanc : Coup Blanc : Coup Blanc : Coup Blanc : Coup Blanc : Coup Blanc : Coup Blanc : Coup Blanc : Coup Blanc : Coup Blanc : Coup Blanc : Coup Blanc : Coup Blanc : Coup Blanc : Coup Blanc : Coup Blanc : Coup Blanc : Coup Blanc : Coup Blanc : Coup Blanc : Coup Blanc : Coup Blanc : Coup Blanc : Coup Blanc : Coup Blanc : Coup Blanc : Coup Blanc : Coup Blanc : Coup Blanc : Coup Blanc : Coup Blanc : Coup Blanc : Coup Blanc : Coup Blanc : Coup Blanc : Coup Blanc : Coup Blanc : Coup Blanc : Coup Blanc : Coup Blanc : Coup Blanc : Coup Blanc : Coup Blanc : Coup Blanc : Coup Blanc : Coup Blanc : Coup Blanc : Coup Blanc : Coup Blanc : Coup Blanc : Coup Blanc : Coup Blanc : Coup Blanc : Coup Blanc : Coup Blanc : Coup Blanc : Coup Blanc : Coup Blanc : Coup Blanc : Coup Blanc : Coup Blanc : Coup Blanc : Coup Blanc : Coup Blanc : Coup Blanc : Coup Blanc : Coup Blanc : Coup Blanc : Coup Blanc : Coup Blanc : Coup Blanc : Coup Blanc : Coup Blanc : Coup Blanc : Coup Blanc : Coup Blanc : Coup Blanc : Coup Blanc : Coup Blanc : Coup Blanc : Coup Blanc : Coup Blanc : Coup Blanc : Coup Blanc : Coup Blanc : Coup Blanc : Coup Blanc : Coup Blanc : Coup Blanc : Coup Blanc : Coup Blanc : Coup Blanc : Coup Blanc : Coup Blanc : Coup Blanc : Coup Blanc : Coup Blanc : Coup Blanc : Coup Blanc : Coup Blanc : Coup Blanc : Coup Blanc : Coup Blanc : Coup Blanc : Coup Blanc : Coup Blanc : Coup Blanc : Coup Blanc : Coup Blanc : Coup Blanc : Coup Blanc : Coup Blanc : Coup Blanc : Coup Blanc : Coup Blanc : Coup Blanc : Coup Blanc : Coup Blanc : Coup Blanc : Coup Blanc : Coup Blanc : Coup Blanc : Coup Blanc : Coup Blanc : Coup Blanc : Coup Blanc : Coup Blanc : Coup Blanc : Coup Blanc : Coup Blanc : Coup Blanc : Coup Blanc : Coup Blanc : Coup Blanc : Coup Blanc : Coup Blanc : Coup Blanc : Coup Blanc : Coup Blanc : Coup Blanc : Coup Blanc : Coup Blanc : Coup Blanc : Coup Blanc : Coup Blanc : Coup Blanc : Coup Blanc : Coup Blanc : Coup Blanc : Coup Blanc : Coup Blanc : Coup Blanc : Coup Blanc : Coup Blanc : Coup Blanc : Coup Blanc : Coup Blanc : Coup Blanc : Coup Blanc : Coup Blanc : Coup Blanc : Coup Blanc : Coup Blanc : Coup Blanc : Coup Blanc : Coup Blanc : Coup Blanc : Coup Blanc : Coup Blanc : Coup Blanc : Coup Blanc : Coup Blanc : Coup Blanc : Coup Blanc : Coup Blanc : Coup Blanc : Coup Blanc : Coup Blanc : Coup Blanc : Coup Blanc : Coup Blanc : Coup Blanc : Coup Blanc : Coup Blanc : Coup Blanc : Coup Blanc : Coup Blanc : Coup Blanc : Coup Blanc : Coup Blanc : Coup Blanc : Coup Blanc : Coup Blanc : Coup Blanc : Coup Blanc : Coup Blanc : Coup Blanc : Coup Blanc : Coup Blanc : Coup Blanc : Coup Blanc : Coup Blanc : Coup Blanc : Coup Blanc : Coup Blanc : Coup Blanc : Coup Blanc : Coup Blanc : Coup Blanc : Coup Blanc : Coup Blanc : Coup Blanc : Coup Blanc : Coup Blanc : Coup Blanc : Coup Blanc : Coup Blanc : Coup Blanc : Coup Blanc : Coup Blanc : Coup Blanc : Coup Blanc : Coup Blanc : Coup Blanc : Coup Blanc : Coup Blanc : Coup Blanc : Coup Blanc : Coup Blanc : Coup Blanc : Coup Blanc : Coup Blanc : Coup Blanc : Coup Blanc : Coup Blanc : Coup Blanc : Coup Blanc : Coup Blanc : Coup Blanc : Coup Blanc : Coup Blanc : Coup Blanc : Coup Blanc : Coup Blanc : Coup Blanc : Coup Blanc : Coup Blanc : Coup Blanc : Coup Blanc : Coup Blanc : Coup Blanc : Coup Blanc : Coup Blanc : Coup Blanc : Coup Blanc : Coup Blanc : Coup Blanc : Coup Blanc : Coup Blanc : Coup Blanc : Coup Blanc : Coup Blanc : Coup Blanc : Coup Blanc : Coup Blanc : Coup Blanc : Coup Blanc : Coup Blanc : Coup Blanc : Coup Blanc : Coup Blanc : Coup Blanc : Coup Blanc : Coup Blanc : Coup Blanc : Coup Blanc : Coup Blanc : Coup Blanc : Coup Blanc : Coup Blanc : Coup Blanc : Coup Blanc : Coup Blanc : Coup Blanc : Coup Blanc : Coup Blanc : Coup Blanc : Coup Blanc : Coup Blanc : Coup Blanc : Coup Blanc : Coup Blanc : Coup Blanc : Coup Blanc : Coup Blanc : Coup Blanc : Coup Blanc : Coup Blanc : Coup Blanc : Coup Blanc : Coup Blanc : Coup Blanc : Coup Blanc : Coup Blanc : Coup Blanc : Coup Blanc : Coup Blanc : Coup Blanc : Coup Blanc : Coup Blanc : Coup Blanc : Coup Blanc : Coup Blanc : Coup Blanc : Coup Blanc : Coup Blanc : Coup Blanc : Coup Blanc : Coup Blanc : Coup Blanc : Coup Blanc : Coup Blanc : Coup Blanc : Coup Blanc : Coup Blanc : Coup Blanc : Coup Blanc : Coup Blanc : Coup Blanc : Coup Blanc : Coup Blanc : Coup Blanc : Coup Blanc : Coup Blanc : Coup Blanc : Coup Blanc : Coup Blanc : Coup Blanc : Coup Blanc : Coup Blanc : Coup Blanc : Coup Blanc : Coup Blanc : Coup Blanc : Coup Blanc : Coup Blanc : Coup Blanc : Coup Blanc : Coup Blanc : Coup Blanc : Coup Blanc : Coup Blanc : Coup Blanc : Coup Blanc : Coup Blanc : Coup Blanc : Coup Blanc : Coup Blanc : Coup Blanc : Coup Blanc : Coup Blanc : Coup Blanc : Coup Blanc : Coup Blanc : Coup Blanc : Coup Blanc : Coup Blanc : Coup Blanc : Coup Blanc : Coup Blanc : Coup Blanc : Coup Blanc : Coup Blanc : Coup Blanc : Coup Blanc : Coup Blanc : Coup Blanc : Coup Blanc : Coup Blanc : Coup Blanc : Coup Blanc : Coup Blanc : Coup Blanc : Coup Blanc : Coup Blanc : Coup Blanc : Coup Blanc : Coup Blanc : Coup Blanc : Coup Blanc : Coup Blanc : Coup Blanc : Coup Blanc : Coup Blanc : Coup Blanc : Coup Blanc : Coup Blanc : Coup Blanc : Coup Blanc : Coup Blanc : Coup Blanc : Coup Blanc : Coup Blanc : Coup Blanc : Coup Blanc : Coup Blanc : Coup Blanc : Coup Blanc : Coup Blanc : Coup Blanc : Coup Blanc : Coup Blanc : Coup Blanc : Coup Blanc : Coup Blanc : Coup Blanc : Coup Blanc : Coup Blanc : Coup Blanc : Coup Blanc : Coup Blanc : Coup Blanc : Coup Blanc : Coup Blanc : Coup Blanc : Coup Blanc : Coup Blanc : Coup Blanc : Coup Blanc : Coup Blanc : Coup Blanc : Coup Blanc : Coup Blanc : Coup Blanc : Coup Blanc : Coup Blanc : Coup Blanc : Coup Blanc : Coup Blanc : Coup Blanc : Coup Blanc : Coup Blanc : Coup Blanc : Coup Blanc : Coup Blanc : Coup Blanc : Coup Blanc : Coup Blanc : Coup Blanc : Coup Blanc : Coup Blanc : Coup Blanc : Coup Blanc : Coup Blanc : Coup Blanc : Coup Blanc : Coup Blanc : Coup Blanc : Coup Blanc : Coup Blanc : Coup Blanc : Coup Blanc : Coup Blanc : Coup Blanc : Coup Blanc : Coup Blanc : Coup Blanc : Coup Blanc : Coup Blanc : Coup Blanc : Coup Blanc : Coup Blanc : Coup Blanc : Coup Blanc : Coup Blanc : Coup Blanc : Coup Blanc : Coup Blanc : Coup Blanc : Coup Blanc : Coup Blanc : Coup Blanc : Coup Blanc : Coup Blanc : Coup Blanc : Coup Blanc : Coup Blanc : Coup Blanc : Coup Blanc : Coup Blanc : Coup Blanc : Coup Blanc : Coup Blanc : Coup Blanc : Coup Blanc : Coup Blanc : Coup Blanc : Coup Blanc : Coup Blanc : Coup Blanc : Coup Blanc : Coup Blanc : Coup Blanc : Coup Blanc : Coup Blanc : Coup Blanc : Coup Blanc : Coup Blanc : Coup Blanc : Coup Blanc : Coup Blanc : Coup Blanc : Coup Blanc : Coup Blanc : Coup Blanc : Coup Blanc : Coup Blanc : Coup Blanc : Coup Blanc : Coup Blanc : Coup Blanc : Coup Blanc : Coup Blanc : Coup Blanc : Coup Blanc : Coup Blanc : Coup Blanc : Coup Blanc : Coup Blanc : Coup Blanc : Coup Blanc : Coup Blanc : Coup Blanc : Coup Blanc : Coup Blanc : Coup Blanc : Coup Blanc : Coup Blanc : Coup Blanc : Coup Blanc : Coup Blanc : Coup Blanc : Coup Blanc : Coup Blanc : Coup Blanc : Coup Blanc : Coup Blanc : Coup Blanc : Coup Blanc : Coup Blanc : Coup Blanc : Coup Blanc : Coup Blanc : Coup Blanc : Coup Blanc : Coup Blanc : Coup Blanc : Coup Blanc : Coup Blanc : Coup Blanc : Coup Blanc : Coup Blanc : Coup Blanc : Coup Blanc : Coup Blanc : Coup Blanc : Coup Blanc : Coup Blanc : Coup Blanc : Coup Blanc : Coup Blanc : Coup Blanc : Coup Blanc : Coup Blanc : Coup Blanc : Coup Blanc : Coup Blanc : Coup Blanc : Coup Blanc : Coup Blanc : Coup Blanc : Coup Blanc : Coup Blanc : Coup Blanc : Coup Blanc : Coup Blanc : Coup Blanc : Coup Blanc : Coup Blanc : Coup Blanc : Coup Blanc : Coup Blanc : Coup Blanc : Coup Blanc : Coup Blanc : Coup Blanc : Coup Blanc : Coup Blanc : Coup Blanc : Coup Blanc : Coup Blanc : Coup Blanc : Coup Blanc : Coup Blanc : Coup Blanc : Coup Blanc : Coup Blanc : Coup Blanc : Coup Blanc : Coup Blanc : Coup Blanc : Coup Blanc : Coup Blanc : Coup Blanc : Coup Blanc : Coup Blanc : Coup Blanc : Coup Blanc : Coup Blanc : Coup Blanc : Coup Blanc : Coup Blanc : Coup Blanc : Coup Blanc : Coup Blanc : Coup Blanc : Coup Blanc : Coup Blanc : Coup Blanc : Coup Blanc : Coup Blanc : Coup Blanc : Coup Blanc : Coup Blanc : Coup Blanc : Coup Blanc : Coup Blanc : Coup Blanc : Coup Blanc : Coup Blanc : Coup Blanc : Coup Blanc : Coup Blanc : Coup Blanc : Coup Blanc : Coup Blanc : Coup Blanc : Coup Blanc : Coup Blanc : Coup Blanc : Coup Blanc : Coup Blanc : Coup Blanc : Coup Blanc : Coup Blanc : Coup Blanc : Coup Blanc : Coup Blanc : Coup Blanc : Coup Blanc : Coup Blanc : Coup Blanc : Coup Blanc : Coup Blanc : Coup Blanc : Coup Blanc : Coup Blanc : Coup Blanc : Coup Blanc : Coup Blanc : Coup Blanc : Coup Blanc : Coup Blanc : Coup Blanc : Coup Blanc : Coup Blanc : Coup Blanc : Coup Blanc : Coup Blanc : Coup Blanc : Coup Blanc : Coup Blanc : Coup Blanc : Coup Blanc : Coup Blanc : Coup Blanc : Coup Blanc : Coup Blanc : Coup Blanc : Coup Blanc : Coup Blanc : Coup Blanc : Coup Blanc : Coup Blanc : Coup Blanc : Coup Blanc : Coup Blanc : Coup Blanc : Coup Blanc : Coup Blanc : Coup Blanc : Coup Blanc : Coup Blanc : Coup Blanc : Coup Blanc : Coup Blanc : Coup Blanc : Coup Blanc : Coup Blanc : Coup Blanc : Coup Blanc : Coup Blanc : Coup Blanc : Coup Blanc : Coup Blanc : Coup Blanc : Coup Blanc : Coup Blanc : Coup Blanc : Coup Blanc : Coup Blanc : Coup Blanc : Coup Blanc : Coup Blanc : Coup Blanc : Coup Blanc : Coup Blanc : Coup Blanc : Coup Blanc : Coup Blanc : Coup Blanc : Coup Blanc : Coup Blanc : Coup Blanc : Coup Blanc : Coup Blanc : Coup Blanc : Coup Blanc : Coup Blanc : Coup Blanc : Coup Blanc : Coup Blanc : Coup Blanc : Coup Blanc : Coup Blanc : Coup Blanc : Coup Blanc : Coup Blanc : Coup Blanc : Coup Blanc : Coup Blanc : Coup Blanc : Coup Blanc : Coup Blanc : Coup Blanc : Coup Blanc : Coup Blanc : Coup Blanc : Coup Blanc : Coup Blanc : Coup Blanc : Coup Blanc : Coup Blanc : Coup Blanc : Coup Blanc : Coup Blanc : Coup Blanc : Coup Blanc : Coup Blanc : Coup Blanc : Coup Blanc : Coup Blanc : Coup Blanc : Coup Blanc : Coup Blanc : Coup Blanc : Coup Blanc : Coup Blanc : Coup Blanc : Coup Blanc : Coup Blanc : Coup Blanc : Coup Blanc : Coup Blanc : Coup Blanc : Coup Blanc : Coup Blanc : Coup Blanc : Coup Blanc : Coup Blanc : Coup Blanc : Coup Blanc : Coup Blanc : Coup Blanc : Coup Blanc : Coup Blanc : Coup Blanc : Coup Blanc : Coup Blanc : Coup Blanc : Coup Blanc : Coup Blanc : Coup Blanc : Coup Blanc : Coup Blanc : Coup Blanc : Coup Blanc : Coup Blanc : Coup Blanc : Coup Blanc : Coup Blanc : Coup Blanc : Coup Blanc : Coup Blanc : Coup Blanc : Coup Blanc : Coup Blanc : Coup Blanc : Coup Blanc : Coup Blanc : Coup Blanc : Coup Blanc : Coup Blanc : Coup Blanc : Coup Blanc : Coup Blanc : Coup Blanc : Coup Blanc : Coup Blanc : Coup Blanc : Coup Blanc : Coup Blanc : Coup Blanc : Coup Blanc : Coup Blanc : Coup Blanc : Coup Blanc : Coup Blanc : Coup Blanc : Coup Blanc : Coup Blanc : Coup Blanc : Coup Blanc : Coup Blanc : Coup Blanc : Coup Blanc : Coup Blanc : Coup Blanc : Coup Blanc : Coup Blanc : Coup Blanc : Coup Blanc : Coup Blanc : Coup Blanc : Coup Blanc : Coup Blanc : Coup Blanc : Coup Blanc : Coup Blanc : Coup Blanc : Coup Blanc : Coup Blanc : Coup Blanc : Coup Blanc : Coup Blanc : Coup Blanc : Coup Blanc : Coup Blanc : Coup Blanc : Coup Blanc : Coup Blanc : Coup Blanc : Coup Blanc : Coup Blanc : Coup Blanc : Coup Blanc : Coup Blanc : Coup Blanc : Coup Blanc : Coup Blanc : Coup Blanc : Coup Blanc : Coup Blanc : Coup Blanc : Coup Blanc : Coup Blanc : Coup Blanc : Coup Blanc : Coup Blanc : Coup Blanc : Coup Blanc : Coup Blanc : Coup Blanc : Coup Blanc : Coup Blanc : Coup Blanc : Coup Blanc : Coup Blanc : Coup Blanc : Coup Blanc : Coup Blanc : Coup Blanc : Coup Blanc : Coup Blanc : Coup Blanc : Coup Blanc : Coup Blanc : Coup Blanc : Coup Blanc : Coup Blanc : Coup Blanc : Coup Blanc : Coup Blanc : Coup Blanc : Coup Blanc : Coup Blanc : Coup Blanc : Coup Blanc : Coup Blanc : Coup Blanc : Coup Blanc : Coup Blanc : Coup Blanc : Coup Blanc : Coup Blanc : Coup Blanc : Coup Blanc : Coup Blanc : Coup Blanc : Coup Blanc : Coup Blanc : Coup Blanc : Coup Blanc : Coup Blanc : Coup Blanc : Coup Blanc : Coup Blanc : Coup Blanc : Coup Blanc : Coup Blanc : Coup Blanc : Coup Blanc : Coup Blanc : Coup Blanc : Coup Blanc : Coup Blanc : Coup Blanc : Coup Blanc : Coup Blanc : Coup Blanc : Coup Blanc : Coup Blanc : Coup Blanc : Coup Blanc : Coup Blanc : Coup Blanc : Coup Blanc : Coup Blanc : Coup Blanc : Coup Blanc : Coup Blanc : Coup Blanc : Coup Blanc : Coup Blanc : Coup Blanc : Coup Blanc : Coup Blanc : Coup Blanc : Coup Blanc : Coup Blanc : Coup Blanc : Coup Blanc : Coup Blanc : Coup Blanc : Coup Blanc : Coup Blanc : Coup Blanc : Coup Blanc : Coup Blanc : Coup Blanc : Coup Blanc : Coup Blanc : Coup Blanc : Coup Blanc : Coup Blanc : Coup Blanc : Coup Blanc : Coup Blanc : Coup Blanc : Coup Blanc : Coup Blanc : Coup Blanc : Coup Blanc : Coup Blanc : Coup Blanc : Coup Blanc : Coup Blanc : Coup Blanc : Coup Blanc : Coup Blanc : Coup Blanc : Coup Blanc : Coup Blanc : Coup Blanc : Coup Blanc : Coup Blanc : Coup Blanc : Coup Blanc : Coup Blanc : Coup Blanc : Coup Blanc : Coup Blanc : Coup Blanc : Coup Blanc : Coup Blanc : Coup Blanc : Coup Blanc : Coup Blanc : Coup Blanc : Coup Blanc : Coup Blanc : Coup Blanc : Coup Blanc : Coup Blanc : Coup Blanc : Coup Blanc : Coup Blanc : Coup Blanc : Coup Blanc : Coup Blanc : Coup Blanc : Coup Blanc : Coup Blanc : Coup Blanc : Coup Blanc : Coup Blanc : Coup Blanc : Coup Blanc : Coup Blanc : Coup Blanc : Coup Blanc : Coup Blanc : Coup Blanc : Coup Blanc : Coup Blanc : Coup Blanc : Coup Blanc : Coup Blanc : Coup Blanc : Coup Blanc : Coup Blanc : Coup Blanc : Coup Blanc : Coup Blanc : Coup Blanc : Coup Blanc : Coup Blanc : Coup Blanc : Coup Blanc : Coup Blanc : Coup Blanc : Coup Blanc : Coup Blanc : Coup Blanc : Coup Blanc : Coup Blanc : Coup Blanc : Coup Blanc : Coup Blanc : Coup Blanc : Coup Blanc : Coup Blanc : Coup Blanc : Coup Blanc : Coup Blanc : Coup Blanc : Coup Blanc : Coup Blanc : Coup Blanc : Coup Blanc : Coup Blanc : Coup Blanc : Coup Blanc : Coup Blanc : Coup Blanc : Coup Blanc : Coup Blanc : Coup Blanc : Coup Blanc : Coup Blanc : Coup Blanc : Coup Blanc : Coup Blanc : Coup Blanc : Coup Blanc : Coup Blanc : Coup Blanc : Coup Blanc : Coup Blanc : Coup Blanc : Coup Blanc : Coup Blanc : Coup Blanc : Coup Blanc : Coup Blanc : Coup Blanc : Coup Blanc : Coup Blanc : Coup Blanc : Coup Blanc : Coup Blanc : Coup Blanc : Coup Blanc : Coup Blanc : Coup Blanc : Coup Blanc : Coup Blanc : Coup Blanc : Coup Blanc : Coup Blanc : Coup Blanc : Coup Blanc : Coup Blanc : Coup Blanc : Coup Blanc : Coup Blanc : Coup Blanc : Coup Blanc : Coup Blanc : Coup Blanc : Coup Blanc : Coup Blanc : Coup Blanc : Coup Blanc : Coup Blanc : Coup Blanc : Coup Blanc : Coup Blanc : Coup Blanc : Coup Blanc : Coup Blanc : Coup Blanc : Coup Blanc : Coup Blanc : Coup Blanc : Coup Blanc : Coup Blanc : Coup Blanc : Coup Blanc : Coup Blanc : Coup Blanc : Coup Blanc : Coup Blanc : Coup Blanc : Coup Blanc : Coup Blanc : Coup Blanc : Coup Blanc : Coup Blanc : Coup Blanc : Coup Blanc : Coup Blanc : Coup Blanc : Coup Blanc : Coup Blanc : Coup Blanc : Coup Blanc : Coup Blanc : Coup Blanc : Coup Blanc : Coup Blanc : Coup Blanc : Coup Blanc : Coup Blanc : Coup Blanc : Coup Blanc : Coup Blanc : Coup Blanc : Coup Blanc : Coup Blanc : Coup Blanc : Coup Blanc : Coup Blanc : Coup Blanc : Coup Blanc : Coup Blanc : Coup Blanc : Coup Blanc : Coup Blanc : Coup Blanc : Coup Blanc : Coup Blanc : Coup Blanc : Coup Blanc : Coup Blanc : Coup Blanc : Coup Blanc : Coup Blanc : Coup Blanc : Coup Blanc : Coup Blanc : Coup Blanc : Coup Blanc : Coup Blanc : Coup Blanc : Coup Blanc : Coup Blanc : Coup Blanc : Coup Blanc : Coup Blanc : Coup Blanc : Coup Blanc : Coup Blanc : Coup Blanc : Coup Blanc : Coup Blanc : Coup Blanc : Coup Blanc : Coup Blanc : Coup Blanc : Coup Blanc : Coup Blanc : Coup Blanc : Coup Blanc : Coup Blanc : Coup Blanc : Coup Blanc : Coup Blanc : Coup Blanc : Coup Blanc : Coup Blanc : Coup Blanc : Coup Blanc : Coup Blanc : Coup Blanc : Coup Blanc : Coup Blanc : Coup Blanc : Coup Blanc : Coup Blanc : Coup Blanc : Coup Blanc : Coup Blanc : Coup Blanc : Coup Blanc : Coup Blanc : Coup Blanc : Coup Blanc : Coup Blanc : Coup Blanc : Coup Blanc : Coup Blanc : Coup Blanc : Coup Blanc : Coup Blanc : Coup Blanc : Coup Blanc : Coup Blanc : Coup Blanc : Coup Blanc : Coup Blanc : Coup Blanc : Coup Blanc : Coup Blanc : Coup Blanc : Coup Blanc : Coup Blanc : Coup Blanc : Coup Blanc : Coup Blanc : Coup Blanc : Coup Blanc : Coup Blanc : Coup Blanc : Coup Blanc : Coup Blanc : Coup Blanc : Coup Blanc : Coup Blanc : Coup Blanc : Coup Blanc : Coup Blanc : Coup Blanc : Coup Blanc : Coup Blanc : Coup Blanc : Coup Blanc : Coup Blanc : Coup Blanc : Coup Blanc : Coup Blanc : Coup Blanc : Coup Blanc : Coup Blanc : Coup Blanc : Coup Blanc : Coup Blanc : Coup Blanc : Coup Blanc : Coup Blanc : Coup Blanc : Coup Blanc : Coup Blanc : Coup Blanc : Coup Blanc : Coup Blanc : Coup Blanc : Coup Blanc : Coup Blanc : Coup Blanc : Coup Blanc : Coup Blanc : Coup Blanc : Coup Blanc : Coup Blanc : Coup Blanc : Coup Blanc : Coup Blanc : Coup Blanc : Coup Blanc : Coup Blanc : Coup Blanc : Coup Blanc : Coup Blanc : Coup Blanc : Coup Blanc : Coup Blanc : Coup Blanc : Coup Blanc : Coup Blanc : Coup Bl